../Core/Src/app.c:159:6:appInit	8	static
../Core/Src/app.c:187:6:initTasks	8	static
../Core/Src/app.c:212:6:initTimers	8	static
../Core/Src/app.c:235:6:initSempahores	8	static
../Core/Src/app.c:259:6:initMutexes	8	static
../Core/Src/app.c:274:6:initEventFlags	8	static
../Core/Src/app.c:290:6:startTimers	16	static
../Core/Src/app.c:309:6:lcdInit	8	static
../Core/Src/app.c:322:6:updateVehicleSpeedData	24	static
../Core/Src/app.c:350:6:updateVehicleDirectionData	24	static
../Core/Src/app.c:391:18:getGyroRateOfRotation	16	static
../Core/Src/app.c:440:18:determineVehicleDirection	24	static
../Core/Src/app.c:471:9:getVehicleSpeed	16	static
../Core/Src/app.c:493:6:getVehicleDirection	24	static
../Core/Src/app.c:514:6:checkForVehicleSpeedViolation	24	static
../Core/Src/app.c:533:6:checkForVehicleDirectionViolation	40	static
../Core/Src/app.c:599:6:updateLCD	24	static
../Core/Src/app.c:652:6:speedSetpointTask	32	static
../Core/Src/app.c:704:6:vehicleDirectionTask	32	static
../Core/Src/app.c:740:6:vehicleMonitorTask	40	static
../Core/Src/app.c:883:6:holdButtonTimerCallback	16	static
../Core/Src/app.c:905:6:vehicleDirWakeupTimerCallback	24	static
../Core/Src/app.c:932:6:directionAlertTimerCallback	24	static
../Core/Src/app.c:982:6:EXTI0_IRQHandler	16	static
