../Core/Src/app.c:155:6:appInit	8	static
../Core/Src/app.c:183:6:initTasks	8	static
../Core/Src/app.c:210:6:initTimers	8	static
../Core/Src/app.c:233:6:initSempahores	8	static
../Core/Src/app.c:257:6:initMutexes	8	static
../Core/Src/app.c:272:6:initEventFlags	8	static
../Core/Src/app.c:294:6:startTimers	16	static
../Core/Src/app.c:313:6:lcdInit	8	static
../Core/Src/app.c:326:6:updateVehicleSpeedData	24	static
../Core/Src/app.c:354:6:updateVehicleDirectionData	24	static
../Core/Src/app.c:395:18:getGyroRateOfRotation	16	static
../Core/Src/app.c:444:18:determineVehicleDirection	24	static
../Core/Src/app.c:478:6:updateLCD	24	static
../Core/Src/app.c:531:6:speedSetpointTask	32	static
../Core/Src/app.c:583:6:vehicleDirectionTask	32	static
../Core/Src/app.c:843:6:holdButtonTimerCallback	16	static
../Core/Src/app.c:865:6:vehicleDirWakeupTimerCallback	24	static
../Core/Src/app.c:930:6:EXTI0_IRQHandler	16	static
