../Core/Src/app.c:163:6:appInit	8	static
../Core/Src/app.c:191:6:initTasks	8	static
../Core/Src/app.c:216:6:initTimers	8	static
../Core/Src/app.c:235:6:initSempahores	8	static
../Core/Src/app.c:255:6:initMutexes	8	static
../Core/Src/app.c:270:6:initEventFlags	8	static
../Core/Src/app.c:285:6:startTimers	16	static
../Core/Src/app.c:300:6:lcdInit	8	static
../Core/Src/app.c:313:6:updateVehicleSpeedData	24	static
../Core/Src/app.c:341:6:updateVehicleDirectionData	24	static
../Core/Src/app.c:382:18:getGyroRateOfRotation	16	static
../Core/Src/app.c:431:18:determineVehicleDirection	24	static
../Core/Src/app.c:462:9:getVehicleSpeed	16	static
../Core/Src/app.c:484:6:getVehicleDirection	24	static
../Core/Src/app.c:505:6:checkForVehicleSpeedViolation	24	static
../Core/Src/app.c:527:6:checkForVehicleDirectionViolation	40	static
../Core/Src/app.c:649:6:speedSetpointTask	40	static
../Core/Src/app.c:704:6:vehicleDirectionTask	32	static
../Core/Src/app.c:740:6:vehicleMonitorTask	32	static
../Core/Src/app.c:789:6:lcdDisplayTask	24	static
../Core/Src/app.c:883:6:holdButtonTimerCallback	16	static
../Core/Src/app.c:905:6:vehicleDirWakeupTimerCallback	24	static
../Core/Src/app.c:932:6:directionAlertTimerCallback	24	static
../Core/Src/app.c:956:6:lcdDisplayWakeupTimerCallback	24	static
../Core/Src/app.c:983:6:EXTI0_IRQHandler	16	static
