../Core/Src/app.c:154:6:appInit	8	static
../Core/Src/app.c:182:6:initTasks	8	static
../Core/Src/app.c:209:6:initTimers	8	static
../Core/Src/app.c:232:6:initSempahores	8	static
../Core/Src/app.c:256:6:initMutexes	8	static
../Core/Src/app.c:271:6:initEventFlags	8	static
../Core/Src/app.c:293:6:startTimers	16	static
../Core/Src/app.c:312:6:lcdInit	8	static
../Core/Src/app.c:325:6:updateVehicleSpeedData	24	static
../Core/Src/app.c:364:18:getGyroRateOfRotation	16	static
../Core/Src/app.c:413:18:determineVehicleDirection	24	static
../Core/Src/app.c:447:6:updateLCD	24	static
../Core/Src/app.c:500:6:speedSetpointTask	32	static
../Core/Src/app.c:545:6:vehicleDirectionTask	32	static
../Core/Src/app.c:832:6:holdButtonTimerCallback	16	static
../Core/Src/app.c:854:6:vehicleDirWakeupTimerCallback	24	static
../Core/Src/app.c:919:6:EXTI0_IRQHandler	16	static
