../Core/Src/app.c:158:6:appInit	8	static
../Core/Src/app.c:186:6:initTasks	8	static
../Core/Src/app.c:211:6:initTimers	8	static
../Core/Src/app.c:230:6:initSempahores	8	static
../Core/Src/app.c:250:6:initMutexes	8	static
../Core/Src/app.c:265:6:initEventFlags	8	static
../Core/Src/app.c:280:6:startTimers	16	static
../Core/Src/app.c:295:6:lcdInit	8	static
../Core/Src/app.c:308:6:updateVehicleSpeedData	24	static
../Core/Src/app.c:336:6:updateVehicleDirectionData	24	static
../Core/Src/app.c:377:18:getGyroRateOfRotation	16	static
../Core/Src/app.c:426:18:determineVehicleDirection	24	static
../Core/Src/app.c:457:9:getVehicleSpeed	16	static
../Core/Src/app.c:479:6:getVehicleDirection	24	static
../Core/Src/app.c:500:6:checkForVehicleSpeedViolation	24	static
../Core/Src/app.c:522:6:checkForVehicleDirectionViolation	40	static
../Core/Src/app.c:588:6:updateLCD	24	static
../Core/Src/app.c:643:6:speedSetpointTask	40	static
../Core/Src/app.c:698:6:vehicleDirectionTask	32	static
../Core/Src/app.c:734:6:vehicleMonitorTask	32	static
../Core/Src/app.c:783:6:lcdDisplayTask	32	static
../Core/Src/app.c:877:6:holdButtonTimerCallback	16	static
../Core/Src/app.c:899:6:vehicleDirWakeupTimerCallback	24	static
../Core/Src/app.c:926:6:directionAlertTimerCallback	24	static
../Core/Src/app.c:950:6:lcdDisplayWakeupTimerCallback	24	static
../Core/Src/app.c:977:6:EXTI0_IRQHandler	16	static
