../Core/Src/app.c:167:6:appInit	8	static
../Core/Src/app.c:196:6:initTasks	8	static
../Core/Src/app.c:223:6:initTimers	8	static
../Core/Src/app.c:248:6:initSempahores	8	static
../Core/Src/app.c:273:6:initMutexes	8	static
../Core/Src/app.c:294:6:initEventFlags	8	static
../Core/Src/app.c:332:6:lcdInit	8	static
../Core/Src/app.c:346:6:updateVehicleSpeedData	24	static
../Core/Src/app.c:385:18:getGyroRateOfRotation	16	static
../Core/Src/app.c:434:18:determineVehicleDirection	24	static
../Core/Src/app.c:468:6:updateLCD	24	static
../Core/Src/app.c:521:6:speedSetpointTask	32	static
../Core/Src/app.c:851:6:holdButtonTimerCallback	16	static
../Core/Src/app.c:938:6:EXTI0_IRQHandler	16	static
