../Core/Src/app.c:145:6:appInit	8	static
../Core/Src/app.c:173:6:initTasks	8	static
../Core/Src/app.c:194:6:initTimers	8	static
../Core/Src/app.c:213:6:initSempahores	8	static
../Core/Src/app.c:233:6:initMutexes	8	static
../Core/Src/app.c:248:6:initEventFlags	8	static
../Core/Src/app.c:263:6:startTimers	16	static
../Core/Src/app.c:278:6:lcdInit	8	static
../Core/Src/app.c:296:18:getGyroRateOfRotation	16	static
../Core/Src/app.c:345:18:determineVehicleDirection	24	static
../Core/Src/app.c:379:6:updateLCD	24	static
../Core/Src/app.c:432:6:speedSetpointTask	32	static
../Core/Src/app.c:501:6:vehicleDirectionTask	32	static
../Core/Src/app.c:564:6:vehicleMonitorTask	40	static
../Core/Src/app.c:687:6:ledOutputTask	24	static
../Core/Src/app.c:730:6:lcdDisplayTask	32	static
../Core/Src/app.c:776:6:holdButtonTimerCallback	16	static
../Core/Src/app.c:794:6:vehicleDirWakeupTimerCallback	24	static
../Core/Src/app.c:811:6:lcdDisplayWakeupTimerCallback	24	static
../Core/Src/app.c:829:6:directionAlertTimerCallback	16	static
../Core/Src/app.c:852:6:EXTI0_IRQHandler	16	static
