../Core/Src/app.c:158:6:appInit	8	static
../Core/Src/app.c:186:6:initTasks	8	static
../Core/Src/app.c:211:6:initTimers	8	static
../Core/Src/app.c:234:6:initSempahores	8	static
../Core/Src/app.c:258:6:initMutexes	8	static
../Core/Src/app.c:273:6:initEventFlags	8	static
../Core/Src/app.c:289:6:startTimers	16	static
../Core/Src/app.c:308:6:lcdInit	8	static
../Core/Src/app.c:321:6:updateVehicleSpeedData	24	static
../Core/Src/app.c:349:6:updateVehicleDirectionData	24	static
../Core/Src/app.c:390:18:getGyroRateOfRotation	16	static
../Core/Src/app.c:439:18:determineVehicleDirection	24	static
../Core/Src/app.c:470:9:getVehicleSpeed	16	static
../Core/Src/app.c:492:6:getVehicleDirection	24	static
../Core/Src/app.c:513:6:checkForVehicleSpeedViolation	16	static
../Core/Src/app.c:532:6:checkForVehicleDirectionViolation	32	static
../Core/Src/app.c:598:6:updateLCD	24	static
../Core/Src/app.c:651:6:speedSetpointTask	32	static
../Core/Src/app.c:703:6:vehicleDirectionTask	32	static
../Core/Src/app.c:739:6:vehicleMonitorTask	40	static
../Core/Src/app.c:882:6:holdButtonTimerCallback	16	static
../Core/Src/app.c:904:6:vehicleDirWakeupTimerCallback	24	static
../Core/Src/app.c:931:6:directionAlertTimerCallback	16	static
../Core/Src/app.c:979:6:EXTI0_IRQHandler	16	static
