../Core/Src/app.c:159:6:appInit	8	static
../Core/Src/app.c:187:6:initTasks	8	static
../Core/Src/app.c:208:6:initTimers	8	static
../Core/Src/app.c:227:6:initSempahores	8	static
../Core/Src/app.c:247:6:initMutexes	8	static
../Core/Src/app.c:262:6:initEventFlags	8	static
../Core/Src/app.c:277:6:startTimers	16	static
../Core/Src/app.c:292:6:lcdInit	8	static
../Core/Src/app.c:305:6:updateVehicleSpeedData	24	static
../Core/Src/app.c:333:6:updateVehicleDirectionData	24	static
../Core/Src/app.c:374:18:getGyroRateOfRotation	16	static
../Core/Src/app.c:423:18:determineVehicleDirection	24	static
../Core/Src/app.c:454:9:getVehicleSpeed	16	static
../Core/Src/app.c:476:6:getVehicleDirection	24	static
../Core/Src/app.c:497:6:checkForVehicleSpeedViolation	24	static
../Core/Src/app.c:519:6:checkForVehicleDirectionViolation	40	static
../Core/Src/app.c:641:6:speedSetpointTask	40	static
../Core/Src/app.c:696:6:vehicleDirectionTask	32	static
../Core/Src/app.c:732:6:vehicleMonitorTask	40	static
../Core/Src/app.c:781:6:lcdDisplayTask	24	static
../Core/Src/app.c:825:6:ledOutputTask	24	static
../Core/Src/app.c:874:6:holdButtonTimerCallback	16	static
../Core/Src/app.c:896:6:vehicleDirWakeupTimerCallback	24	static
../Core/Src/app.c:923:6:directionAlertTimerCallback	24	static
../Core/Src/app.c:947:6:lcdDisplayWakeupTimerCallback	24	static
../Core/Src/app.c:974:6:EXTI0_IRQHandler	16	static
