../Core/Src/app.c:163:6:appInit	8	static
../Core/Src/app.c:191:6:initTasks	8	static
../Core/Src/app.c:216:6:initTimers	8	static
../Core/Src/app.c:239:6:initSempahores	8	static
../Core/Src/app.c:263:6:initMutexes	8	static
../Core/Src/app.c:278:6:initEventFlags	8	static
../Core/Src/app.c:294:6:startTimers	16	static
../Core/Src/app.c:313:6:lcdInit	8	static
../Core/Src/app.c:326:6:updateVehicleSpeedData	24	static
../Core/Src/app.c:354:6:updateVehicleDirectionData	24	static
../Core/Src/app.c:395:18:getGyroRateOfRotation	16	static
../Core/Src/app.c:444:18:determineVehicleDirection	24	static
../Core/Src/app.c:475:9:getVehicleSpeed	16	static
../Core/Src/app.c:497:6:getVehicleDirection	24	static
../Core/Src/app.c:518:6:checkForVehicleSpeedViolation	16	static
../Core/Src/app.c:540:6:checkForVehicleDirectionViolation	32	static
../Core/Src/app.c:606:6:updateLCD	24	static
../Core/Src/app.c:659:6:speedSetpointTask	32	static
../Core/Src/app.c:711:6:vehicleDirectionTask	32	static
../Core/Src/app.c:747:6:vehicleMonitorTask	32	static
../Core/Src/app.c:890:6:holdButtonTimerCallback	16	static
../Core/Src/app.c:912:6:vehicleDirWakeupTimerCallback	24	static
../Core/Src/app.c:939:6:directionAlertTimerCallback	24	static
../Core/Src/app.c:989:6:EXTI0_IRQHandler	16	static
