../Core/Src/Gyro_Driver.c:21:6:Gyro_Init	8	static
../Core/Src/Gyro_Driver.c:35:6:Gyro_Power_On	16	static
../Core/Src/Gyro_Driver.c:65:6:Gyro_Reboot	16	static
../Core/Src/Gyro_Driver.c:88:9:Gyro_Get_Velocity	16	static
../Core/Src/Gyro_Driver.c:115:6:Gyro_Config_Regs	16	static
../Core/Src/Gyro_Driver.c:167:6:Gyro_HAL_Check	4	static
../Core/Src/Gyro_Driver.c:177:6:Gyro_Slave_Enable	8	static
../Core/Src/Gyro_Driver.c:185:6:Gyro_Slave_Disable	8	static
../Core/Src/Gyro_Driver.c:195:6:Gyro_Receive_Data	16	static
../Core/Src/Gyro_Driver.c:207:6:Gyro_Transmit_Data	16	static
