../Core/Src/LCD_Driver.c:31:6:LCD_GPIO_Init	56	static
../Core/Src/LCD_Driver.c:115:6:LTCD__Init	8	static
../Core/Src/LCD_Driver.c:166:6:LTCD_Layer_Init	72	static
../Core/Src/LCD_Driver.c:195:6:LCD_Draw_Pixel	16	static
../Core/Src/LCD_Driver.c:202:6:LCD_DrawChar	24	static
../Core/Src/LCD_Driver.c:222:6:LCD_DisplayChar	16	static
../Core/Src/LCD_Driver.c:228:6:LCD_DisplayString	24	static
../Core/Src/LCD_Driver.c:239:6:LCD_DisplayNumber	64	dynamic
../Core/Src/LCD_Driver.c:273:6:LCD_SetTextColor	16	static
../Core/Src/LCD_Driver.c:278:6:LCD_SetFont	16	static
../Core/Src/LCD_Driver.c:284:6:LCD_Draw_Circle_Fill	32	static
../Core/Src/LCD_Driver.c:299:6:LCD_Draw_Vertical_Line	32	static
../Core/Src/LCD_Driver.c:307:6:LCD_Clear	24	static
../Core/Src/LCD_Driver.c:316:6:LCD_Error_Handler	4	static
../Core/Src/LCD_Driver.c:322:6:QuickDemo	16	static
../Core/Src/LCD_Driver.c:395:6:ili9341_Init	8	static
../Core/Src/LCD_Driver.c:526:6:ili9341_DisplayOn	8	static
../Core/Src/LCD_Driver.c:537:6:ili9341_DisplayOff	8	static
../Core/Src/LCD_Driver.c:548:6:ili9341_Write_Reg	16	static
../Core/Src/LCD_Driver.c:558:6:ili9341_Send_Data	16	static
../Core/Src/LCD_Driver.c:569:10:ili9341_ReadData	16	static
../Core/Src/LCD_Driver.c:581:13:SPI_Init	8	static
../Core/Src/LCD_Driver.c:619:17:SPI_Read	24	static
../Core/Src/LCD_Driver.c:640:13:SPI_Write	24	static
../Core/Src/LCD_Driver.c:658:13:SPI_Error	8	static
../Core/Src/LCD_Driver.c:671:13:SPI_MspInit	48	static
../Core/Src/LCD_Driver.c:695:6:LCD_IO_Init	40	static
../Core/Src/LCD_Driver.c:739:6:LCD_IO_WriteData	16	static
../Core/Src/LCD_Driver.c:755:6:LCD_IO_WriteReg	16	static
../Core/Src/LCD_Driver.c:774:10:LCD_IO_ReadData	24	static
../Core/Src/LCD_Driver.c:801:6:LCD_Delay	16	static
