../Core/Src/stm32f4xx_hal_msp.c:64:6:HAL_MspInit	16	static
../Core/Src/stm32f4xx_hal_msp.c:88:6:HAL_DMA2D_MspInit	24	static
../Core/Src/stm32f4xx_hal_msp.c:110:6:HAL_DMA2D_MspDeInit	16	static
../Core/Src/stm32f4xx_hal_msp.c:132:6:HAL_I2C_MspInit	48	static
../Core/Src/stm32f4xx_hal_msp.c:176:6:HAL_I2C_MspDeInit	16	static
../Core/Src/stm32f4xx_hal_msp.c:207:6:HAL_LTDC_MspInit	112	static
../Core/Src/stm32f4xx_hal_msp.c:331:6:HAL_LTDC_MspDeInit	16	static
../Core/Src/stm32f4xx_hal_msp.c:393:6:HAL_SPI_MspInit	48	static
../Core/Src/stm32f4xx_hal_msp.c:430:6:HAL_SPI_MspDeInit	16	static
../Core/Src/stm32f4xx_hal_msp.c:460:6:HAL_TIM_Base_MspInit	24	static
../Core/Src/stm32f4xx_hal_msp.c:482:6:HAL_TIM_Base_MspDeInit	16	static
../Core/Src/stm32f4xx_hal_msp.c:500:13:HAL_FMC_MspInit	32	static
../Core/Src/stm32f4xx_hal_msp.c:606:6:HAL_SDRAM_MspInit	16	static
../Core/Src/stm32f4xx_hal_msp.c:618:13:HAL_FMC_MspDeInit	8	static
../Core/Src/stm32f4xx_hal_msp.c:692:6:HAL_SDRAM_MspDeInit	16	static
