Archive member included to satisfy reference by file (symbol)

C:/ST/STM32CubeIDE_1.14.1/STM32CubeIDE/plugins/com.st.stm32cube.ide.mcu.externaltools.gnu-tools-for-stm32.11.3.rel1.win32_1.1.100.202309141235/tools/bin/../lib/gcc/arm-none-eabi/11.3.1/../../../../arm-none-eabi/lib/thumb/v7e-m+fp/hard\libc_nano.a(libc_a-assert.o)
                              ./Core/Src/app.o (__assert_func)
C:/ST/STM32CubeIDE_1.14.1/STM32CubeIDE/plugins/com.st.stm32cube.ide.mcu.externaltools.gnu-tools-for-stm32.11.3.rel1.win32_1.1.100.202309141235/tools/bin/../lib/gcc/arm-none-eabi/11.3.1/../../../../arm-none-eabi/lib/thumb/v7e-m+fp/hard\libc_nano.a(libc_a-exit.o)
                              C:/ST/STM32CubeIDE_1.14.1/STM32CubeIDE/plugins/com.st.stm32cube.ide.mcu.externaltools.gnu-tools-for-stm32.11.3.rel1.win32_1.1.100.202309141235/tools/bin/../lib/gcc/arm-none-eabi/11.3.1/../../../../arm-none-eabi/lib/thumb/v7e-m+fp/hard/crt0.o (exit)
C:/ST/STM32CubeIDE_1.14.1/STM32CubeIDE/plugins/com.st.stm32cube.ide.mcu.externaltools.gnu-tools-for-stm32.11.3.rel1.win32_1.1.100.202309141235/tools/bin/../lib/gcc/arm-none-eabi/11.3.1/../../../../arm-none-eabi/lib/thumb/v7e-m+fp/hard\libc_nano.a(libc_a-findfp.o)
                              C:/ST/STM32CubeIDE_1.14.1/STM32CubeIDE/plugins/com.st.stm32cube.ide.mcu.externaltools.gnu-tools-for-stm32.11.3.rel1.win32_1.1.100.202309141235/tools/bin/../lib/gcc/arm-none-eabi/11.3.1/../../../../arm-none-eabi/lib/thumb/v7e-m+fp/hard\libc_nano.a(libc_a-exit.o) (__stdio_exit_handler)
C:/ST/STM32CubeIDE_1.14.1/STM32CubeIDE/plugins/com.st.stm32cube.ide.mcu.externaltools.gnu-tools-for-stm32.11.3.rel1.win32_1.1.100.202309141235/tools/bin/../lib/gcc/arm-none-eabi/11.3.1/../../../../arm-none-eabi/lib/thumb/v7e-m+fp/hard\libc_nano.a(libc_a-fprintf.o)
                              C:/ST/STM32CubeIDE_1.14.1/STM32CubeIDE/plugins/com.st.stm32cube.ide.mcu.externaltools.gnu-tools-for-stm32.11.3.rel1.win32_1.1.100.202309141235/tools/bin/../lib/gcc/arm-none-eabi/11.3.1/../../../../arm-none-eabi/lib/thumb/v7e-m+fp/hard\libc_nano.a(libc_a-assert.o) (fiprintf)
C:/ST/STM32CubeIDE_1.14.1/STM32CubeIDE/plugins/com.st.stm32cube.ide.mcu.externaltools.gnu-tools-for-stm32.11.3.rel1.win32_1.1.100.202309141235/tools/bin/../lib/gcc/arm-none-eabi/11.3.1/../../../../arm-none-eabi/lib/thumb/v7e-m+fp/hard\libc_nano.a(libc_a-fwalk.o)
                              C:/ST/STM32CubeIDE_1.14.1/STM32CubeIDE/plugins/com.st.stm32cube.ide.mcu.externaltools.gnu-tools-for-stm32.11.3.rel1.win32_1.1.100.202309141235/tools/bin/../lib/gcc/arm-none-eabi/11.3.1/../../../../arm-none-eabi/lib/thumb/v7e-m+fp/hard\libc_nano.a(libc_a-findfp.o) (_fwalk_sglue)
C:/ST/STM32CubeIDE_1.14.1/STM32CubeIDE/plugins/com.st.stm32cube.ide.mcu.externaltools.gnu-tools-for-stm32.11.3.rel1.win32_1.1.100.202309141235/tools/bin/../lib/gcc/arm-none-eabi/11.3.1/../../../../arm-none-eabi/lib/thumb/v7e-m+fp/hard\libc_nano.a(libc_a-stdio.o)
                              C:/ST/STM32CubeIDE_1.14.1/STM32CubeIDE/plugins/com.st.stm32cube.ide.mcu.externaltools.gnu-tools-for-stm32.11.3.rel1.win32_1.1.100.202309141235/tools/bin/../lib/gcc/arm-none-eabi/11.3.1/../../../../arm-none-eabi/lib/thumb/v7e-m+fp/hard\libc_nano.a(libc_a-findfp.o) (__sread)
C:/ST/STM32CubeIDE_1.14.1/STM32CubeIDE/plugins/com.st.stm32cube.ide.mcu.externaltools.gnu-tools-for-stm32.11.3.rel1.win32_1.1.100.202309141235/tools/bin/../lib/gcc/arm-none-eabi/11.3.1/../../../../arm-none-eabi/lib/thumb/v7e-m+fp/hard\libc_nano.a(libc_a-memcmp.o)
                              ./Middlewares/Third_Party/FreeRTOS/Source/tasks.o (memcmp)
C:/ST/STM32CubeIDE_1.14.1/STM32CubeIDE/plugins/com.st.stm32cube.ide.mcu.externaltools.gnu-tools-for-stm32.11.3.rel1.win32_1.1.100.202309141235/tools/bin/../lib/gcc/arm-none-eabi/11.3.1/../../../../arm-none-eabi/lib/thumb/v7e-m+fp/hard\libc_nano.a(libc_a-memset.o)
                              C:/ST/STM32CubeIDE_1.14.1/STM32CubeIDE/plugins/com.st.stm32cube.ide.mcu.externaltools.gnu-tools-for-stm32.11.3.rel1.win32_1.1.100.202309141235/tools/bin/../lib/gcc/arm-none-eabi/11.3.1/../../../../arm-none-eabi/lib/thumb/v7e-m+fp/hard/crt0.o (memset)
C:/ST/STM32CubeIDE_1.14.1/STM32CubeIDE/plugins/com.st.stm32cube.ide.mcu.externaltools.gnu-tools-for-stm32.11.3.rel1.win32_1.1.100.202309141235/tools/bin/../lib/gcc/arm-none-eabi/11.3.1/../../../../arm-none-eabi/lib/thumb/v7e-m+fp/hard\libc_nano.a(libc_a-closer.o)
                              C:/ST/STM32CubeIDE_1.14.1/STM32CubeIDE/plugins/com.st.stm32cube.ide.mcu.externaltools.gnu-tools-for-stm32.11.3.rel1.win32_1.1.100.202309141235/tools/bin/../lib/gcc/arm-none-eabi/11.3.1/../../../../arm-none-eabi/lib/thumb/v7e-m+fp/hard\libc_nano.a(libc_a-stdio.o) (_close_r)
C:/ST/STM32CubeIDE_1.14.1/STM32CubeIDE/plugins/com.st.stm32cube.ide.mcu.externaltools.gnu-tools-for-stm32.11.3.rel1.win32_1.1.100.202309141235/tools/bin/../lib/gcc/arm-none-eabi/11.3.1/../../../../arm-none-eabi/lib/thumb/v7e-m+fp/hard\libc_nano.a(libc_a-reent.o)
[...]
Memory Configuration

Name             Origin             Length             Attributes
CCMRAM           0x0000000010000000 0x0000000000010000 xrw
RAM              0x0000000020000000 0x0000000000030000 xrw
FLASH            0x0000000008000000 0x0000000000200000 xr
*default*        0x0000000000000000 0xffffffffffffffff

Linker script and memory map

LOAD C:/ST/STM32CubeIDE_1.14.1/STM32CubeIDE/plugins/com.st.stm32cube.ide.mcu.externaltools.gnu-tools-for-stm32.11.3.rel1.win32_1.1.100.202309141235/tools/bin/../lib/gcc/arm-none-eabi/11.3.1/thumb/v7e-m+fp/hard/crti.o
LOAD C:/ST/STM32CubeIDE_1.14.1/STM32CubeIDE/plugins/com.st.stm32cube.ide.mcu.externaltools.gnu-tools-for-stm32.11.3.rel1.win32_1.1.100.202309141235/tools/bin/../lib/gcc/arm-none-eabi/11.3.1/thumb/v7e-m+fp/hard/crtbegin.o
LOAD C:/ST/STM32CubeIDE_1.14.1/STM32CubeIDE/plugins/com.st.stm32cube.ide.mcu.externaltools.gnu-tools-for-stm32.11.3.rel1.win32_1.1.100.202309141235/tools/bin/../lib/gcc/arm-none-eabi/11.3.1/../../../../arm-none-eabi/lib/thumb/v7e-m+fp/hard/crt0.o
LOAD ./Core/Src/ApplicationCode.o
LOAD ./Core/Src/Gyro_Driver.o
LOAD ./Core/Src/LCD_Driver.o
LOAD ./Core/Src/app.o
LOAD ./Core/Src/fonts.o
LOAD ./Core/Src/freertos.o
LOAD ./Core/Src/main.o
LOAD ./Core/Src/stm32f4xx_hal_msp.o
LOAD ./Core/Src/stm32f4xx_it.o
LOAD ./Core/Src/syscalls.o
LOAD ./Core/Src/sysmem.o
LOAD ./Core/Src/system_stm32f4xx.o
LOAD ./Core/Startup/startup_stm32f429zitx.o
LOAD ./Drivers/STM32F4xx_HAL_Driver/Src/stm32f4xx_hal.o
LOAD ./Drivers/STM32F4xx_HAL_Driver/Src/stm32f4xx_hal_cortex.o
LOAD ./Drivers/STM32F4xx_HAL_Driver/Src/stm32f4xx_hal_dma.o
LOAD ./Drivers/STM32F4xx_HAL_Driver/Src/stm32f4xx_hal_dma2d.o
LOAD ./Drivers/STM32F4xx_HAL_Driver/Src/stm32f4xx_hal_dma_ex.o
LOAD ./Drivers/STM32F4xx_HAL_Driver/Src/stm32f4xx_hal_dsi.o
LOAD ./Drivers/STM32F4xx_HAL_Driver/Src/stm32f4xx_hal_exti.o
LOAD ./Drivers/STM32F4xx_HAL_Driver/Src/stm32f4xx_hal_flash.o
LOAD ./Drivers/STM32F4xx_HAL_Driver/Src/stm32f4xx_hal_flash_ex.o
LOAD ./Drivers/STM32F4xx_HAL_Driver/Src/stm32f4xx_hal_flash_ramfunc.o
LOAD ./Drivers/STM32F4xx_HAL_Driver/Src/stm32f4xx_hal_gpio.o
LOAD ./Drivers/STM32F4xx_HAL_Driver/Src/stm32f4xx_hal_i2c.o
LOAD ./Drivers/STM32F4xx_HAL_Driver/Src/stm32f4xx_hal_i2c_ex.o
LOAD ./Drivers/STM32F4xx_HAL_Driver/Src/stm32f4xx_hal_ltdc.o
LOAD ./Drivers/STM32F4xx_HAL_Driver/Src/stm32f4xx_hal_ltdc_ex.o
LOAD ./Drivers/STM32F4xx_HAL_Driver/Src/stm32f4xx_hal_pwr.o
LOAD ./Drivers/STM32F4xx_HAL_Driver/Src/stm32f4xx_hal_pwr_ex.o
LOAD ./Drivers/STM32F4xx_HAL_Driver/Src/stm32f4xx_hal_rcc.o
LOAD ./Drivers/STM32F4xx_HAL_Driver/Src/stm32f4xx_hal_rcc_ex.o
LOAD ./Drivers/STM32F4xx_HAL_Driver/Src/stm32f4xx_hal_sdram.o
LOAD ./Drivers/STM32F4xx_HAL_Driver/Src/stm32f4xx_hal_spi.o
LOAD ./Drivers/STM32F4xx_HAL_Driver/Src/stm32f4xx_hal_tim.o
LOAD ./Drivers/STM32F4xx_HAL_Driver/Src/stm32f4xx_hal_tim_ex.o
LOAD ./Drivers/STM32F4xx_HAL_Driver/Src/stm32f4xx_ll_fmc.o
LOAD ./Middlewares/Third_Party/FreeRTOS/Source/CMSIS_RTOS_V2/cmsis_os2.o
LOAD ./Middlewares/Third_Party/FreeRTOS/Source/croutine.o
LOAD ./Middlewares/Third_Party/FreeRTOS/Source/event_groups.o
LOAD ./Middlewares/Third_Party/FreeRTOS/Source/list.o
LOAD ./Middlewares/Third_Party/FreeRTOS/Source/queue.o
LOAD ./Middlewares/Third_Party/FreeRTOS/Source/stream_buffer.o
LOAD ./Middlewares/Third_Party/FreeRTOS/Source/tasks.o
LOAD ./Middlewares/Third_Party/FreeRTOS/Source/timers.o
LOAD ./Middlewares/Third_Party/FreeRTOS/Source/portable/GCC/ARM_CM4F/port.o
LOAD ./Middlewares/Third_Party/FreeRTOS/Source/portable/MemMang/heap_4.o
LOAD ./Middlewares/Third_Party/SystemView/SEGGER/SEGGER_RTT.o
LOAD ./Middlewares/Third_Party/SystemView/SEGGER/SEGGER_RTT_ASM_ARMv7M.o
LOAD ./Middlewares/Third_Party/SystemView/SEGGER/SEGGER_RTT_printf.o
LOAD ./Middlewares/Third_Party/SystemView/SEGGER/SEGGER_SYSVIEW.o
LOAD ./Middlewares/Third_Party/SystemView/Sample/FreeRTOS/Config/SEGGER_SYSVIEW_Config_FreeRTOS.o
LOAD ./Middlewares/Third_Party/SystemView/Sample/FreeRTOS/SEGGER_SYSVIEW_FreeRTOS.o
START GROUP
LOAD C:/ST/STM32CubeIDE_1.14.1/STM32CubeIDE/plugins/com.st.stm32cube.ide.mcu.externaltools.gnu-tools-for-stm32.11.3.rel1.win32_1.1.100.202309141235/tools/bin/../lib/gcc/arm-none-eabi/11.3.1/../../../../arm-none-eabi/lib/thumb/v7e-m+fp/hard\libc_nano.a
LOAD C:/ST/STM32CubeIDE_1.14.1/STM32CubeIDE/plugins/com.st.stm32cube.ide.mcu.externaltools.gnu-tools-for-stm32.11.3.rel1.win32_1.1.100.202309141235/tools/bin/../lib/gcc/arm-none-eabi/11.3.1/../../../../arm-none-eabi/lib/thumb/v7e-m+fp/hard\libm.a
END GROUP
START GROUP
LOAD C:/ST/STM32CubeIDE_1.14.1/STM32CubeIDE/plugins/com.st.stm32cube.ide.mcu.externaltools.gnu-tools-for-stm32.11.3.rel1.win32_1.1.100.202309141235/tools/bin/../lib/gcc/arm-none-eabi/11.3.1/thumb/v7e-m+fp/hard\libgcc.a
LOAD C:/ST/STM32CubeIDE_1.14.1/STM32CubeIDE/plugins/com.st.stm32cube.ide.mcu.externaltools.gnu-tools-for-stm32.11.3.rel1.win32_1.1.100.202309141235/tools/bin/../lib/gcc/arm-none-eabi/11.3.1/../../../../arm-none-eabi/lib/thumb/v7e-m+fp/hard\libc_nano.a
END GROUP
START GROUP
LOAD C:/ST/STM32CubeIDE_1.14.1/STM32CubeIDE/plugins/com.st.stm32cube.ide.mcu.externaltools.gnu-tools-for-stm32.11.3.rel1.win32_1.1.100.202309141235/tools/bin/../lib/gcc/arm-none-eabi/11.3.1/thumb/v7e-m+fp/hard\libgcc.a
LOAD C:/ST/STM32CubeIDE_1.14.1/STM32CubeIDE/plugins/com.st.stm32cube.ide.mcu.externaltools.gnu-tools-for-stm32.11.3.rel1.win32_1.1.100.202309141235/tools/bin/../lib/gcc/arm-none-eabi/11.3.1/../../../../arm-none-eabi/lib/thumb/v7e-m+fp/hard\libc_nano.a
LOAD C:/ST/STM32CubeIDE_1.14.1/STM32CubeIDE/plugins/com.st.stm32cube.ide.mcu.externaltools.gnu-tools-for-stm32.11.3.rel1.win32_1.1.100.202309141235/tools/bin/../lib/gcc/arm-none-eabi/11.3.1/../../../../arm-none-eabi/lib/thumb/v7e-m+fp/hard\libnosys.a
END GROUP
START GROUP
LOAD C:/ST/STM32CubeIDE_1.14.1/STM32CubeIDE/plugins/com.st.stm32cube.ide.mcu.externaltools.gnu-tools-for-stm32.11.3.rel1.win32_1.1.100.202309141235/tools/bin/../lib/gcc/arm-none-eabi/11.3.1/thumb/v7e-m+fp/hard\libgcc.a
LOAD C:/ST/STM32CubeIDE_1.14.1/STM32CubeIDE/plugins/com.st.stm32cube.ide.mcu.externaltools.gnu-tools-for-stm32.11.3.rel1.win32_1.1.100.202309141235/tools/bin/../lib/gcc/arm-none-eabi/11.3.1/../../../../arm-none-eabi/lib/thumb/v7e-m+fp/hard\libc_nano.a
LOAD C:/ST/STM32CubeIDE_1.14.1/STM32CubeIDE/plugins/com.st.stm32cube.ide.mcu.externaltools.gnu-tools-for-stm32.11.3.rel1.win32_1.1.100.202309141235/tools/bin/../lib/gcc/arm-none-eabi/11.3.1/../../../../arm-none-eabi/lib/thumb/v7e-m+fp/hard\libnosys.a
END GROUP
LOAD C:/ST/STM32CubeIDE_1.14.1/STM32CubeIDE/plugins/com.st.stm32cube.ide.mcu.externaltools.gnu-tools-for-stm32.11.3.rel1.win32_1.1.100.202309141235/tools/bin/../lib/gcc/arm-none-eabi/11.3.1/thumb/v7e-m+fp/hard/crtend.o
LOAD C:/ST/STM32CubeIDE_1.14.1/STM32CubeIDE/plugins/com.st.stm32cube.ide.mcu.externaltools.gnu-tools-for-stm32.11.3.rel1.win32_1.1.100.202309141235/tools/bin/../lib/gcc/arm-none-eabi/11.3.1/thumb/v7e-m+fp/hard/crtn.o
                0x0000000020030000                _estack = (ORIGIN (RAM) + LENGTH (RAM))
                0x0000000000000200                _Min_Heap_Size = 0x200
                0x0000000000000400                _Min_Stack_Size = 0x400

.isr_vector     0x0000000008000000      0x1ac
                0x0000000008000000                . = ALIGN (0x4)
 *(.isr_vector)
 .isr_vector    0x0000000008000000      0x1ac ./Core/Startup/startup_stm32f429zitx.o
                0x0000000008000000                g_pfnVectors
                0x00000000080001ac                . = ALIGN (0x4)

.text           0x00000000080001b0     0xcff8
                0x00000000080001b0                . = ALIGN (0x4)
 *(.text)
 .text          0x00000000080001b0       0x40 C:/ST/STM32CubeIDE_1.14.1/STM32CubeIDE/plugins/com.st.stm32cube.ide.mcu.externaltools.gnu-tools-for-stm32.11.3.rel1.win32_1.1.100.202309141235/tools/bin/../lib/gcc/arm-none-eabi/11.3.1/thumb/v7e-m+fp/hard/crtbegin.o
 .text          0x00000000080001f0       0x94 ./Middlewares/Third_Party/SystemView/SEGGER/SEGGER_RTT_ASM_ARMv7M.o
                0x00000000080001f0                SEGGER_RTT_ASM_WriteSkipNoLock
 *fill*         0x0000000008000284        0xc 
 .text          0x0000000008000290       0xa0 C:/ST/STM32CubeIDE_1.14.1/STM32CubeIDE/plugins/com.st.stm32cube.ide.mcu.externaltools.gnu-tools-for-stm32.11.3.rel1.win32_1.1.100.202309141235/tools/bin/../lib/gcc/arm-none-eabi/11.3.1/../../../../arm-none-eabi/lib/thumb/v7e-m+fp/hard\libc_nano.a(libc_a-memchr.o)
                0x0000000008000290                memchr
 .text          0x0000000008000330       0x30 C:/ST/STM32CubeIDE_1.14.1/STM32CubeIDE/plugins/com.st.stm32cube.ide.mcu.externaltools.gnu-tools-for-stm32.11.3.rel1.win32_1.1.100.202309141235/tools/bin/../lib/gcc/arm-none-eabi/11.3.1/thumb/v7e-m+fp/hard\libgcc.a(_aeabi_uldivmod.o)
                0x0000000008000330                __aeabi_uldivmod
 .text          0x0000000008000360      0x2c8 C:/ST/STM32CubeIDE_1.14.1/STM32CubeIDE/plugins/com.st.stm32cube.ide.mcu.externaltools.gnu-tools-for-stm32.11.3.rel1.win32_1.1.100.202309141235/tools/bin/../lib/gcc/arm-none-eabi/11.3.1/thumb/v7e-m+fp/hard\libgcc.a(_udivmoddi4.o)
                0x0000000008000360                __udivmoddi4
 .text          0x0000000008000628        0x4 C:/ST/STM32CubeIDE_1.14.1/STM32CubeIDE/plugins/com.st.stm32cube.ide.mcu.externaltools.gnu-tools-for-stm32.11.3.rel1.win32_1.1.100.202309141235/tools/bin/../lib/gcc/arm-none-eabi/11.3.1/thumb/v7e-m+fp/hard\libgcc.a(_dvmd_tls.o)
                0x0000000008000628                __aeabi_idiv0
                0x0000000008000628                __aeabi_ldiv0
 *(.text*)
 .text.Gyro_Init
                0x000000000800062c       0x1a ./Core/Src/Gyro_Driver.o
                0x000000000800062c                Gyro_Init
 *fill*         0x0000000008000646        0x2 
 .text.Gyro_Power_On
                0x0000000008000648       0x88 ./Core/Src/Gyro_Driver.o
                0x0000000008000648                Gyro_Power_On
 .text.Gyro_Reboot
                0x00000000080006d0       0x78 ./Core/Src/Gyro_Driver.o
                0x00000000080006d0                Gyro_Reboot
 .text.Gyro_Get_Velocity
                0x0000000008000748       0x64 ./Core/Src/Gyro_Driver.o
                0x0000000008000748                Gyro_Get_Velocity
 .text.Gyro_Config_Regs
                0x00000000080007ac       0xd4 ./Core/Src/Gyro_Driver.o
                0x00000000080007ac                Gyro_Config_Regs
 .text.Gyro_HAL_Check
                0x0000000008000880       0x1c ./Core/Src/Gyro_Driver.o
                0x0000000008000880                Gyro_HAL_Check
 .text.Gyro_Slave_Enable
                0x000000000800089c       0x18 ./Core/Src/Gyro_Driver.o
                0x000000000800089c                Gyro_Slave_Enable
 .text.Gyro_Slave_Disable
                0x00000000080008b4       0x18 ./Core/Src/Gyro_Driver.o
                0x00000000080008b4                Gyro_Slave_Disable
 .text.Gyro_Receive_Data
                0x00000000080008cc       0x34 ./Core/Src/Gyro_Driver.o
                0x00000000080008cc                Gyro_Receive_Data
 .text.Gyro_Transmit_Data
                0x0000000008000900       0x34 ./Core/Src/Gyro_Driver.o
                0x0000000008000900                Gyro_Transmit_Data
 .text.LCD_GPIO_Init
                0x0000000008000934      0x190 ./Core/Src/LCD_Driver.o
                0x0000000008000934                LCD_GPIO_Init
 .text.LTCD__Init
                0x0000000008000ac4       0xbc ./Core/Src/LCD_Driver.o
                0x0000000008000ac4                LTCD__Init
 .text.LTCD_Layer_Init
                0x0000000008000b80       0x80 ./Core/Src/LCD_Driver.o
                0x0000000008000b80                LTCD_Layer_Init
 .text.LCD_SetTextColor
                0x0000000008000c00       0x20 ./Core/Src/LCD_Driver.o
                0x0000000008000c00                LCD_SetTextColor
 .text.LCD_SetFont
                0x0000000008000c20       0x20 ./Core/Src/LCD_Driver.o
                0x0000000008000c20                LCD_SetFont
 .text.LCD_Clear
                0x0000000008000c40       0x44 ./Core/Src/LCD_Driver.o
                0x0000000008000c40                LCD_Clear
 .text.LCD_Error_Handler
                0x0000000008000c84        0x6 ./Core/Src/LCD_Driver.o
                0x0000000008000c84                LCD_Error_Handler
 .text.ili9341_Init
                0x0000000008000c8a      0x294 ./Core/Src/LCD_Driver.o
                0x0000000008000c8a                ili9341_Init
 .text.ili9341_Write_Reg
                0x0000000008000f1e       0x1a ./Core/Src/LCD_Driver.o
                0x0000000008000f1e                ili9341_Write_Reg
 .text.ili9341_Send_Data
                0x0000000008000f38       0x1a ./Core/Src/LCD_Driver.o
                0x0000000008000f38                ili9341_Send_Data
 *fill*         0x0000000008000f52        0x2 
 .text.SPI_Init
                0x0000000008000f54       0x74 ./Core/Src/LCD_Driver.o
 .text.SPI_Write
                0x0000000008000fc8       0x3c ./Core/Src/LCD_Driver.o
 .text.SPI_Error
                0x0000000008001004       0x18 ./Core/Src/LCD_Driver.o
 .text.SPI_MspInit
                0x000000000800101c       0x74 ./Core/Src/LCD_Driver.o
 .text.LCD_IO_Init
                0x0000000008001090       0xf0 ./Core/Src/LCD_Driver.o
                0x0000000008001090                LCD_IO_Init
 .text.LCD_IO_WriteData
                0x0000000008001180       0x44 ./Core/Src/LCD_Driver.o
                0x0000000008001180                LCD_IO_WriteData
 .text.LCD_IO_WriteReg
                0x00000000080011c4       0x44 ./Core/Src/LCD_Driver.o
                0x00000000080011c4                LCD_IO_WriteReg
 .text.LCD_Delay
                0x0000000008001208       0x16 ./Core/Src/LCD_Driver.o
                0x0000000008001208                LCD_Delay
 .text.appInit  0x000000000800121e       0x28 ./Core/Src/app.o
                0x000000000800121e                appInit
 *fill*         0x0000000008001246        0x2 
 .text.initTasks
                0x0000000008001248       0xac ./Core/Src/app.o
 .text.initTimers
                0x00000000080012f4       0xb4 ./Core/Src/app.o
 .text.initSempahores
                0x00000000080013a8       0x70 ./Core/Src/app.o
 .text.initMutexes
                0x0000000008001418       0x6c ./Core/Src/app.o
 .text.initEventFlags
                0x0000000008001484       0x6c ./Core/Src/app.o
 .text.startTimers
                0x00000000080014f0       0x40 ./Core/Src/app.o
 .text.lcdInit  0x0000000008001530       0x2c ./Core/Src/app.o
 .text.updateVehicleSpeedData
                0x000000000800155c       0xb0 ./Core/Src/app.o
 .text.updateVehicleDirectionData
                0x000000000800160c       0xcc ./Core/Src/app.o
 .text.getGyroRateOfRotation
                0x00000000080016d8       0x6c ./Core/Src/app.o
 .text.determineVehicleDirection
                0x0000000008001744       0x68 ./Core/Src/app.o
 .text.getVehicleSpeed
                0x00000000080017ac       0x70 ./Core/Src/app.o
 .text.getVehicleDirection
                0x000000000800181c       0x7c ./Core/Src/app.o
 .text.checkForVehicleSpeedViolation
                0x0000000008001898       0x88 ./Core/Src/app.o
 .text.checkForVehicleDirectionViolation
                0x0000000008001920      0x134 ./Core/Src/app.o
 .text.speedSetpointTask
                0x0000000008001a54      0x110 ./Core/Src/app.o
 .text.vehicleDirectionTask
                0x0000000008001b64       0x88 ./Core/Src/app.o
 .text.vehicleMonitorTask
                0x0000000008001bec       0xe4 ./Core/Src/app.o
 .text.holdButtonTimerCallback
                0x0000000008001cd0       0x2c ./Core/Src/app.o
 .text.vehicleDirWakeupTimerCallback
                0x0000000008001cfc       0x54 ./Core/Src/app.o
 .text.directionAlertTimerCallback
                0x0000000008001d50       0x6c ./Core/Src/app.o
 .text.EXTI0_IRQHandler
                0x0000000008001dbc       0x5c ./Core/Src/app.o
                0x0000000008001dbc                EXTI0_IRQHandler
 .text.__NVIC_SetPriority
                0x0000000008001e18       0x54 ./Core/Src/main.o
 .text.systemClockOverride
                0x0000000008001e6c       0x80 ./Core/Src/main.o
                0x0000000008001e6c                systemClockOverride
 .text.main     0x0000000008001eec       0x64 ./Core/Src/main.o
                0x0000000008001eec                main
 .text.MX_DMA2D_Init
                0x0000000008001f50       0x64 ./Core/Src/main.o
 .text.MX_I2C3_Init
                0x0000000008001fb4       0x80 ./Core/Src/main.o
 .text.MX_LTDC_Init
                0x0000000008002034      0x164 ./Core/Src/main.o
 .text.MX_SPI5_Init
                0x0000000008002198       0x6c ./Core/Src/main.o
 .text.MX_TIM11_Init
                0x0000000008002204       0x48 ./Core/Src/main.o
 .text.MX_FMC_Init
                0x000000000800224c       0x9c ./Core/Src/main.o
 .text.MX_GPIO_Init
                0x00000000080022e8      0x298 ./Core/Src/main.o
 .text.StartDefaultTask
                0x0000000008002580       0x10 ./Core/Src/main.o
                0x0000000008002580                StartDefaultTask
 .text.Error_Handler
                0x0000000008002590        0xa ./Core/Src/main.o
                0x0000000008002590                Error_Handler
 *fill*         0x000000000800259a        0x2 
 .text.HAL_MspInit
                0x000000000800259c       0x58 ./Core/Src/stm32f4xx_hal_msp.o
                0x000000000800259c                HAL_MspInit
 .text.HAL_DMA2D_MspInit
                0x00000000080025f4       0x44 ./Core/Src/stm32f4xx_hal_msp.o
                0x00000000080025f4                HAL_DMA2D_MspInit
 .text.HAL_I2C_MspInit
                0x0000000008002638       0xd4 ./Core/Src/stm32f4xx_hal_msp.o
                0x0000000008002638                HAL_I2C_MspInit
 .text.HAL_LTDC_MspInit
                0x000000000800270c      0x250 ./Core/Src/stm32f4xx_hal_msp.o
                0x000000000800270c                HAL_LTDC_MspInit
 .text.HAL_SPI_MspInit
                0x000000000800295c       0x90 ./Core/Src/stm32f4xx_hal_msp.o
                0x000000000800295c                HAL_SPI_MspInit
 .text.HAL_SPI_MspDeInit
                0x00000000080029ec       0x3c ./Core/Src/stm32f4xx_hal_msp.o
                0x00000000080029ec                HAL_SPI_MspDeInit
 .text.HAL_TIM_Base_MspInit
                0x0000000008002a28       0x44 ./Core/Src/stm32f4xx_hal_msp.o
                0x0000000008002a28                HAL_TIM_Base_MspInit
 .text.HAL_FMC_MspInit
                0x0000000008002a6c      0x124 ./Core/Src/stm32f4xx_hal_msp.o
 .text.HAL_SDRAM_MspInit
                0x0000000008002b90       0x14 ./Core/Src/stm32f4xx_hal_msp.o
                0x0000000008002b90                HAL_SDRAM_MspInit
 .text.NMI_Handler
                0x0000000008002ba4        0x6 ./Core/Src/stm32f4xx_it.o
                0x0000000008002ba4                NMI_Handler
 .text.HardFault_Handler
                0x0000000008002baa        0x6 ./Core/Src/stm32f4xx_it.o
                0x0000000008002baa                HardFault_Handler
 .text.MemManage_Handler
                0x0000000008002bb0        0x6 ./Core/Src/stm32f4xx_it.o
                0x0000000008002bb0                MemManage_Handler
 .text.BusFault_Handler
                0x0000000008002bb6        0x6 ./Core/Src/stm32f4xx_it.o
                0x0000000008002bb6                BusFault_Handler
 .text.UsageFault_Handler
                0x0000000008002bbc        0x6 ./Core/Src/stm32f4xx_it.o
                0x0000000008002bbc                UsageFault_Handler
 .text.DebugMon_Handler
                0x0000000008002bc2        0xe ./Core/Src/stm32f4xx_it.o
                0x0000000008002bc2                DebugMon_Handler
 .text.SysTick_Handler
                0x0000000008002bd0       0x1a ./Core/Src/stm32f4xx_it.o
                0x0000000008002bd0                SysTick_Handler
 .text._getpid  0x0000000008002bea       0x10 ./Core/Src/syscalls.o
                0x0000000008002bea                _getpid
 .text._kill    0x0000000008002bfa       0x20 ./Core/Src/syscalls.o
                0x0000000008002bfa                _kill
 .text._exit    0x0000000008002c1a       0x14 ./Core/Src/syscalls.o
                0x0000000008002c1a                _exit
 .text._read    0x0000000008002c2e       0x3a ./Core/Src/syscalls.o
                0x0000000008002c2e                _read
 .text._write   0x0000000008002c68       0x38 ./Core/Src/syscalls.o
                0x0000000008002c68                _write
 .text._close   0x0000000008002ca0       0x18 ./Core/Src/syscalls.o
                0x0000000008002ca0                _close
 .text._fstat   0x0000000008002cb8       0x20 ./Core/Src/syscalls.o
                0x0000000008002cb8                _fstat
 .text._isatty  0x0000000008002cd8       0x16 ./Core/Src/syscalls.o
                0x0000000008002cd8                _isatty
 .text._lseek   0x0000000008002cee       0x1a ./Core/Src/syscalls.o
                0x0000000008002cee                _lseek
 .text._sbrk    0x0000000008002d08       0x6c ./Core/Src/sysmem.o
                0x0000000008002d08                _sbrk
 .text.SystemInit
                0x0000000008002d74       0x24 ./Core/Src/system_stm32f4xx.o
                0x0000000008002d74                SystemInit
 .text.Reset_Handler
                0x0000000008002d98       0x50 ./Core/Startup/startup_stm32f429zitx.o
                0x0000000008002d98                Reset_Handler
 .text.Default_Handler
                0x0000000008002de8        0x2 ./Core/Startup/startup_stm32f429zitx.o
                0x0000000008002de8                RTC_Alarm_IRQHandler
                0x0000000008002de8                HASH_RNG_IRQHandler
                0x0000000008002de8                EXTI2_IRQHandler
                0x0000000008002de8                TIM8_CC_IRQHandler
                0x0000000008002de8                UART8_IRQHandler
                0x0000000008002de8                SPI4_IRQHandler
                0x0000000008002de8                TIM1_CC_IRQHandler
                0x0000000008002de8                DMA2_Stream5_IRQHandler
                0x0000000008002de8                DMA1_Stream5_IRQHandler
                0x0000000008002de8                PVD_IRQHandler
                0x0000000008002de8                SDIO_IRQHandler
                0x0000000008002de8                TAMP_STAMP_IRQHandler
                0x0000000008002de8                CAN2_RX1_IRQHandler
                0x0000000008002de8                EXTI3_IRQHandler
                0x0000000008002de8                TIM8_TRG_COM_TIM14_IRQHandler
                0x0000000008002de8                TIM1_UP_TIM10_IRQHandler
                0x0000000008002de8                TIM8_UP_TIM13_IRQHandler
                0x0000000008002de8                I2C3_ER_IRQHandler
                0x0000000008002de8                I2C2_EV_IRQHandler
                0x0000000008002de8                DMA1_Stream2_IRQHandler
                0x0000000008002de8                CAN1_RX0_IRQHandler
                0x0000000008002de8                FPU_IRQHandler
                0x0000000008002de8                OTG_HS_WKUP_IRQHandler
                0x0000000008002de8                LTDC_ER_IRQHandler
                0x0000000008002de8                CAN2_SCE_IRQHandler
                0x0000000008002de8                DMA2_Stream2_IRQHandler
                0x0000000008002de8                SPI1_IRQHandler
                0x0000000008002de8                TIM6_DAC_IRQHandler
                0x0000000008002de8                TIM1_BRK_TIM9_IRQHandler
                0x0000000008002de8                DCMI_IRQHandler
                0x0000000008002de8                CAN2_RX0_IRQHandler
                0x0000000008002de8                DMA2_Stream3_IRQHandler
                0x0000000008002de8                USART6_IRQHandler
                0x0000000008002de8                USART3_IRQHandler
                0x0000000008002de8                CAN1_RX1_IRQHandler
                0x0000000008002de8                UART5_IRQHandler
                0x0000000008002de8                DMA2_Stream0_IRQHandler
                0x0000000008002de8                TIM4_IRQHandler
                0x0000000008002de8                I2C1_EV_IRQHandler
                0x0000000008002de8                DMA1_Stream6_IRQHandler
                0x0000000008002de8                DMA1_Stream1_IRQHandler
                0x0000000008002de8                UART4_IRQHandler
                0x0000000008002de8                TIM3_IRQHandler
                0x0000000008002de8                RCC_IRQHandler
                0x0000000008002de8                TIM8_BRK_TIM12_IRQHandler
                0x0000000008002de8                Default_Handler
                0x0000000008002de8                EXTI15_10_IRQHandler
                0x0000000008002de8                ADC_IRQHandler
                0x0000000008002de8                DMA1_Stream7_IRQHandler
                0x0000000008002de8                SPI5_IRQHandler
                0x0000000008002de8                CAN2_TX_IRQHandler
                0x0000000008002de8                TIM5_IRQHandler
                0x0000000008002de8                DMA2_Stream7_IRQHandler
                0x0000000008002de8                I2C3_EV_IRQHandler
                0x0000000008002de8                EXTI9_5_IRQHandler
                0x0000000008002de8                RTC_WKUP_IRQHandler
                0x0000000008002de8                LTDC_IRQHandler
                0x0000000008002de8                ETH_WKUP_IRQHandler
                0x0000000008002de8                SPI2_IRQHandler
                0x0000000008002de8                OTG_HS_EP1_IN_IRQHandler
                0x0000000008002de8                DMA1_Stream0_IRQHandler
                0x0000000008002de8                CAN1_TX_IRQHandler
                0x0000000008002de8                EXTI4_IRQHandler
                0x0000000008002de8                ETH_IRQHandler
                0x0000000008002de8                OTG_HS_EP1_OUT_IRQHandler
                0x0000000008002de8                WWDG_IRQHandler
                0x0000000008002de8                SPI6_IRQHandler
                0x0000000008002de8                TIM2_IRQHandler
                0x0000000008002de8                OTG_FS_WKUP_IRQHandler
                0x0000000008002de8                TIM1_TRG_COM_TIM11_IRQHandler
                0x0000000008002de8                OTG_HS_IRQHandler
                0x0000000008002de8                DMA2D_IRQHandler
                0x0000000008002de8                EXTI1_IRQHandler
                0x0000000008002de8                UART7_IRQHandler
                0x0000000008002de8                USART2_IRQHandler
                0x0000000008002de8                I2C2_ER_IRQHandler
                0x0000000008002de8                DMA2_Stream1_IRQHandler
                0x0000000008002de8                CAN1_SCE_IRQHandler
                0x0000000008002de8                FLASH_IRQHandler
                0x0000000008002de8                DMA2_Stream4_IRQHandler
                0x0000000008002de8                USART1_IRQHandler
                0x0000000008002de8                OTG_FS_IRQHandler
                0x0000000008002de8                SPI3_IRQHandler
                0x0000000008002de8                DMA1_Stream4_IRQHandler
                0x0000000008002de8                I2C1_ER_IRQHandler
                0x0000000008002de8                FMC_IRQHandler
                0x0000000008002de8                DMA2_Stream6_IRQHandler
                0x0000000008002de8                SAI1_IRQHandler
                0x0000000008002de8                DMA1_Stream3_IRQHandler
 *fill*         0x0000000008002dea        0x2 
 .text.HAL_Init
                0x0000000008002dec       0x44 ./Drivers/STM32F4xx_HAL_Driver/Src/stm32f4xx_hal.o
                0x0000000008002dec                HAL_Init
 .text.HAL_InitTick
                0x0000000008002e30       0x60 ./Drivers/STM32F4xx_HAL_Driver/Src/stm32f4xx_hal.o
                0x0000000008002e30                HAL_InitTick
 .text.HAL_IncTick
                0x0000000008002e90       0x28 ./Drivers/STM32F4xx_HAL_Driver/Src/stm32f4xx_hal.o
                0x0000000008002e90                HAL_IncTick
 .text.HAL_GetTick
                0x0000000008002eb8       0x18 ./Drivers/STM32F4xx_HAL_Driver/Src/stm32f4xx_hal.o
                0x0000000008002eb8                HAL_GetTick
 .text.__NVIC_SetPriorityGrouping
                0x0000000008002ed0       0x48 ./Drivers/STM32F4xx_HAL_Driver/Src/stm32f4xx_hal_cortex.o
 .text.__NVIC_GetPriorityGrouping
                0x0000000008002f18       0x1c ./Drivers/STM32F4xx_HAL_Driver/Src/stm32f4xx_hal_cortex.o
 .text.__NVIC_EnableIRQ
                0x0000000008002f34       0x3c ./Drivers/STM32F4xx_HAL_Driver/Src/stm32f4xx_hal_cortex.o
 .text.__NVIC_DisableIRQ
                0x0000000008002f70       0x48 ./Drivers/STM32F4xx_HAL_Driver/Src/stm32f4xx_hal_cortex.o
 .text.__NVIC_SetPriority
                0x0000000008002fb8       0x54 ./Drivers/STM32F4xx_HAL_Driver/Src/stm32f4xx_hal_cortex.o
 .text.NVIC_EncodePriority
                0x000000000800300c       0x66 ./Drivers/STM32F4xx_HAL_Driver/Src/stm32f4xx_hal_cortex.o
 *fill*         0x0000000008003072        0x2 
 .text.SysTick_Config
                0x0000000008003074       0x44 ./Drivers/STM32F4xx_HAL_Driver/Src/stm32f4xx_hal_cortex.o
 .text.HAL_NVIC_SetPriorityGrouping
                0x00000000080030b8       0x16 ./Drivers/STM32F4xx_HAL_Driver/Src/stm32f4xx_hal_cortex.o
                0x00000000080030b8                HAL_NVIC_SetPriorityGrouping
 .text.HAL_NVIC_SetPriority
                0x00000000080030ce       0x38 ./Drivers/STM32F4xx_HAL_Driver/Src/stm32f4xx_hal_cortex.o
                0x00000000080030ce                HAL_NVIC_SetPriority
 .text.HAL_NVIC_EnableIRQ
                0x0000000008003106       0x1c ./Drivers/STM32F4xx_HAL_Driver/Src/stm32f4xx_hal_cortex.o
                0x0000000008003106                HAL_NVIC_EnableIRQ
 .text.HAL_NVIC_DisableIRQ
                0x0000000008003122       0x1c ./Drivers/STM32F4xx_HAL_Driver/Src/stm32f4xx_hal_cortex.o
                0x0000000008003122                HAL_NVIC_DisableIRQ
 .text.HAL_SYSTICK_Config
                0x000000000800313e       0x18 ./Drivers/STM32F4xx_HAL_Driver/Src/stm32f4xx_hal_cortex.o
                0x000000000800313e                HAL_SYSTICK_Config
 .text.HAL_DMA2D_Init
                0x0000000008003156       0x92 ./Drivers/STM32F4xx_HAL_Driver/Src/stm32f4xx_hal_dma2d.o
                0x0000000008003156                HAL_DMA2D_Init
 .text.HAL_DMA2D_ConfigLayer
                0x00000000080031e8      0x124 ./Drivers/STM32F4xx_HAL_Driver/Src/stm32f4xx_hal_dma2d.o
                0x00000000080031e8                HAL_DMA2D_ConfigLayer
 .text.HAL_GPIO_Init
                0x000000000800330c      0x358 ./Drivers/STM32F4xx_HAL_Driver/Src/stm32f4xx_hal_gpio.o
                0x000000000800330c                HAL_GPIO_Init
 .text.HAL_GPIO_DeInit
                0x0000000008003664      0x218 ./Drivers/STM32F4xx_HAL_Driver/Src/stm32f4xx_hal_gpio.o
                0x0000000008003664                HAL_GPIO_DeInit
 .text.HAL_GPIO_ReadPin
                0x000000000800387c       0x30 ./Drivers/STM32F4xx_HAL_Driver/Src/stm32f4xx_hal_gpio.o
                0x000000000800387c                HAL_GPIO_ReadPin
 .text.HAL_GPIO_WritePin
                0x00000000080038ac       0x32 ./Drivers/STM32F4xx_HAL_Driver/Src/stm32f4xx_hal_gpio.o
                0x00000000080038ac                HAL_GPIO_WritePin
 *fill*         0x00000000080038de        0x2 
 .text.HAL_I2C_Init
                0x00000000080038e0      0x288 ./Drivers/STM32F4xx_HAL_Driver/Src/stm32f4xx_hal_i2c.o
                0x00000000080038e0                HAL_I2C_Init
 .text.HAL_I2CEx_ConfigAnalogFilter
                0x0000000008003b68       0x78 ./Drivers/STM32F4xx_HAL_Driver/Src/stm32f4xx_hal_i2c_ex.o
                0x0000000008003b68                HAL_I2CEx_ConfigAnalogFilter
 .text.HAL_I2CEx_ConfigDigitalFilter
                0x0000000008003be0       0x7e ./Drivers/STM32F4xx_HAL_Driver/Src/stm32f4xx_hal_i2c_ex.o
                0x0000000008003be0                HAL_I2CEx_ConfigDigitalFilter
 *fill*         0x0000000008003c5e        0x2 
 .text.HAL_LTDC_Init
                0x0000000008003c60      0x1a0 ./Drivers/STM32F4xx_HAL_Driver/Src/stm32f4xx_hal_ltdc.o
                0x0000000008003c60                HAL_LTDC_Init
 .text.HAL_LTDC_ConfigLayer
                0x0000000008003e00       0x7c ./Drivers/STM32F4xx_HAL_Driver/Src/stm32f4xx_hal_ltdc.o
                0x0000000008003e00                HAL_LTDC_ConfigLayer
 .text.LTDC_SetConfig
                0x0000000008003e7c      0x32e ./Drivers/STM32F4xx_HAL_Driver/Src/stm32f4xx_hal_ltdc.o
 *fill*         0x00000000080041aa        0x2 
 .text.HAL_RCC_OscConfig
                0x00000000080041ac      0x4f0 ./Drivers/STM32F4xx_HAL_Driver/Src/stm32f4xx_hal_rcc.o
                0x00000000080041ac                HAL_RCC_OscConfig
 .text.HAL_RCC_ClockConfig
                0x000000000800469c      0x1cc ./Drivers/STM32F4xx_HAL_Driver/Src/stm32f4xx_hal_rcc.o
                0x000000000800469c                HAL_RCC_ClockConfig
 .text.HAL_RCC_GetSysClockFreq
                0x0000000008004868      0x20c ./Drivers/STM32F4xx_HAL_Driver/Src/stm32f4xx_hal_rcc.o
                0x0000000008004868                HAL_RCC_GetSysClockFreq
 .text.HAL_RCC_GetHCLKFreq
                0x0000000008004a74       0x18 ./Drivers/STM32F4xx_HAL_Driver/Src/stm32f4xx_hal_rcc.o
                0x0000000008004a74                HAL_RCC_GetHCLKFreq
 .text.HAL_RCC_GetPCLK1Freq
                0x0000000008004a8c       0x28 ./Drivers/STM32F4xx_HAL_Driver/Src/stm32f4xx_hal_rcc.o
                0x0000000008004a8c                HAL_RCC_GetPCLK1Freq
 .text.HAL_RCCEx_PeriphCLKConfig
                0x0000000008004ab4      0x380 ./Drivers/STM32F4xx_HAL_Driver/Src/stm32f4xx_hal_rcc_ex.o
                0x0000000008004ab4                HAL_RCCEx_PeriphCLKConfig
 .text.HAL_SDRAM_Init
                0x0000000008004e34       0x68 ./Drivers/STM32F4xx_HAL_Driver/Src/stm32f4xx_hal_sdram.o
                0x0000000008004e34                HAL_SDRAM_Init
 .text.HAL_SPI_Init
                0x0000000008004e9c      0x112 ./Drivers/STM32F4xx_HAL_Driver/Src/stm32f4xx_hal_spi.o
                0x0000000008004e9c                HAL_SPI_Init
 .text.HAL_SPI_DeInit
                0x0000000008004fae       0x50 ./Drivers/STM32F4xx_HAL_Driver/Src/stm32f4xx_hal_spi.o
                0x0000000008004fae                HAL_SPI_DeInit
 .text.HAL_SPI_Transmit
                0x0000000008004ffe      0x278 ./Drivers/STM32F4xx_HAL_Driver/Src/stm32f4xx_hal_spi.o
                0x0000000008004ffe                HAL_SPI_Transmit
 .text.HAL_SPI_Receive
                0x0000000008005276      0x222 ./Drivers/STM32F4xx_HAL_Driver/Src/stm32f4xx_hal_spi.o
                0x0000000008005276                HAL_SPI_Receive
 .text.HAL_SPI_TransmitReceive
                0x0000000008005498      0x344 ./Drivers/STM32F4xx_HAL_Driver/Src/stm32f4xx_hal_spi.o
                0x0000000008005498                HAL_SPI_TransmitReceive
 .text.HAL_SPI_GetState
                0x00000000080057dc       0x1c ./Drivers/STM32F4xx_HAL_Driver/Src/stm32f4xx_hal_spi.o
                0x00000000080057dc                HAL_SPI_GetState
 .text.SPI_WaitFlagStateUntilTimeout
                0x00000000080057f8      0x110 ./Drivers/STM32F4xx_HAL_Driver/Src/stm32f4xx_hal_spi.o
 .text.SPI_EndRxTransaction
                0x0000000008005908       0xca ./Drivers/STM32F4xx_HAL_Driver/Src/stm32f4xx_hal_spi.o
 *fill*         0x00000000080059d2        0x2 
 .text.SPI_EndRxTxTransaction
                0x00000000080059d4       0x84 ./Drivers/STM32F4xx_HAL_Driver/Src/stm32f4xx_hal_spi.o
 .text.HAL_TIM_Base_Init
                0x0000000008005a58       0x9e ./Drivers/STM32F4xx_HAL_Driver/Src/stm32f4xx_hal_tim.o
                0x0000000008005a58                HAL_TIM_Base_Init
 *fill*         0x0000000008005af6        0x2 
 .text.TIM_Base_SetConfig
                0x0000000008005af8      0x140 ./Drivers/STM32F4xx_HAL_Driver/Src/stm32f4xx_hal_tim.o
                0x0000000008005af8                TIM_Base_SetConfig
 .text.FMC_SDRAM_Init
                0x0000000008005c38       0xba ./Drivers/STM32F4xx_HAL_Driver/Src/stm32f4xx_ll_fmc.o
                0x0000000008005c38                FMC_SDRAM_Init
 .text.FMC_SDRAM_Timing_Init
                0x0000000008005cf2       0xd2 ./Drivers/STM32F4xx_HAL_Driver/Src/stm32f4xx_ll_fmc.o
                0x0000000008005cf2                FMC_SDRAM_Timing_Init
 .text.__NVIC_SetPriority
                0x0000000008005dc4       0x54 ./Middlewares/Third_Party/FreeRTOS/Source/CMSIS_RTOS_V2/cmsis_os2.o
 .text.SVC_Setup
                0x0000000008005e18       0x12 ./Middlewares/Third_Party/FreeRTOS/Source/CMSIS_RTOS_V2/cmsis_os2.o
 *fill*         0x0000000008005e2a        0x2 
 .text.osKernelInitialize
                0x0000000008005e2c       0x48 ./Middlewares/Third_Party/FreeRTOS/Source/CMSIS_RTOS_V2/cmsis_os2.o
                0x0000000008005e2c                osKernelInitialize
 .text.osKernelStart
                0x0000000008005e74       0x4c ./Middlewares/Third_Party/FreeRTOS/Source/CMSIS_RTOS_V2/cmsis_os2.o
                0x0000000008005e74                osKernelStart
 .text.osThreadNew
                0x0000000008005ec0      0x124 ./Middlewares/Third_Party/FreeRTOS/Source/CMSIS_RTOS_V2/cmsis_os2.o
                0x0000000008005ec0                osThreadNew
 .text.osDelay  0x0000000008005fe4       0x36 ./Middlewares/Third_Party/FreeRTOS/Source/CMSIS_RTOS_V2/cmsis_os2.o
                0x0000000008005fe4                osDelay
 .text.TimerCallback
                0x000000000800601a       0x2a ./Middlewares/Third_Party/FreeRTOS/Source/CMSIS_RTOS_V2/cmsis_os2.o
 .text.osTimerNew
                0x0000000008006044       0xf8 ./Middlewares/Third_Party/FreeRTOS/Source/CMSIS_RTOS_V2/cmsis_os2.o
                0x0000000008006044                osTimerNew
 .text.osTimerStart
                0x000000000800613c       0x5c ./Middlewares/Third_Party/FreeRTOS/Source/CMSIS_RTOS_V2/cmsis_os2.o
                0x000000000800613c                osTimerStart
 .text.osTimerStop
                0x0000000008006198       0x6e ./Middlewares/Third_Party/FreeRTOS/Source/CMSIS_RTOS_V2/cmsis_os2.o
                0x0000000008006198                osTimerStop
 .text.osTimerIsRunning
                0x0000000008006206       0x38 ./Middlewares/Third_Party/FreeRTOS/Source/CMSIS_RTOS_V2/cmsis_os2.o
                0x0000000008006206                osTimerIsRunning
 .text.osEventFlagsNew
                0x000000000800623e       0x7e ./Middlewares/Third_Party/FreeRTOS/Source/CMSIS_RTOS_V2/cmsis_os2.o
                0x000000000800623e                osEventFlagsNew
 .text.osEventFlagsSet
                0x00000000080062bc       0x88 ./Middlewares/Third_Party/FreeRTOS/Source/CMSIS_RTOS_V2/cmsis_os2.o
                0x00000000080062bc                osEventFlagsSet
 .text.osEventFlagsClear
                0x0000000008006344       0x64 ./Middlewares/Third_Party/FreeRTOS/Source/CMSIS_RTOS_V2/cmsis_os2.o
                0x0000000008006344                osEventFlagsClear
 .text.osEventFlagsWait
                0x00000000080063a8       0xcc ./Middlewares/Third_Party/FreeRTOS/Source/CMSIS_RTOS_V2/cmsis_os2.o
                0x00000000080063a8                osEventFlagsWait
 .text.osMutexNew
                0x0000000008006474      0x10c ./Middlewares/Third_Party/FreeRTOS/Source/CMSIS_RTOS_V2/cmsis_os2.o
                0x0000000008006474                osMutexNew
 .text.osMutexAcquire
                0x0000000008006580       0x96 ./Middlewares/Third_Party/FreeRTOS/Source/CMSIS_RTOS_V2/cmsis_os2.o
                0x0000000008006580                osMutexAcquire
 .text.osMutexRelease
                0x0000000008006616       0x7a ./Middlewares/Third_Party/FreeRTOS/Source/CMSIS_RTOS_V2/cmsis_os2.o
                0x0000000008006616                osMutexRelease
 .text.osSemaphoreNew
                0x0000000008006690      0x112 ./Middlewares/Third_Party/FreeRTOS/Source/CMSIS_RTOS_V2/cmsis_os2.o
                0x0000000008006690                osSemaphoreNew
 *fill*         0x00000000080067a2        0x2 
 .text.osSemaphoreAcquire
                0x00000000080067a4       0xa4 ./Middlewares/Third_Party/FreeRTOS/Source/CMSIS_RTOS_V2/cmsis_os2.o
                0x00000000080067a4                osSemaphoreAcquire
 .text.osSemaphoreRelease
                0x0000000008006848       0x88 ./Middlewares/Third_Party/FreeRTOS/Source/CMSIS_RTOS_V2/cmsis_os2.o
                0x0000000008006848                osSemaphoreRelease
 .text.vApplicationGetIdleTaskMemory
                0x00000000080068d0       0x34 ./Middlewares/Third_Party/FreeRTOS/Source/CMSIS_RTOS_V2/cmsis_os2.o
                0x00000000080068d0                vApplicationGetIdleTaskMemory
 .text.vApplicationGetTimerTaskMemory
                0x0000000008006904       0x34 ./Middlewares/Third_Party/FreeRTOS/Source/CMSIS_RTOS_V2/cmsis_os2.o
                0x0000000008006904                vApplicationGetTimerTaskMemory
 .text.xEventGroupCreateStatic
                0x0000000008006938       0x6e ./Middlewares/Third_Party/FreeRTOS/Source/event_groups.o
                0x0000000008006938                xEventGroupCreateStatic
 .text.xEventGroupCreate
                0x00000000080069a6       0x34 ./Middlewares/Third_Party/FreeRTOS/Source/event_groups.o
                0x00000000080069a6                xEventGroupCreate
 *fill*         0x00000000080069da        0x2 
 .text.xEventGroupWaitBits
                0x00000000080069dc      0x19c ./Middlewares/Third_Party/FreeRTOS/Source/event_groups.o
                0x00000000080069dc                xEventGroupWaitBits
 .text.xEventGroupClearBits
                0x0000000008006b78       0x70 ./Middlewares/Third_Party/FreeRTOS/Source/event_groups.o
                0x0000000008006b78                xEventGroupClearBits
 .text.xEventGroupClearBitsFromISR
                0x0000000008006be8       0x28 ./Middlewares/Third_Party/FreeRTOS/Source/event_groups.o
                0x0000000008006be8                xEventGroupClearBitsFromISR
 .text.xEventGroupGetBitsFromISR
                0x0000000008006c10       0x48 ./Middlewares/Third_Party/FreeRTOS/Source/event_groups.o
                0x0000000008006c10                xEventGroupGetBitsFromISR
 .text.xEventGroupSetBits
                0x0000000008006c58      0x116 ./Middlewares/Third_Party/FreeRTOS/Source/event_groups.o
                0x0000000008006c58                xEventGroupSetBits
 .text.vEventGroupSetBitsCallback
                0x0000000008006d6e       0x1a ./Middlewares/Third_Party/FreeRTOS/Source/event_groups.o
                0x0000000008006d6e                vEventGroupSetBitsCallback
 .text.vEventGroupClearBitsCallback
                0x0000000008006d88       0x1a ./Middlewares/Third_Party/FreeRTOS/Source/event_groups.o
                0x0000000008006d88                vEventGroupClearBitsCallback
 .text.prvTestWaitCondition
                0x0000000008006da2       0x44 ./Middlewares/Third_Party/FreeRTOS/Source/event_groups.o
 *fill*         0x0000000008006de6        0x2 
 .text.xEventGroupSetBitsFromISR
                0x0000000008006de8       0x28 ./Middlewares/Third_Party/FreeRTOS/Source/event_groups.o
                0x0000000008006de8                xEventGroupSetBitsFromISR
 .text.vListInitialise
                0x0000000008006e10       0x40 ./Middlewares/Third_Party/FreeRTOS/Source/list.o
                0x0000000008006e10                vListInitialise
 .text.vListInitialiseItem
                0x0000000008006e50       0x1a ./Middlewares/Third_Party/FreeRTOS/Source/list.o
                0x0000000008006e50                vListInitialiseItem
 .text.vListInsertEnd
                0x0000000008006e6a       0x48 ./Middlewares/Third_Party/FreeRTOS/Source/list.o
                0x0000000008006e6a                vListInsertEnd
 .text.vListInsert
                0x0000000008006eb2       0x72 ./Middlewares/Third_Party/FreeRTOS/Source/list.o
                0x0000000008006eb2                vListInsert
 .text.uxListRemove
                0x0000000008006f24       0x54 ./Middlewares/Third_Party/FreeRTOS/Source/list.o
                0x0000000008006f24                uxListRemove
 .text.xQueueGenericReset
                0x0000000008006f78       0xd0 ./Middlewares/Third_Party/FreeRTOS/Source/queue.o
                0x0000000008006f78                xQueueGenericReset
 .text.xQueueGenericCreateStatic
                0x0000000008007048       0xf0 ./Middlewares/Third_Party/FreeRTOS/Source/queue.o
                0x0000000008007048                xQueueGenericCreateStatic
 .text.xQueueGenericCreate
                0x0000000008007138       0x74 ./Middlewares/Third_Party/FreeRTOS/Source/queue.o
                0x0000000008007138                xQueueGenericCreate
 .text.prvInitialiseNewQueue
                0x00000000080071ac       0x52 ./Middlewares/Third_Party/FreeRTOS/Source/queue.o
 .text.prvInitialiseMutex
                0x00000000080071fe       0x34 ./Middlewares/Third_Party/FreeRTOS/Source/queue.o
 .text.xQueueCreateMutex
                0x0000000008007232       0x30 ./Middlewares/Third_Party/FreeRTOS/Source/queue.o
                0x0000000008007232                xQueueCreateMutex
 .text.xQueueCreateMutexStatic
                0x0000000008007262       0x36 ./Middlewares/Third_Party/FreeRTOS/Source/queue.o
                0x0000000008007262                xQueueCreateMutexStatic
 .text.xQueueGiveMutexRecursive
                0x0000000008007298       0x68 ./Middlewares/Third_Party/FreeRTOS/Source/queue.o
                0x0000000008007298                xQueueGiveMutexRecursive
 .text.xQueueTakeMutexRecursive
                0x0000000008007300       0x6c ./Middlewares/Third_Party/FreeRTOS/Source/queue.o
                0x0000000008007300                xQueueTakeMutexRecursive
 .text.xQueueCreateCountingSemaphoreStatic
                0x000000000800736c       0x6e ./Middlewares/Third_Party/FreeRTOS/Source/queue.o
                0x000000000800736c                xQueueCreateCountingSemaphoreStatic
 .text.xQueueCreateCountingSemaphore
                0x00000000080073da       0x66 ./Middlewares/Third_Party/FreeRTOS/Source/queue.o
                0x00000000080073da                xQueueCreateCountingSemaphore
 .text.xQueueGenericSend
                0x0000000008007440      0x24c ./Middlewares/Third_Party/FreeRTOS/Source/queue.o
                0x0000000008007440                xQueueGenericSend
 .text.xQueueGenericSendFromISR
                0x000000000800768c      0x15e ./Middlewares/Third_Party/FreeRTOS/Source/queue.o
                0x000000000800768c                xQueueGenericSendFromISR
 .text.xQueueGiveFromISR
                0x00000000080077ea      0x142 ./Middlewares/Third_Party/FreeRTOS/Source/queue.o
                0x00000000080077ea                xQueueGiveFromISR
 .text.xQueueReceive
                0x000000000800792c      0x220 ./Middlewares/Third_Party/FreeRTOS/Source/queue.o
                0x000000000800792c                xQueueReceive
 .text.xQueueSemaphoreTake
                0x0000000008007b4c      0x278 ./Middlewares/Third_Party/FreeRTOS/Source/queue.o
                0x0000000008007b4c                xQueueSemaphoreTake
 .text.xQueueReceiveFromISR
                0x0000000008007dc4      0x13c ./Middlewares/Third_Party/FreeRTOS/Source/queue.o
                0x0000000008007dc4                xQueueReceiveFromISR
 .text.vQueueDelete
                0x0000000008007f00       0x58 ./Middlewares/Third_Party/FreeRTOS/Source/queue.o
                0x0000000008007f00                vQueueDelete
 .text.prvGetDisinheritPriorityAfterTimeout
                0x0000000008007f58       0x30 ./Middlewares/Third_Party/FreeRTOS/Source/queue.o
 .text.prvCopyDataToQueue
                0x0000000008007f88       0xd4 ./Middlewares/Third_Party/FreeRTOS/Source/queue.o
 .text.prvCopyDataFromQueue
                0x000000000800805c       0x4c ./Middlewares/Third_Party/FreeRTOS/Source/queue.o
 .text.prvUnlockQueue
                0x00000000080080a8       0xa4 ./Middlewares/Third_Party/FreeRTOS/Source/queue.o
 .text.prvIsQueueEmpty
                0x000000000800814c       0x2c ./Middlewares/Third_Party/FreeRTOS/Source/queue.o
 .text.prvIsQueueFull
                0x0000000008008178       0x30 ./Middlewares/Third_Party/FreeRTOS/Source/queue.o
 .text.vQueueAddToRegistry
                0x00000000080081a8       0x64 ./Middlewares/Third_Party/FreeRTOS/Source/queue.o
                0x00000000080081a8                vQueueAddToRegistry
 .text.vQueueUnregisterQueue
                0x000000000800820c       0x54 ./Middlewares/Third_Party/FreeRTOS/Source/queue.o
                0x000000000800820c                vQueueUnregisterQueue
 .text.vQueueWaitForMessageRestricted
                0x0000000008008260       0x68 ./Middlewares/Third_Party/FreeRTOS/Source/queue.o
                0x0000000008008260                vQueueWaitForMessageRestricted
 .text.xTaskCreateStatic
                0x00000000080082c8       0xba ./Middlewares/Third_Party/FreeRTOS/Source/tasks.o
                0x00000000080082c8                xTaskCreateStatic
 .text.xTaskCreate
                0x0000000008008382       0x8a ./Middlewares/Third_Party/FreeRTOS/Source/tasks.o
                0x0000000008008382                xTaskCreate
 .text.prvInitialiseNewTask
                0x000000000800840c      0x11e ./Middlewares/Third_Party/FreeRTOS/Source/tasks.o
 *fill*         0x000000000800852a        0x2 
 .text.prvAddNewTaskToReadyList
                0x000000000800852c      0x11c ./Middlewares/Third_Party/FreeRTOS/Source/tasks.o
 .text.vTaskDelay
                0x0000000008008648       0x70 ./Middlewares/Third_Party/FreeRTOS/Source/tasks.o
                0x0000000008008648                vTaskDelay
 .text.vTaskStartScheduler
                0x00000000080086b8       0xf8 ./Middlewares/Third_Party/FreeRTOS/Source/tasks.o
                0x00000000080086b8                vTaskStartScheduler
 .text.vTaskSuspendAll
                0x00000000080087b0       0x1c ./Middlewares/Third_Party/FreeRTOS/Source/tasks.o
                0x00000000080087b0                vTaskSuspendAll
 .text.xTaskResumeAll
                0x00000000080087cc      0x144 ./Middlewares/Third_Party/FreeRTOS/Source/tasks.o
                0x00000000080087cc                xTaskResumeAll
 .text.xTaskGetTickCount
                0x0000000008008910       0x20 ./Middlewares/Third_Party/FreeRTOS/Source/tasks.o
                0x0000000008008910                xTaskGetTickCount
 .text.xTaskGetTickCountFromISR
                0x0000000008008930       0x24 ./Middlewares/Third_Party/FreeRTOS/Source/tasks.o
                0x0000000008008930                xTaskGetTickCountFromISR
 .text.xTaskIncrementTick
                0x0000000008008954      0x17c ./Middlewares/Third_Party/FreeRTOS/Source/tasks.o
                0x0000000008008954                xTaskIncrementTick
 .text.vTaskSwitchContext
                0x0000000008008ad0       0xe0 ./Middlewares/Third_Party/FreeRTOS/Source/tasks.o
                0x0000000008008ad0                vTaskSwitchContext
 .text.vTaskPlaceOnEventList
                0x0000000008008bb0       0x48 ./Middlewares/Third_Party/FreeRTOS/Source/tasks.o
                0x0000000008008bb0                vTaskPlaceOnEventList
 .text.vTaskPlaceOnUnorderedEventList
                0x0000000008008bf8       0x78 ./Middlewares/Third_Party/FreeRTOS/Source/tasks.o
                0x0000000008008bf8                vTaskPlaceOnUnorderedEventList
 .text.vTaskPlaceOnEventListRestricted
                0x0000000008008c70       0x5c ./Middlewares/Third_Party/FreeRTOS/Source/tasks.o
                0x0000000008008c70                vTaskPlaceOnEventListRestricted
 .text.xTaskRemoveFromEventList
                0x0000000008008ccc       0xd0 ./Middlewares/Third_Party/FreeRTOS/Source/tasks.o
                0x0000000008008ccc                xTaskRemoveFromEventList
 .text.vTaskRemoveFromUnorderedEventList
                0x0000000008008d9c       0xcc ./Middlewares/Third_Party/FreeRTOS/Source/tasks.o
                0x0000000008008d9c                vTaskRemoveFromUnorderedEventList
 .text.vTaskInternalSetTimeOutState
                0x0000000008008e68       0x2c ./Middlewares/Third_Party/FreeRTOS/Source/tasks.o
                0x0000000008008e68                vTaskInternalSetTimeOutState
 .text.xTaskCheckForTimeOut
                0x0000000008008e94       0xc4 ./Middlewares/Third_Party/FreeRTOS/Source/tasks.o
                0x0000000008008e94                xTaskCheckForTimeOut
 .text.vTaskMissedYield
                0x0000000008008f58       0x18 ./Middlewares/Third_Party/FreeRTOS/Source/tasks.o
                0x0000000008008f58                vTaskMissedYield
 .text.prvIdleTask
                0x0000000008008f70       0x30 ./Middlewares/Third_Party/FreeRTOS/Source/tasks.o
 .text.prvInitialiseTaskLists
                0x0000000008008fa0       0x80 ./Middlewares/Third_Party/FreeRTOS/Source/tasks.o
 .text.prvCheckTasksWaitingTermination
                0x0000000008009020       0x5c ./Middlewares/Third_Party/FreeRTOS/Source/tasks.o
 .text.prvTaskCheckFreeStackSpace
                0x000000000800907c       0x38 ./Middlewares/Third_Party/FreeRTOS/Source/tasks.o
 .text.uxTaskGetStackHighWaterMark
                0x00000000080090b4       0x38 ./Middlewares/Third_Party/FreeRTOS/Source/tasks.o
                0x00000000080090b4                uxTaskGetStackHighWaterMark
 .text.prvDeleteTCB
                0x00000000080090ec       0x5e ./Middlewares/Third_Party/FreeRTOS/Source/tasks.o
 *fill*         0x000000000800914a        0x2 
 .text.prvResetNextTaskUnblockTime
                0x000000000800914c       0x40 ./Middlewares/Third_Party/FreeRTOS/Source/tasks.o
 .text.xTaskGetCurrentTaskHandle
                0x000000000800918c       0x20 ./Middlewares/Third_Party/FreeRTOS/Source/tasks.o
                0x000000000800918c                xTaskGetCurrentTaskHandle
 .text.xTaskGetSchedulerState
                0x00000000080091ac       0x3c ./Middlewares/Third_Party/FreeRTOS/Source/tasks.o
                0x00000000080091ac                xTaskGetSchedulerState
 .text.xTaskPriorityInherit
                0x00000000080091e8       0xe4 ./Middlewares/Third_Party/FreeRTOS/Source/tasks.o
                0x00000000080091e8                xTaskPriorityInherit
 .text.xTaskPriorityDisinherit
                0x00000000080092cc       0xec ./Middlewares/Third_Party/FreeRTOS/Source/tasks.o
                0x00000000080092cc                xTaskPriorityDisinherit
 .text.vTaskPriorityDisinheritAfterTimeout
                0x00000000080093b8      0x114 ./Middlewares/Third_Party/FreeRTOS/Source/tasks.o
                0x00000000080093b8                vTaskPriorityDisinheritAfterTimeout
 .text.uxTaskResetEventItemValue
                0x00000000080094cc       0x30 ./Middlewares/Third_Party/FreeRTOS/Source/tasks.o
                0x00000000080094cc                uxTaskResetEventItemValue
 .text.pvTaskIncrementMutexHeldCount
                0x00000000080094fc       0x28 ./Middlewares/Third_Party/FreeRTOS/Source/tasks.o
                0x00000000080094fc                pvTaskIncrementMutexHeldCount
 .text.prvAddCurrentTaskToDelayedList
                0x0000000008009524       0xa8 ./Middlewares/Third_Party/FreeRTOS/Source/tasks.o
 .text.xTimerCreateTimerTask
                0x00000000080095cc       0x90 ./Middlewares/Third_Party/FreeRTOS/Source/timers.o
                0x00000000080095cc                xTimerCreateTimerTask
 .text.xTimerCreate
                0x000000000800965c       0x42 ./Middlewares/Third_Party/FreeRTOS/Source/timers.o
                0x000000000800965c                xTimerCreate
 .text.xTimerCreateStatic
                0x000000000800969e       0x7c ./Middlewares/Third_Party/FreeRTOS/Source/timers.o
                0x000000000800969e                xTimerCreateStatic
 .text.prvInitialiseNewTimer
                0x000000000800971a       0x76 ./Middlewares/Third_Party/FreeRTOS/Source/timers.o
 .text.xTimerGenericCommand
                0x0000000008009790       0x9c ./Middlewares/Third_Party/FreeRTOS/Source/timers.o
                0x0000000008009790                xTimerGenericCommand
 .text.prvProcessExpiredTimer
                0x000000000800982c       0x98 ./Middlewares/Third_Party/FreeRTOS/Source/timers.o
 .text.prvTimerTask
                0x00000000080098c4       0x24 ./Middlewares/Third_Party/FreeRTOS/Source/timers.o
 .text.prvProcessTimerOrBlockTask
                0x00000000080098e8       0x9c ./Middlewares/Third_Party/FreeRTOS/Source/timers.o
 .text.prvGetNextExpireTime
                0x0000000008009984       0x48 ./Middlewares/Third_Party/FreeRTOS/Source/timers.o
 .text.prvSampleTimeNow
                0x00000000080099cc       0x40 ./Middlewares/Third_Party/FreeRTOS/Source/timers.o
 .text.prvInsertTimerInActiveList
                0x0000000008009a0c       0x84 ./Middlewares/Third_Party/FreeRTOS/Source/timers.o
 .text.prvProcessReceivedCommands
                0x0000000008009a90      0x1c4 ./Middlewares/Third_Party/FreeRTOS/Source/timers.o
 .text.prvSwitchTimerLists
                0x0000000008009c54       0xc8 ./Middlewares/Third_Party/FreeRTOS/Source/timers.o
 .text.prvCheckForValidListAndQueue
                0x0000000008009d1c       0x80 ./Middlewares/Third_Party/FreeRTOS/Source/timers.o
 .text.xTimerIsTimerActive
                0x0000000008009d9c       0x52 ./Middlewares/Third_Party/FreeRTOS/Source/timers.o
                0x0000000008009d9c                xTimerIsTimerActive
 .text.pvTimerGetTimerID
                0x0000000008009dee       0x40 ./Middlewares/Third_Party/FreeRTOS/Source/timers.o
                0x0000000008009dee                pvTimerGetTimerID
 *fill*         0x0000000008009e2e        0x2 
 .text.xTimerPendFunctionCallFromISR
                0x0000000008009e30       0x40 ./Middlewares/Third_Party/FreeRTOS/Source/timers.o
                0x0000000008009e30                xTimerPendFunctionCallFromISR
 .text.pxPortInitialiseStack
                0x0000000008009e70       0x68 ./Middlewares/Third_Party/FreeRTOS/Source/portable/GCC/ARM_CM4F/port.o
                0x0000000008009e70                pxPortInitialiseStack
 .text.prvTaskExitError
                0x0000000008009ed8       0x58 ./Middlewares/Third_Party/FreeRTOS/Source/portable/GCC/ARM_CM4F/port.o
 .text.SVC_Handler
                0x0000000008009f30       0x28 ./Middlewares/Third_Party/FreeRTOS/Source/portable/GCC/ARM_CM4F/port.o
                0x0000000008009f30                SVC_Handler
 .text.prvPortStartFirstTask
                0x0000000008009f58       0x28 ./Middlewares/Third_Party/FreeRTOS/Source/portable/GCC/ARM_CM4F/port.o
 .text.xPortStartScheduler
                0x0000000008009f80      0x144 ./Middlewares/Third_Party/FreeRTOS/Source/portable/GCC/ARM_CM4F/port.o
                0x0000000008009f80                xPortStartScheduler
 .text.vPortEnterCritical
                0x000000000800a0c4       0x60 ./Middlewares/Third_Party/FreeRTOS/Source/portable/GCC/ARM_CM4F/port.o
                0x000000000800a0c4                vPortEnterCritical
 .text.vPortExitCritical
                0x000000000800a124       0x54 ./Middlewares/Third_Party/FreeRTOS/Source/portable/GCC/ARM_CM4F/port.o
                0x000000000800a124                vPortExitCritical
 *fill*         0x000000000800a178        0x8 
 .text.PendSV_Handler
                0x000000000800a180       0x68 ./Middlewares/Third_Party/FreeRTOS/Source/portable/GCC/ARM_CM4F/port.o
                0x000000000800a180                PendSV_Handler
 .text.xPortSysTickHandler
                0x000000000800a1e8       0x44 ./Middlewares/Third_Party/FreeRTOS/Source/portable/GCC/ARM_CM4F/port.o
                0x000000000800a1e8                xPortSysTickHandler
 .text.vPortSetupTimerInterrupt
                0x000000000800a22c       0x48 ./Middlewares/Third_Party/FreeRTOS/Source/portable/GCC/ARM_CM4F/port.o
                0x000000000800a22c                vPortSetupTimerInterrupt
 .text.vPortEnableVFP
                0x000000000800a274       0x14 ./Middlewares/Third_Party/FreeRTOS/Source/portable/GCC/ARM_CM4F/port.o
 .text.vPortValidateInterruptPriority
                0x000000000800a288       0x80 ./Middlewares/Third_Party/FreeRTOS/Source/portable/GCC/ARM_CM4F/port.o
                0x000000000800a288                vPortValidateInterruptPriority
 .text.pvPortMalloc
                0x000000000800a308      0x198 ./Middlewares/Third_Party/FreeRTOS/Source/portable/MemMang/heap_4.o
                0x000000000800a308                pvPortMalloc
 .text.vPortFree
                0x000000000800a4a0       0xc4 ./Middlewares/Third_Party/FreeRTOS/Source/portable/MemMang/heap_4.o
                0x000000000800a4a0                vPortFree
 .text.prvHeapInit
                0x000000000800a564       0xc4 ./Middlewares/Third_Party/FreeRTOS/Source/portable/MemMang/heap_4.o
 .text.prvInsertBlockIntoFreeList
                0x000000000800a628       0xb4 ./Middlewares/Third_Party/FreeRTOS/Source/portable/MemMang/heap_4.o
 .text._DoInit  0x000000000800a6dc       0xb0 ./Middlewares/Third_Party/SystemView/SEGGER/SEGGER_RTT.o
 .text.SEGGER_RTT_ReadNoLock
                0x000000000800a78c      0x10c ./Middlewares/Third_Party/SystemView/SEGGER/SEGGER_RTT.o
                0x000000000800a78c                SEGGER_RTT_ReadNoLock
 .text.SEGGER_RTT_AllocUpBuffer
                0x000000000800a898      0x108 ./Middlewares/Third_Party/SystemView/SEGGER/SEGGER_RTT.o
                0x000000000800a898                SEGGER_RTT_AllocUpBuffer
 .text.SEGGER_RTT_ConfigDownBuffer
                0x000000000800a9a0       0x98 ./Middlewares/Third_Party/SystemView/SEGGER/SEGGER_RTT.o
                0x000000000800a9a0                SEGGER_RTT_ConfigDownBuffer
 .text._EncodeStr
                0x000000000800aa38       0xa0 ./Middlewares/Third_Party/SystemView/SEGGER/SEGGER_SYSVIEW.o
 .text._PreparePacket
                0x000000000800aad8       0x18 ./Middlewares/Third_Party/SystemView/SEGGER/SEGGER_SYSVIEW.o
 .text._HandleIncomingPacket
                0x000000000800aaf0       0xe0 ./Middlewares/Third_Party/SystemView/SEGGER/SEGGER_SYSVIEW.o
 .text._TrySendOverflowPacket
                0x000000000800abd0       0xe4 ./Middlewares/Third_Party/SystemView/SEGGER/SEGGER_SYSVIEW.o
 .text._SendPacket
                0x000000000800acb4      0x1cc ./Middlewares/Third_Party/SystemView/SEGGER/SEGGER_SYSVIEW.o
 .text.SEGGER_SYSVIEW_Init
                0x000000000800ae80       0x88 ./Middlewares/Third_Party/SystemView/SEGGER/SEGGER_SYSVIEW.o
                0x000000000800ae80                SEGGER_SYSVIEW_Init
 .text.SEGGER_SYSVIEW_SetRAMBase
                0x000000000800af08       0x20 ./Middlewares/Third_Party/SystemView/SEGGER/SEGGER_SYSVIEW.o
                0x000000000800af08                SEGGER_SYSVIEW_SetRAMBase
 .text.SEGGER_SYSVIEW_RecordVoid
                0x000000000800af28       0x3c ./Middlewares/Third_Party/SystemView/SEGGER/SEGGER_SYSVIEW.o
                0x000000000800af28                SEGGER_SYSVIEW_RecordVoid
 .text.SEGGER_SYSVIEW_RecordU32
                0x000000000800af64       0x78 ./Middlewares/Third_Party/SystemView/SEGGER/SEGGER_SYSVIEW.o
                0x000000000800af64                SEGGER_SYSVIEW_RecordU32
 .text.SEGGER_SYSVIEW_RecordU32x2
                0x000000000800afdc       0xb4 ./Middlewares/Third_Party/SystemView/SEGGER/SEGGER_SYSVIEW.o
                0x000000000800afdc                SEGGER_SYSVIEW_RecordU32x2
 .text.SEGGER_SYSVIEW_RecordU32x3
                0x000000000800b090       0xec ./Middlewares/Third_Party/SystemView/SEGGER/SEGGER_SYSVIEW.o
                0x000000000800b090                SEGGER_SYSVIEW_RecordU32x3
 .text.SEGGER_SYSVIEW_RecordU32x4
                0x000000000800b17c      0x124 ./Middlewares/Third_Party/SystemView/SEGGER/SEGGER_SYSVIEW.o
                0x000000000800b17c                SEGGER_SYSVIEW_RecordU32x4
 .text.SEGGER_SYSVIEW_Start
                0x000000000800b2a0      0x174 ./Middlewares/Third_Party/SystemView/SEGGER/SEGGER_SYSVIEW.o
                0x000000000800b2a0                SEGGER_SYSVIEW_Start
 .text.SEGGER_SYSVIEW_Stop
                0x000000000800b414       0x4c ./Middlewares/Third_Party/SystemView/SEGGER/SEGGER_SYSVIEW.o
                0x000000000800b414                SEGGER_SYSVIEW_Stop
 .text.SEGGER_SYSVIEW_GetSysDesc
                0x000000000800b460      0x134 ./Middlewares/Third_Party/SystemView/SEGGER/SEGGER_SYSVIEW.o
                0x000000000800b460                SEGGER_SYSVIEW_GetSysDesc
 .text.SEGGER_SYSVIEW_SendTaskInfo
                0x000000000800b594      0x1c8 ./Middlewares/Third_Party/SystemView/SEGGER/SEGGER_SYSVIEW.o
                0x000000000800b594                SEGGER_SYSVIEW_SendTaskInfo
 .text.SEGGER_SYSVIEW_SendTaskList
                0x000000000800b75c       0x28 ./Middlewares/Third_Party/SystemView/SEGGER/SEGGER_SYSVIEW.o
                0x000000000800b75c                SEGGER_SYSVIEW_SendTaskList
 .text.SEGGER_SYSVIEW_SendSysDesc
                0x000000000800b784       0x48 ./Middlewares/Third_Party/SystemView/SEGGER/SEGGER_SYSVIEW.o
                0x000000000800b784                SEGGER_SYSVIEW_SendSysDesc
 .text.SEGGER_SYSVIEW_RecordSystime
                0x000000000800b7cc       0x64 ./Middlewares/Third_Party/SystemView/SEGGER/SEGGER_SYSVIEW.o
                0x000000000800b7cc                SEGGER_SYSVIEW_RecordSystime
 .text.SEGGER_SYSVIEW_RecordEnterISR
                0x000000000800b830       0x84 ./Middlewares/Third_Party/SystemView/SEGGER/SEGGER_SYSVIEW.o
                0x000000000800b830                SEGGER_SYSVIEW_RecordEnterISR
 .text.SEGGER_SYSVIEW_RecordExitISR
                0x000000000800b8b4       0x38 ./Middlewares/Third_Party/SystemView/SEGGER/SEGGER_SYSVIEW.o
                0x000000000800b8b4                SEGGER_SYSVIEW_RecordExitISR
 .text.SEGGER_SYSVIEW_RecordEnterTimer
                0x000000000800b8ec       0x80 ./Middlewares/Third_Party/SystemView/SEGGER/SEGGER_SYSVIEW.o
                0x000000000800b8ec                SEGGER_SYSVIEW_RecordEnterTimer
 .text.SEGGER_SYSVIEW_RecordExitTimer
                0x000000000800b96c       0x38 ./Middlewares/Third_Party/SystemView/SEGGER/SEGGER_SYSVIEW.o
                0x000000000800b96c                SEGGER_SYSVIEW_RecordExitTimer
 .text.SEGGER_SYSVIEW_OnIdle
                0x000000000800b9a4       0x38 ./Middlewares/Third_Party/SystemView/SEGGER/SEGGER_SYSVIEW.o
                0x000000000800b9a4                SEGGER_SYSVIEW_OnIdle
 .text.SEGGER_SYSVIEW_OnTaskCreate
                0x000000000800b9dc       0x84 ./Middlewares/Third_Party/SystemView/SEGGER/SEGGER_SYSVIEW.o
                0x000000000800b9dc                SEGGER_SYSVIEW_OnTaskCreate
 .text.SEGGER_SYSVIEW_OnTaskStartExec
                0x000000000800ba60       0x84 ./Middlewares/Third_Party/SystemView/SEGGER/SEGGER_SYSVIEW.o
                0x000000000800ba60                SEGGER_SYSVIEW_OnTaskStartExec
 .text.SEGGER_SYSVIEW_OnTaskStartReady
                0x000000000800bae4       0x84 ./Middlewares/Third_Party/SystemView/SEGGER/SEGGER_SYSVIEW.o
                0x000000000800bae4                SEGGER_SYSVIEW_OnTaskStartReady
 .text.SEGGER_SYSVIEW_ShrinkId
                0x000000000800bb68       0x20 ./Middlewares/Third_Party/SystemView/SEGGER/SEGGER_SYSVIEW.o
                0x000000000800bb68                SEGGER_SYSVIEW_ShrinkId
 .text.SEGGER_SYSVIEW_SendModule
                0x000000000800bb88      0x100 ./Middlewares/Third_Party/SystemView/SEGGER/SEGGER_SYSVIEW.o
                0x000000000800bb88                SEGGER_SYSVIEW_SendModule
 .text.SEGGER_SYSVIEW_SendModuleDescription
                0x000000000800bc88       0x3c ./Middlewares/Third_Party/SystemView/SEGGER/SEGGER_SYSVIEW.o
                0x000000000800bc88                SEGGER_SYSVIEW_SendModuleDescription
 .text.SEGGER_SYSVIEW_SendNumModules
                0x000000000800bcc4       0x7c ./Middlewares/Third_Party/SystemView/SEGGER/SEGGER_SYSVIEW.o
                0x000000000800bcc4                SEGGER_SYSVIEW_SendNumModules
 .text.SEGGER_SYSVIEW_Warn
                0x000000000800bd40       0xb8 ./Middlewares/Third_Party/SystemView/SEGGER/SEGGER_SYSVIEW.o
                0x000000000800bd40                SEGGER_SYSVIEW_Warn
 .text.__NVIC_EnableIRQ
                0x000000000800bdf8       0x3c ./Middlewares/Third_Party/SystemView/Sample/FreeRTOS/Config/SEGGER_SYSVIEW_Config_FreeRTOS.o
 .text.LL_APB1_GRP1_EnableClock
                0x000000000800be34       0x30 ./Middlewares/Third_Party/SystemView/Sample/FreeRTOS/Config/SEGGER_SYSVIEW_Config_FreeRTOS.o
 .text.LL_TIM_EnableCounter
                0x000000000800be64       0x20 ./Middlewares/Third_Party/SystemView/Sample/FreeRTOS/Config/SEGGER_SYSVIEW_Config_FreeRTOS.o
 .text.LL_TIM_SetPrescaler
                0x000000000800be84       0x1c ./Middlewares/Third_Party/SystemView/Sample/FreeRTOS/Config/SEGGER_SYSVIEW_Config_FreeRTOS.o
 .text.LL_TIM_ClearFlag_UPDATE
                0x000000000800bea0       0x1c ./Middlewares/Third_Party/SystemView/Sample/FreeRTOS/Config/SEGGER_SYSVIEW_Config_FreeRTOS.o
 .text.LL_TIM_IsActiveFlag_UPDATE
                0x000000000800bebc       0x26 ./Middlewares/Third_Party/SystemView/Sample/FreeRTOS/Config/SEGGER_SYSVIEW_Config_FreeRTOS.o
 .text.LL_TIM_EnableIT_UPDATE
                0x000000000800bee2       0x20 ./Middlewares/Third_Party/SystemView/Sample/FreeRTOS/Config/SEGGER_SYSVIEW_Config_FreeRTOS.o
 *fill*         0x000000000800bf02        0x2 
 .text._cbSendSystemDesc
                0x000000000800bf04       0x14 ./Middlewares/Third_Party/SystemView/Sample/FreeRTOS/Config/SEGGER_SYSVIEW_Config_FreeRTOS.o
 .text.TIM7_IRQHandler
                0x000000000800bf18       0x2c ./Middlewares/Third_Party/SystemView/Sample/FreeRTOS/Config/SEGGER_SYSVIEW_Config_FreeRTOS.o
                0x000000000800bf18                TIM7_IRQHandler
 .text.SEGGER_SYSVIEW_TimeStampInit
                0x000000000800bf44       0x48 ./Middlewares/Third_Party/SystemView/Sample/FreeRTOS/Config/SEGGER_SYSVIEW_Config_FreeRTOS.o
 .text.SEGGER_SYSVIEW_Conf
                0x000000000800bf8c       0x30 ./Middlewares/Third_Party/SystemView/Sample/FreeRTOS/Config/SEGGER_SYSVIEW_Config_FreeRTOS.o
                0x000000000800bf8c                SEGGER_SYSVIEW_Conf
 .text._cbSendTaskList
                0x000000000800bfbc       0xbc ./Middlewares/Third_Party/SystemView/Sample/FreeRTOS/SEGGER_SYSVIEW_FreeRTOS.o
 .text._cbGetTime
                0x000000000800c078       0x86 ./Middlewares/Third_Party/SystemView/Sample/FreeRTOS/SEGGER_SYSVIEW_FreeRTOS.o
 *fill*         0x000000000800c0fe        0x2 
 .text.SYSVIEW_AddTask
                0x000000000800c100       0xd0 ./Middlewares/Third_Party/SystemView/Sample/FreeRTOS/SEGGER_SYSVIEW_FreeRTOS.o
                0x000000000800c100                SYSVIEW_AddTask
 .text.SYSVIEW_SendTaskInfo
                0x000000000800c1d0       0x42 ./Middlewares/Third_Party/SystemView/Sample/FreeRTOS/SEGGER_SYSVIEW_FreeRTOS.o
                0x000000000800c1d0                SYSVIEW_SendTaskInfo
 *fill*         0x000000000800c212        0x2 
 .text.__assert_func
                0x000000000800c214       0x3c C:/ST/STM32CubeIDE_1.14.1/STM32CubeIDE/plugins/com.st.stm32cube.ide.mcu.externaltools.gnu-tools-for-stm32.11.3.rel1.win32_1.1.100.202309141235/tools/bin/../lib/gcc/arm-none-eabi/11.3.1/../../../../arm-none-eabi/lib/thumb/v7e-m+fp/hard\libc_nano.a(libc_a-assert.o)
                0x000000000800c214                __assert_func
 .text.std      0x000000000800c250       0x6c C:/ST/STM32CubeIDE_1.14.1/STM32CubeIDE/plugins/com.st.stm32cube.ide.mcu.externaltools.gnu-tools-for-stm32.11.3.rel1.win32_1.1.100.202309141235/tools/bin/../lib/gcc/arm-none-eabi/11.3.1/../../../../arm-none-eabi/lib/thumb/v7e-m+fp/hard\libc_nano.a(libc_a-findfp.o)
 .text.stdio_exit_handler
                0x000000000800c2bc       0x18 C:/ST/STM32CubeIDE_1.14.1/STM32CubeIDE/plugins/com.st.stm32cube.ide.mcu.externaltools.gnu-tools-for-stm32.11.3.rel1.win32_1.1.100.202309141235/tools/bin/../lib/gcc/arm-none-eabi/11.3.1/../../../../arm-none-eabi/lib/thumb/v7e-m+fp/hard\libc_nano.a(libc_a-findfp.o)
 .text.cleanup_stdio
                0x000000000800c2d4       0x40 C:/ST/STM32CubeIDE_1.14.1/STM32CubeIDE/plugins/com.st.stm32cube.ide.mcu.externaltools.gnu-tools-for-stm32.11.3.rel1.win32_1.1.100.202309141235/tools/bin/../lib/gcc/arm-none-eabi/11.3.1/../../../../arm-none-eabi/lib/thumb/v7e-m+fp/hard\libc_nano.a(libc_a-findfp.o)
 .text.global_stdio_init.part.0
                0x000000000800c314       0x3c C:/ST/STM32CubeIDE_1.14.1/STM32CubeIDE/plugins/com.st.stm32cube.ide.mcu.externaltools.gnu-tools-for-stm32.11.3.rel1.win32_1.1.100.202309141235/tools/bin/../lib/gcc/arm-none-eabi/11.3.1/../../../../arm-none-eabi/lib/thumb/v7e-m+fp/hard\libc_nano.a(libc_a-findfp.o)
 .text.__sfp_lock_acquire
                0x000000000800c350        0xc C:/ST/STM32CubeIDE_1.14.1/STM32CubeIDE/plugins/com.st.stm32cube.ide.mcu.externaltools.gnu-tools-for-stm32.11.3.rel1.win32_1.1.100.202309141235/tools/bin/../lib/gcc/arm-none-eabi/11.3.1/../../../../arm-none-eabi/lib/thumb/v7e-m+fp/hard\libc_nano.a(libc_a-findfp.o)
                0x000000000800c350                __sfp_lock_acquire
 .text.__sfp_lock_release
                0x000000000800c35c        0xc C:/ST/STM32CubeIDE_1.14.1/STM32CubeIDE/plugins/com.st.stm32cube.ide.mcu.externaltools.gnu-tools-for-stm32.11.3.rel1.win32_1.1.100.202309141235/tools/bin/../lib/gcc/arm-none-eabi/11.3.1/../../../../arm-none-eabi/lib/thumb/v7e-m+fp/hard\libc_nano.a(libc_a-findfp.o)
                0x000000000800c35c                __sfp_lock_release
 .text.__sinit  0x000000000800c368       0x30 C:/ST/STM32CubeIDE_1.14.1/STM32CubeIDE/plugins/com.st.stm32cube.ide.mcu.externaltools.gnu-tools-for-stm32.11.3.rel1.win32_1.1.100.202309141235/tools/bin/../lib/gcc/arm-none-eabi/11.3.1/../../../../arm-none-eabi/lib/thumb/v7e-m+fp/hard\libc_nano.a(libc_a-findfp.o)
                0x000000000800c368                __sinit
 .text.fprintf  0x000000000800c398       0x24 C:/ST/STM32CubeIDE_1.14.1/STM32CubeIDE/plugins/com.st.stm32cube.ide.mcu.externaltools.gnu-tools-for-stm32.11.3.rel1.win32_1.1.100.202309141235/tools/bin/../lib/gcc/arm-none-eabi/11.3.1/../../../../arm-none-eabi/lib/thumb/v7e-m+fp/hard\libc_nano.a(libc_a-fprintf.o)
                0x000000000800c398                fiprintf
                0x000000000800c398                fprintf
 .text._fwalk_sglue
                0x000000000800c3bc       0x3c C:/ST/STM32CubeIDE_1.14.1/STM32CubeIDE/plugins/com.st.stm32cube.ide.mcu.externaltools.gnu-tools-for-stm32.11.3.rel1.win32_1.1.100.202309141235/tools/bin/../lib/gcc/arm-none-eabi/11.3.1/../../../../arm-none-eabi/lib/thumb/v7e-m+fp/hard\libc_nano.a(libc_a-fwalk.o)
                0x000000000800c3bc                _fwalk_sglue
 .text.__sread  0x000000000800c3f8       0x22 C:/ST/STM32CubeIDE_1.14.1/STM32CubeIDE/plugins/com.st.stm32cube.ide.mcu.externaltools.gnu-tools-for-stm32.11.3.rel1.win32_1.1.100.202309141235/tools/bin/../lib/gcc/arm-none-eabi/11.3.1/../../../../arm-none-eabi/lib/thumb/v7e-m+fp/hard\libc_nano.a(libc_a-stdio.o)
                0x000000000800c3f8                __sread
 .text.__swrite
                0x000000000800c41a       0x38 C:/ST/STM32CubeIDE_1.14.1/STM32CubeIDE/plugins/com.st.stm32cube.ide.mcu.externaltools.gnu-tools-for-stm32.11.3.rel1.win32_1.1.100.202309141235/tools/bin/../lib/gcc/arm-none-eabi/11.3.1/../../../../arm-none-eabi/lib/thumb/v7e-m+fp/hard\libc_nano.a(libc_a-stdio.o)
                0x000000000800c41a                __swrite
 .text.__sseek  0x000000000800c452       0x24 C:/ST/STM32CubeIDE_1.14.1/STM32CubeIDE/plugins/com.st.stm32cube.ide.mcu.externaltools.gnu-tools-for-stm32.11.3.rel1.win32_1.1.100.202309141235/tools/bin/../lib/gcc/arm-none-eabi/11.3.1/../../../../arm-none-eabi/lib/thumb/v7e-m+fp/hard\libc_nano.a(libc_a-stdio.o)
                0x000000000800c452                __sseek
 .text.__sclose
                0x000000000800c476        0x8 C:/ST/STM32CubeIDE_1.14.1/STM32CubeIDE/plugins/com.st.stm32cube.ide.mcu.externaltools.gnu-tools-for-stm32.11.3.rel1.win32_1.1.100.202309141235/tools/bin/../lib/gcc/arm-none-eabi/11.3.1/../../../../arm-none-eabi/lib/thumb/v7e-m+fp/hard\libc_nano.a(libc_a-stdio.o)
                0x000000000800c476                __sclose
 .text.memcmp   0x000000000800c47e       0x20 C:/ST/STM32CubeIDE_1.14.1/STM32CubeIDE/plugins/com.st.stm32cube.ide.mcu.externaltools.gnu-tools-for-stm32.11.3.rel1.win32_1.1.100.202309141235/tools/bin/../lib/gcc/arm-none-eabi/11.3.1/../../../../arm-none-eabi/lib/thumb/v7e-m+fp/hard\libc_nano.a(libc_a-memcmp.o)
                0x000000000800c47e                memcmp
 .text.memset   0x000000000800c49e       0x10 C:/ST/STM32CubeIDE_1.14.1/STM32CubeIDE/plugins/com.st.stm32cube.ide.mcu.externaltools.gnu-tools-for-stm32.11.3.rel1.win32_1.1.100.202309141235/tools/bin/../lib/gcc/arm-none-eabi/11.3.1/../../../../arm-none-eabi/lib/thumb/v7e-m+fp/hard\libc_nano.a(libc_a-memset.o)
                0x000000000800c49e                memset
 *fill*         0x000000000800c4ae        0x2 
 .text._close_r
                0x000000000800c4b0       0x20 C:/ST/STM32CubeIDE_1.14.1/STM32CubeIDE/plugins/com.st.stm32cube.ide.mcu.externaltools.gnu-tools-for-stm32.11.3.rel1.win32_1.1.100.202309141235/tools/bin/../lib/gcc/arm-none-eabi/11.3.1/../../../../arm-none-eabi/lib/thumb/v7e-m+fp/hard\libc_nano.a(libc_a-closer.o)
                0x000000000800c4b0                _close_r
 .text._lseek_r
                0x000000000800c4d0       0x24 C:/ST/STM32CubeIDE_1.14.1/STM32CubeIDE/plugins/com.st.stm32cube.ide.mcu.externaltools.gnu-tools-for-stm32.11.3.rel1.win32_1.1.100.202309141235/tools/bin/../lib/gcc/arm-none-eabi/11.3.1/../../../../arm-none-eabi/lib/thumb/v7e-m+fp/hard\libc_nano.a(libc_a-lseekr.o)
                0x000000000800c4d0                _lseek_r
 .text._read_r  0x000000000800c4f4       0x24 C:/ST/STM32CubeIDE_1.14.1/STM32CubeIDE/plugins/com.st.stm32cube.ide.mcu.externaltools.gnu-tools-for-stm32.11.3.rel1.win32_1.1.100.202309141235/tools/bin/../lib/gcc/arm-none-eabi/11.3.1/../../../../arm-none-eabi/lib/thumb/v7e-m+fp/hard\libc_nano.a(libc_a-readr.o)
                0x000000000800c4f4                _read_r
 .text._write_r
                0x000000000800c518       0x24 C:/ST/STM32CubeIDE_1.14.1/STM32CubeIDE/plugins/com.st.stm32cube.ide.mcu.externaltools.gnu-tools-for-stm32.11.3.rel1.win32_1.1.100.202309141235/tools/bin/../lib/gcc/arm-none-eabi/11.3.1/../../../../arm-none-eabi/lib/thumb/v7e-m+fp/hard\libc_nano.a(libc_a-writer.o)
                0x000000000800c518                _write_r
 .text.__errno  0x000000000800c53c        0xc C:/ST/STM32CubeIDE_1.14.1/STM32CubeIDE/plugins/com.st.stm32cube.ide.mcu.externaltools.gnu-tools-for-stm32.11.3.rel1.win32_1.1.100.202309141235/tools/bin/../lib/gcc/arm-none-eabi/11.3.1/../../../../arm-none-eabi/lib/thumb/v7e-m+fp/hard\libc_nano.a(libc_a-errno.o)
                0x000000000800c53c                __errno
 .text.__libc_init_array
                0x000000000800c548       0x48 C:/ST/STM32CubeIDE_1.14.1/STM32CubeIDE/plugins/com.st.stm32cube.ide.mcu.externaltools.gnu-tools-for-stm32.11.3.rel1.win32_1.1.100.202309141235/tools/bin/../lib/gcc/arm-none-eabi/11.3.1/../../../../arm-none-eabi/lib/thumb/v7e-m+fp/hard\libc_nano.a(libc_a-init.o)
                0x000000000800c548                __libc_init_array
 .text.__retarget_lock_init_recursive
                0x000000000800c590        0x2 C:/ST/STM32CubeIDE_1.14.1/STM32CubeIDE/plugins/com.st.stm32cube.ide.mcu.externaltools.gnu-tools-for-stm32.11.3.rel1.win32_1.1.100.202309141235/tools/bin/../lib/gcc/arm-none-eabi/11.3.1/../../../../arm-none-eabi/lib/thumb/v7e-m+fp/hard\libc_nano.a(libc_a-lock.o)
                0x000000000800c590                __retarget_lock_init_recursive
 .text.__retarget_lock_acquire_recursive
                0x000000000800c592        0x2 C:/ST/STM32CubeIDE_1.14.1/STM32CubeIDE/plugins/com.st.stm32cube.ide.mcu.externaltools.gnu-tools-for-stm32.11.3.rel1.win32_1.1.100.202309141235/tools/bin/../lib/gcc/arm-none-eabi/11.3.1/../../../../arm-none-eabi/lib/thumb/v7e-m+fp/hard\libc_nano.a(libc_a-lock.o)
                0x000000000800c592                __retarget_lock_acquire_recursive
 .text.__retarget_lock_release_recursive
                0x000000000800c594        0x2 C:/ST/STM32CubeIDE_1.14.1/STM32CubeIDE/plugins/com.st.stm32cube.ide.mcu.externaltools.gnu-tools-for-stm32.11.3.rel1.win32_1.1.100.202309141235/tools/bin/../lib/gcc/arm-none-eabi/11.3.1/../../../../arm-none-eabi/lib/thumb/v7e-m+fp/hard\libc_nano.a(libc_a-lock.o)
                0x000000000800c594                __retarget_lock_release_recursive
 .text.memcpy   0x000000000800c596       0x1c C:/ST/STM32CubeIDE_1.14.1/STM32CubeIDE/plugins/com.st.stm32cube.ide.mcu.externaltools.gnu-tools-for-stm32.11.3.rel1.win32_1.1.100.202309141235/tools/bin/../lib/gcc/arm-none-eabi/11.3.1/../../../../arm-none-eabi/lib/thumb/v7e-m+fp/hard\libc_nano.a(libc_a-memcpy-stub.o)
                0x000000000800c596                memcpy
 .text.abort    0x000000000800c5b2        0xe C:/ST/STM32CubeIDE_1.14.1/STM32CubeIDE/plugins/com.st.stm32cube.ide.mcu.externaltools.gnu-tools-for-stm32.11.3.rel1.win32_1.1.100.202309141235/tools/bin/../lib/gcc/arm-none-eabi/11.3.1/../../../../arm-none-eabi/lib/thumb/v7e-m+fp/hard\libc_nano.a(libc_a-abort.o)
                0x000000000800c5b2                abort
 .text._free_r  0x000000000800c5c0       0x98 C:/ST/STM32CubeIDE_1.14.1/STM32CubeIDE/plugins/com.st.stm32cube.ide.mcu.externaltools.gnu-tools-for-stm32.11.3.rel1.win32_1.1.100.202309141235/tools/bin/../lib/gcc/arm-none-eabi/11.3.1/../../../../arm-none-eabi/lib/thumb/v7e-m+fp/hard\libc_nano.a(libc_a-freer.o)
                0x000000000800c5c0                _free_r
 .text.sbrk_aligned
                0x000000000800c658       0x40 C:/ST/STM32CubeIDE_1.14.1/STM32CubeIDE/plugins/com.st.stm32cube.ide.mcu.externaltools.gnu-tools-for-stm32.11.3.rel1.win32_1.1.100.202309141235/tools/bin/../lib/gcc/arm-none-eabi/11.3.1/../../../../arm-none-eabi/lib/thumb/v7e-m+fp/hard\libc_nano.a(libc_a-mallocr.o)
 .text._malloc_r
                0x000000000800c698      0x100 C:/ST/STM32CubeIDE_1.14.1/STM32CubeIDE/plugins/com.st.stm32cube.ide.mcu.externaltools.gnu-tools-for-stm32.11.3.rel1.win32_1.1.100.202309141235/tools/bin/../lib/gcc/arm-none-eabi/11.3.1/../../../../arm-none-eabi/lib/thumb/v7e-m+fp/hard\libc_nano.a(libc_a-mallocr.o)
                0x000000000800c698                _malloc_r
 .text.__malloc_lock
                0x000000000800c798        0xc C:/ST/STM32CubeIDE_1.14.1/STM32CubeIDE/plugins/com.st.stm32cube.ide.mcu.externaltools.gnu-tools-for-stm32.11.3.rel1.win32_1.1.100.202309141235/tools/bin/../lib/gcc/arm-none-eabi/11.3.1/../../../../arm-none-eabi/lib/thumb/v7e-m+fp/hard\libc_nano.a(libc_a-mlock.o)
                0x000000000800c798                __malloc_lock
 .text.__malloc_unlock
                0x000000000800c7a4        0xc C:/ST/STM32CubeIDE_1.14.1/STM32CubeIDE/plugins/com.st.stm32cube.ide.mcu.externaltools.gnu-tools-for-stm32.11.3.rel1.win32_1.1.100.202309141235/tools/bin/../lib/gcc/arm-none-eabi/11.3.1/../../../../arm-none-eabi/lib/thumb/v7e-m+fp/hard\libc_nano.a(libc_a-mlock.o)
                0x000000000800c7a4                __malloc_unlock
 .text.__sfputc_r
                0x000000000800c7b0       0x2e C:/ST/STM32CubeIDE_1.14.1/STM32CubeIDE/plugins/com.st.stm32cube.ide.mcu.externaltools.gnu-tools-for-stm32.11.3.rel1.win32_1.1.100.202309141235/tools/bin/../lib/gcc/arm-none-eabi/11.3.1/../../../../arm-none-eabi/lib/thumb/v7e-m+fp/hard\libc_nano.a(libc_a-nano-vfprintf.o)
 .text.__sfputs_r
                0x000000000800c7de       0x24 C:/ST/STM32CubeIDE_1.14.1/STM32CubeIDE/plugins/com.st.stm32cube.ide.mcu.externaltools.gnu-tools-for-stm32.11.3.rel1.win32_1.1.100.202309141235/tools/bin/../lib/gcc/arm-none-eabi/11.3.1/../../../../arm-none-eabi/lib/thumb/v7e-m+fp/hard\libc_nano.a(libc_a-nano-vfprintf.o)
                0x000000000800c7de                __sfputs_r
 *fill*         0x000000000800c802        0x2 
 .text._vfprintf_r
                0x000000000800c804      0x234 C:/ST/STM32CubeIDE_1.14.1/STM32CubeIDE/plugins/com.st.stm32cube.ide.mcu.externaltools.gnu-tools-for-stm32.11.3.rel1.win32_1.1.100.202309141235/tools/bin/../lib/gcc/arm-none-eabi/11.3.1/../../../../arm-none-eabi/lib/thumb/v7e-m+fp/hard\libc_nano.a(libc_a-nano-vfprintf.o)
                0x000000000800c804                _vfprintf_r
                0x000000000800c804                _vfiprintf_r
 .text._printf_common
                0x000000000800ca38       0xda C:/ST/STM32CubeIDE_1.14.1/STM32CubeIDE/plugins/com.st.stm32cube.ide.mcu.externaltools.gnu-tools-for-stm32.11.3.rel1.win32_1.1.100.202309141235/tools/bin/../lib/gcc/arm-none-eabi/11.3.1/../../../../arm-none-eabi/lib/thumb/v7e-m+fp/hard\libc_nano.a(libc_a-nano-vfprintf_i.o)
                0x000000000800ca38                _printf_common
 *fill*         0x000000000800cb12        0x2 
 .text._printf_i
                0x000000000800cb14      0x244 C:/ST/STM32CubeIDE_1.14.1/STM32CubeIDE/plugins/com.st.stm32cube.ide.mcu.externaltools.gnu-tools-for-stm32.11.3.rel1.win32_1.1.100.202309141235/tools/bin/../lib/gcc/arm-none-eabi/11.3.1/../../../../arm-none-eabi/lib/thumb/v7e-m+fp/hard\libc_nano.a(libc_a-nano-vfprintf_i.o)
                0x000000000800cb14                _printf_i
 .text.__sflush_r
                0x000000000800cd58      0x10c C:/ST/STM32CubeIDE_1.14.1/STM32CubeIDE/plugins/com.st.stm32cube.ide.mcu.externaltools.gnu-tools-for-stm32.11.3.rel1.win32_1.1.100.202309141235/tools/bin/../lib/gcc/arm-none-eabi/11.3.1/../../../../arm-none-eabi/lib/thumb/v7e-m+fp/hard\libc_nano.a(libc_a-fflush.o)
                0x000000000800cd58                __sflush_r
 .text._fflush_r
                0x000000000800ce64       0x50 C:/ST/STM32CubeIDE_1.14.1/STM32CubeIDE/plugins/com.st.stm32cube.ide.mcu.externaltools.gnu-tools-for-stm32.11.3.rel1.win32_1.1.100.202309141235/tools/bin/../lib/gcc/arm-none-eabi/11.3.1/../../../../arm-none-eabi/lib/thumb/v7e-m+fp/hard\libc_nano.a(libc_a-fflush.o)
                0x000000000800ce64                _fflush_r
 .text.__swbuf_r
                0x000000000800ceb4       0x7a C:/ST/STM32CubeIDE_1.14.1/STM32CubeIDE/plugins/com.st.stm32cube.ide.mcu.externaltools.gnu-tools-for-stm32.11.3.rel1.win32_1.1.100.202309141235/tools/bin/../lib/gcc/arm-none-eabi/11.3.1/../../../../arm-none-eabi/lib/thumb/v7e-m+fp/hard\libc_nano.a(libc_a-wbuf.o)
                0x000000000800ceb4                __swbuf_r
 *fill*         0x000000000800cf2e        0x2 
 .text.__swsetup_r
                0x000000000800cf30       0xb0 C:/ST/STM32CubeIDE_1.14.1/STM32CubeIDE/plugins/com.st.stm32cube.ide.mcu.externaltools.gnu-tools-for-stm32.11.3.rel1.win32_1.1.100.202309141235/tools/bin/../lib/gcc/arm-none-eabi/11.3.1/../../../../arm-none-eabi/lib/thumb/v7e-m+fp/hard\libc_nano.a(libc_a-wsetup.o)
                0x000000000800cf30                __swsetup_r
 .text._raise_r
                0x000000000800cfe0       0x50 C:/ST/STM32CubeIDE_1.14.1/STM32CubeIDE/plugins/com.st.stm32cube.ide.mcu.externaltools.gnu-tools-for-stm32.11.3.rel1.win32_1.1.100.202309141235/tools/bin/../lib/gcc/arm-none-eabi/11.3.1/../../../../arm-none-eabi/lib/thumb/v7e-m+fp/hard\libc_nano.a(libc_a-signal.o)
                0x000000000800cfe0                _raise_r
 .text.raise    0x000000000800d030       0x10 C:/ST/STM32CubeIDE_1.14.1/STM32CubeIDE/plugins/com.st.stm32cube.ide.mcu.externaltools.gnu-tools-for-stm32.11.3.rel1.win32_1.1.100.202309141235/tools/bin/../lib/gcc/arm-none-eabi/11.3.1/../../../../arm-none-eabi/lib/thumb/v7e-m+fp/hard\libc_nano.a(libc_a-signal.o)
                0x000000000800d030                raise
 .text._kill_r  0x000000000800d040       0x24 C:/ST/STM32CubeIDE_1.14.1/STM32CubeIDE/plugins/com.st.stm32cube.ide.mcu.externaltools.gnu-tools-for-stm32.11.3.rel1.win32_1.1.100.202309141235/tools/bin/../lib/gcc/arm-none-eabi/11.3.1/../../../../arm-none-eabi/lib/thumb/v7e-m+fp/hard\libc_nano.a(libc_a-signalr.o)
                0x000000000800d040                _kill_r
 .text._getpid_r
                0x000000000800d064        0x4 C:/ST/STM32CubeIDE_1.14.1/STM32CubeIDE/plugins/com.st.stm32cube.ide.mcu.externaltools.gnu-tools-for-stm32.11.3.rel1.win32_1.1.100.202309141235/tools/bin/../lib/gcc/arm-none-eabi/11.3.1/../../../../arm-none-eabi/lib/thumb/v7e-m+fp/hard\libc_nano.a(libc_a-signalr.o)
                0x000000000800d064                _getpid_r
 .text._sbrk_r  0x000000000800d068       0x20 C:/ST/STM32CubeIDE_1.14.1/STM32CubeIDE/plugins/com.st.stm32cube.ide.mcu.externaltools.gnu-tools-for-stm32.11.3.rel1.win32_1.1.100.202309141235/tools/bin/../lib/gcc/arm-none-eabi/11.3.1/../../../../arm-none-eabi/lib/thumb/v7e-m+fp/hard\libc_nano.a(libc_a-sbrkr.o)
                0x000000000800d068                _sbrk_r
 .text.__swhatbuf_r
                0x000000000800d088       0x4c C:/ST/STM32CubeIDE_1.14.1/STM32CubeIDE/plugins/com.st.stm32cube.ide.mcu.externaltools.gnu-tools-for-stm32.11.3.rel1.win32_1.1.100.202309141235/tools/bin/../lib/gcc/arm-none-eabi/11.3.1/../../../../arm-none-eabi/lib/thumb/v7e-m+fp/hard\libc_nano.a(libc_a-makebuf.o)
                0x000000000800d088                __swhatbuf_r
 .text.__smakebuf_r
                0x000000000800d0d4       0x78 C:/ST/STM32CubeIDE_1.14.1/STM32CubeIDE/plugins/com.st.stm32cube.ide.mcu.externaltools.gnu-tools-for-stm32.11.3.rel1.win32_1.1.100.202309141235/tools/bin/../lib/gcc/arm-none-eabi/11.3.1/../../../../arm-none-eabi/lib/thumb/v7e-m+fp/hard\libc_nano.a(libc_a-makebuf.o)
                0x000000000800d0d4                __smakebuf_r
 .text._fstat_r
                0x000000000800d14c       0x24 C:/ST/STM32CubeIDE_1.14.1/STM32CubeIDE/plugins/com.st.stm32cube.ide.mcu.externaltools.gnu-tools-for-stm32.11.3.rel1.win32_1.1.100.202309141235/tools/bin/../lib/gcc/arm-none-eabi/11.3.1/../../../../arm-none-eabi/lib/thumb/v7e-m+fp/hard\libc_nano.a(libc_a-fstatr.o)
                0x000000000800d14c                _fstat_r
 .text._isatty_r
                0x000000000800d170       0x20 C:/ST/STM32CubeIDE_1.14.1/STM32CubeIDE/plugins/com.st.stm32cube.ide.mcu.externaltools.gnu-tools-for-stm32.11.3.rel1.win32_1.1.100.202309141235/tools/bin/../lib/gcc/arm-none-eabi/11.3.1/../../../../arm-none-eabi/lib/thumb/v7e-m+fp/hard\libc_nano.a(libc_a-isattyr.o)
                0x000000000800d170                _isatty_r
 *(.glue_7)
 .glue_7        0x000000000800d190        0x0 linker stubs
 *(.glue_7t)
 .glue_7t       0x000000000800d190        0x0 linker stubs
 *(.eh_frame)
 .eh_frame      0x000000000800d190        0x0 C:/ST/STM32CubeIDE_1.14.1/STM32CubeIDE/plugins/com.st.stm32cube.ide.mcu.externaltools.gnu-tools-for-stm32.11.3.rel1.win32_1.1.100.202309141235/tools/bin/../lib/gcc/arm-none-eabi/11.3.1/thumb/v7e-m+fp/hard/crtbegin.o
 *(.init)
 .init          0x000000000800d190        0x4 C:/ST/STM32CubeIDE_1.14.1/STM32CubeIDE/plugins/com.st.stm32cube.ide.mcu.externaltools.gnu-tools-for-stm32.11.3.rel1.win32_1.1.100.202309141235/tools/bin/../lib/gcc/arm-none-eabi/11.3.1/thumb/v7e-m+fp/hard/crti.o
                0x000000000800d190                _init
 .init          0x000000000800d194        0x8 C:/ST/STM32CubeIDE_1.14.1/STM32CubeIDE/plugins/com.st.stm32cube.ide.mcu.externaltools.gnu-tools-for-stm32.11.3.rel1.win32_1.1.100.202309141235/tools/bin/../lib/gcc/arm-none-eabi/11.3.1/thumb/v7e-m+fp/hard/crtn.o
 *(.fini)
 .fini          0x000000000800d19c        0x4 C:/ST/STM32CubeIDE_1.14.1/STM32CubeIDE/plugins/com.st.stm32cube.ide.mcu.externaltools.gnu-tools-for-stm32.11.3.rel1.win32_1.1.100.202309141235/tools/bin/../lib/gcc/arm-none-eabi/11.3.1/thumb/v7e-m+fp/hard/crti.o
                0x000000000800d19c                _fini
 .fini          0x000000000800d1a0        0x8 C:/ST/STM32CubeIDE_1.14.1/STM32CubeIDE/plugins/com.st.stm32cube.ide.mcu.externaltools.gnu-tools-for-stm32.11.3.rel1.win32_1.1.100.202309141235/tools/bin/../lib/gcc/arm-none-eabi/11.3.1/thumb/v7e-m+fp/hard/crtn.o
                0x000000000800d1a8                . = ALIGN (0x4)
                0x000000000800d1a8                _etext = .

.vfp11_veneer   0x000000000800d1a8        0x0
 .vfp11_veneer  0x000000000800d1a8        0x0 linker stubs

.v4_bx          0x000000000800d1a8        0x0
 .v4_bx         0x000000000800d1a8        0x0 linker stubs

.iplt           0x000000000800d1a8        0x0
 .iplt          0x000000000800d1a8        0x0 C:/ST/STM32CubeIDE_1.14.1/STM32CubeIDE/plugins/com.st.stm32cube.ide.mcu.externaltools.gnu-tools-for-stm32.11.3.rel1.win32_1.1.100.202309141235/tools/bin/../lib/gcc/arm-none-eabi/11.3.1/thumb/v7e-m+fp/hard/crtbegin.o

.rodata         0x000000000800d1a8     0x19c8
                0x000000000800d1a8                . = ALIGN (0x4)
 *(.rodata)
 .rodata        0x000000000800d1a8      0x3ee ./Core/Src/app.o
 *fill*         0x000000000800d596        0x2 
 .rodata        0x000000000800d598        0xc ./Core/Src/main.o
 .rodata        0x000000000800d5a4        0x5 ./Middlewares/Third_Party/FreeRTOS/Source/tasks.o
 *fill*         0x000000000800d5a9        0x3 
 .rodata        0x000000000800d5ac        0xd ./Middlewares/Third_Party/FreeRTOS/Source/timers.o
 *fill*         0x000000000800d5b9        0x3 