Archive member included to satisfy reference by file (symbol)

C:/ST/STM32CubeIDE_1.14.1/STM32CubeIDE/plugins/com.st.stm32cube.ide.mcu.externaltools.gnu-tools-for-stm32.11.3.rel1.win32_1.1.100.202309141235/tools/bin/../lib/gcc/arm-none-eabi/11.3.1/../../../../arm-none-eabi/lib/thumb/v7e-m+fp/hard\libc_nano.a(libc_a-assert.o)
                              ./Core/Src/app.o (__assert_func)
C:/ST/STM32CubeIDE_1.14.1/STM32CubeIDE/plugins/com.st.stm32cube.ide.mcu.externaltools.gnu-tools-for-stm32.11.3.rel1.win32_1.1.100.202309141235/tools/bin/../lib/gcc/arm-none-eabi/11.3.1/../../../../arm-none-eabi/lib/thumb/v7e-m+fp/hard\libc_nano.a(libc_a-exit.o)
                              C:/ST/STM32CubeIDE_1.14.1/STM32CubeIDE/plugins/com.st.stm32cube.ide.mcu.externaltools.gnu-tools-for-stm32.11.3.rel1.win32_1.1.100.202309141235/tools/bin/../lib/gcc/arm-none-eabi/11.3.1/../../../../arm-none-eabi/lib/thumb/v7e-m+fp/hard/crt0.o (exit)
C:/ST/STM32CubeIDE_1.14.1/STM32CubeIDE/plugins/com.st.stm32cube.ide.mcu.externaltools.gnu-tools-for-stm32.11.3.rel1.win32_1.1.100.202309141235/tools/bin/../lib/gcc/arm-none-eabi/11.3.1/../../../../arm-none-eabi/lib/thumb/v7e-m+fp/hard\libc_nano.a(libc_a-findfp.o)
                              ./Middlewares/Third_Party/FreeRTOS/Source/tasks.o (__sf)
C:/ST/STM32CubeIDE_1.14.1/STM32CubeIDE/plugins/com.st.stm32cube.ide.mcu.externaltools.gnu-tools-for-stm32.11.3.rel1.win32_1.1.100.202309141235/tools/bin/../lib/gcc/arm-none-eabi/11.3.1/../../../../arm-none-eabi/lib/thumb/v7e-m+fp/hard\libc_nano.a(libc_a-fprintf.o)
                              C:/ST/STM32CubeIDE_1.14.1/STM32CubeIDE/plugins/com.st.stm32cube.ide.mcu.externaltools.gnu-tools-for-stm32.11.3.rel1.win32_1.1.100.202309141235/tools/bin/../lib/gcc/arm-none-eabi/11.3.1/../../../../arm-none-eabi/lib/thumb/v7e-m+fp/hard\libc_nano.a(libc_a-assert.o) (fiprintf)
C:/ST/STM32CubeIDE_1.14.1/STM32CubeIDE/plugins/com.st.stm32cube.ide.mcu.externaltools.gnu-tools-for-stm32.11.3.rel1.win32_1.1.100.202309141235/tools/bin/../lib/gcc/arm-none-eabi/11.3.1/../../../../arm-none-eabi/lib/thumb/v7e-m+fp/hard\libc_nano.a(libc_a-fwalk.o)
                              C:/ST/STM32CubeIDE_1.14.1/STM32CubeIDE/plugins/com.st.stm32cube.ide.mcu.externaltools.gnu-tools-for-stm32.11.3.rel1.win32_1.1.100.202309141235/tools/bin/../lib/gcc/arm-none-eabi/11.3.1/../../../../arm-none-eabi/lib/thumb/v7e-m+fp/hard\libc_nano.a(libc_a-findfp.o) (_fwalk_sglue)
C:/ST/STM32CubeIDE_1.14.1/STM32CubeIDE/plugins/com.st.stm32cube.ide.mcu.externaltools.gnu-tools-for-stm32.11.3.rel1.win32_1.1.100.202309141235/tools/bin/../lib/gcc/arm-none-eabi/11.3.1/../../../../arm-none-eabi/lib/thumb/v7e-m+fp/hard\libc_nano.a(libc_a-stdio.o)
                              C:/ST/STM32CubeIDE_1.14.1/STM32CubeIDE/plugins/com.st.stm32cube.ide.mcu.externaltools.gnu-tools-for-stm32.11.3.rel1.win32_1.1.100.202309141235/tools/bin/../lib/gcc/arm-none-eabi/11.3.1/../../../../arm-none-eabi/lib/thumb/v7e-m+fp/hard\libc_nano.a(libc_a-findfp.o) (__sread)
C:/ST/STM32CubeIDE_1.14.1/STM32CubeIDE/plugins/com.st.stm32cube.ide.mcu.externaltools.gnu-tools-for-stm32.11.3.rel1.win32_1.1.100.202309141235/tools/bin/../lib/gcc/arm-none-eabi/11.3.1/../../../../arm-none-eabi/lib/thumb/v7e-m+fp/hard\libc_nano.a(libc_a-memcmp.o)
                              ./Middlewares/Third_Party/FreeRTOS/Source/tasks.o (memcmp)
C:/ST/STM32CubeIDE_1.14.1/STM32CubeIDE/plugins/com.st.stm32cube.ide.mcu.externaltools.gnu-tools-for-stm32.11.3.rel1.win32_1.1.100.202309141235/tools/bin/../lib/gcc/arm-none-eabi/11.3.1/../../../../arm-none-eabi/lib/thumb/v7e-m+fp/hard\libc_nano.a(libc_a-memset.o)
                              C:/ST/STM32CubeIDE_1.14.1/STM32CubeIDE/plugins/com.st.stm32cube.ide.mcu.externaltools.gnu-tools-for-stm32.11.3.rel1.win32_1.1.100.202309141235/tools/bin/../lib/gcc/arm-none-eabi/11.3.1/../../../../arm-none-eabi/lib/thumb/v7e-m+fp/hard/crt0.o (memset)
C:/ST/STM32CubeIDE_1.14.1/STM32CubeIDE/plugins/com.st.stm32cube.ide.mcu.externaltools.gnu-tools-for-stm32.11.3.rel1.win32_1.1.100.202309141235/tools/bin/../lib/gcc/arm-none-eabi/11.3.1/../../../../arm-none-eabi/lib/thumb/v7e-m+fp/hard\libc_nano.a(libc_a-closer.o)
                              C:/ST/STM32CubeIDE_1.14.1/STM32CubeIDE/plugins/com.st.stm32cube.ide.mcu.externaltools.gnu-tools-for-stm32.11.3.rel1.win32_1.1.100.202309141235/tools/bin/../lib/gcc/arm-none-eabi/11.3.1/../../../../arm-none-eabi/lib/thumb/v7e-m+fp/hard\libc_nano.a(libc_a-stdio.o) (_close_r)
C:/ST/STM32CubeIDE_1.14.1/STM32CubeIDE/plugins/com.st.stm32cube.ide.mcu.externaltools.gnu-tools-for-stm32.11.3.rel1.win32_1.1.100.202309141235/tools/bin/../lib/gcc/arm-none-eabi/11.3.1/../../../../arm-none-eabi/lib/thumb/v7e-m+fp/hard\libc_nano.a(libc_a-reent.o)
                              ./Middlewares/Third_Party/FreeRTOS/Source/tasks.o (_reclaim_reent)
[...]
Memory Configuration

Name             Origin             Length             Attributes
CCMRAM           0x0000000010000000 0x0000000000010000 xrw
RAM              0x0000000020000000 0x0000000000030000 xrw
FLASH            0x0000000008000000 0x0000000000200000 xr
*default*        0x0000000000000000 0xffffffffffffffff

Linker script and memory map

LOAD C:/ST/STM32CubeIDE_1.14.1/STM32CubeIDE/plugins/com.st.stm32cube.ide.mcu.externaltools.gnu-tools-for-stm32.11.3.rel1.win32_1.1.100.202309141235/tools/bin/../lib/gcc/arm-none-eabi/11.3.1/thumb/v7e-m+fp/hard/crti.o
LOAD C:/ST/STM32CubeIDE_1.14.1/STM32CubeIDE/plugins/com.st.stm32cube.ide.mcu.externaltools.gnu-tools-for-stm32.11.3.rel1.win32_1.1.100.202309141235/tools/bin/../lib/gcc/arm-none-eabi/11.3.1/thumb/v7e-m+fp/hard/crtbegin.o
LOAD C:/ST/STM32CubeIDE_1.14.1/STM32CubeIDE/plugins/com.st.stm32cube.ide.mcu.externaltools.gnu-tools-for-stm32.11.3.rel1.win32_1.1.100.202309141235/tools/bin/../lib/gcc/arm-none-eabi/11.3.1/../../../../arm-none-eabi/lib/thumb/v7e-m+fp/hard/crt0.o
LOAD ./Core/Src/ApplicationCode.o
LOAD ./Core/Src/Gyro_Driver.o
LOAD ./Core/Src/LCD_Driver.o
LOAD ./Core/Src/app.o
LOAD ./Core/Src/fonts.o
LOAD ./Core/Src/freertos.o
LOAD ./Core/Src/main.o
LOAD ./Core/Src/stm32f4xx_hal_msp.o
LOAD ./Core/Src/stm32f4xx_it.o
LOAD ./Core/Src/syscalls.o
LOAD ./Core/Src/sysmem.o
LOAD ./Core/Src/system_stm32f4xx.o
LOAD ./Core/Startup/startup_stm32f429zitx.o
LOAD ./Drivers/STM32F4xx_HAL_Driver/Src/stm32f4xx_hal.o
LOAD ./Drivers/STM32F4xx_HAL_Driver/Src/stm32f4xx_hal_cortex.o
LOAD ./Drivers/STM32F4xx_HAL_Driver/Src/stm32f4xx_hal_dma.o
LOAD ./Drivers/STM32F4xx_HAL_Driver/Src/stm32f4xx_hal_dma2d.o
LOAD ./Drivers/STM32F4xx_HAL_Driver/Src/stm32f4xx_hal_dma_ex.o
LOAD ./Drivers/STM32F4xx_HAL_Driver/Src/stm32f4xx_hal_dsi.o
LOAD ./Drivers/STM32F4xx_HAL_Driver/Src/stm32f4xx_hal_exti.o
LOAD ./Drivers/STM32F4xx_HAL_Driver/Src/stm32f4xx_hal_flash.o
LOAD ./Drivers/STM32F4xx_HAL_Driver/Src/stm32f4xx_hal_flash_ex.o
LOAD ./Drivers/STM32F4xx_HAL_Driver/Src/stm32f4xx_hal_flash_ramfunc.o
LOAD ./Drivers/STM32F4xx_HAL_Driver/Src/stm32f4xx_hal_gpio.o
LOAD ./Drivers/STM32F4xx_HAL_Driver/Src/stm32f4xx_hal_i2c.o
LOAD ./Drivers/STM32F4xx_HAL_Driver/Src/stm32f4xx_hal_i2c_ex.o
LOAD ./Drivers/STM32F4xx_HAL_Driver/Src/stm32f4xx_hal_ltdc.o
LOAD ./Drivers/STM32F4xx_HAL_Driver/Src/stm32f4xx_hal_ltdc_ex.o
LOAD ./Drivers/STM32F4xx_HAL_Driver/Src/stm32f4xx_hal_pwr.o
LOAD ./Drivers/STM32F4xx_HAL_Driver/Src/stm32f4xx_hal_pwr_ex.o
LOAD ./Drivers/STM32F4xx_HAL_Driver/Src/stm32f4xx_hal_rcc.o
LOAD ./Drivers/STM32F4xx_HAL_Driver/Src/stm32f4xx_hal_rcc_ex.o
LOAD ./Drivers/STM32F4xx_HAL_Driver/Src/stm32f4xx_hal_sdram.o
LOAD ./Drivers/STM32F4xx_HAL_Driver/Src/stm32f4xx_hal_spi.o
LOAD ./Drivers/STM32F4xx_HAL_Driver/Src/stm32f4xx_hal_tim.o
LOAD ./Drivers/STM32F4xx_HAL_Driver/Src/stm32f4xx_hal_tim_ex.o
LOAD ./Drivers/STM32F4xx_HAL_Driver/Src/stm32f4xx_ll_fmc.o
LOAD ./Middlewares/Third_Party/FreeRTOS/Source/CMSIS_RTOS_V2/cmsis_os2.o
LOAD ./Middlewares/Third_Party/FreeRTOS/Source/croutine.o
LOAD ./Middlewares/Third_Party/FreeRTOS/Source/event_groups.o
LOAD ./Middlewares/Third_Party/FreeRTOS/Source/list.o
LOAD ./Middlewares/Third_Party/FreeRTOS/Source/queue.o
LOAD ./Middlewares/Third_Party/FreeRTOS/Source/stream_buffer.o
LOAD ./Middlewares/Third_Party/FreeRTOS/Source/tasks.o
LOAD ./Middlewares/Third_Party/FreeRTOS/Source/timers.o
LOAD ./Middlewares/Third_Party/FreeRTOS/Source/portable/GCC/ARM_CM4F/port.o
LOAD ./Middlewares/Third_Party/FreeRTOS/Source/portable/MemMang/heap_4.o
LOAD ./Middlewares/Third_Party/SystemView/SEGGER/SEGGER_RTT.o
LOAD ./Middlewares/Third_Party/SystemView/SEGGER/SEGGER_RTT_ASM_ARMv7M.o
LOAD ./Middlewares/Third_Party/SystemView/SEGGER/SEGGER_RTT_printf.o
LOAD ./Middlewares/Third_Party/SystemView/SEGGER/SEGGER_SYSVIEW.o
LOAD ./Middlewares/Third_Party/SystemView/Sample/FreeRTOS/Config/SEGGER_SYSVIEW_Config_FreeRTOS.o
LOAD ./Middlewares/Third_Party/SystemView/Sample/FreeRTOS/SEGGER_SYSVIEW_FreeRTOS.o
START GROUP
LOAD C:/ST/STM32CubeIDE_1.14.1/STM32CubeIDE/plugins/com.st.stm32cube.ide.mcu.externaltools.gnu-tools-for-stm32.11.3.rel1.win32_1.1.100.202309141235/tools/bin/../lib/gcc/arm-none-eabi/11.3.1/../../../../arm-none-eabi/lib/thumb/v7e-m+fp/hard\libc_nano.a
LOAD C:/ST/STM32CubeIDE_1.14.1/STM32CubeIDE/plugins/com.st.stm32cube.ide.mcu.externaltools.gnu-tools-for-stm32.11.3.rel1.win32_1.1.100.202309141235/tools/bin/../lib/gcc/arm-none-eabi/11.3.1/../../../../arm-none-eabi/lib/thumb/v7e-m+fp/hard\libm.a
END GROUP
START GROUP
LOAD C:/ST/STM32CubeIDE_1.14.1/STM32CubeIDE/plugins/com.st.stm32cube.ide.mcu.externaltools.gnu-tools-for-stm32.11.3.rel1.win32_1.1.100.202309141235/tools/bin/../lib/gcc/arm-none-eabi/11.3.1/thumb/v7e-m+fp/hard\libgcc.a
LOAD C:/ST/STM32CubeIDE_1.14.1/STM32CubeIDE/plugins/com.st.stm32cube.ide.mcu.externaltools.gnu-tools-for-stm32.11.3.rel1.win32_1.1.100.202309141235/tools/bin/../lib/gcc/arm-none-eabi/11.3.1/../../../../arm-none-eabi/lib/thumb/v7e-m+fp/hard\libc_nano.a
END GROUP
START GROUP
LOAD C:/ST/STM32CubeIDE_1.14.1/STM32CubeIDE/plugins/com.st.stm32cube.ide.mcu.externaltools.gnu-tools-for-stm32.11.3.rel1.win32_1.1.100.202309141235/tools/bin/../lib/gcc/arm-none-eabi/11.3.1/thumb/v7e-m+fp/hard\libgcc.a
LOAD C:/ST/STM32CubeIDE_1.14.1/STM32CubeIDE/plugins/com.st.stm32cube.ide.mcu.externaltools.gnu-tools-for-stm32.11.3.rel1.win32_1.1.100.202309141235/tools/bin/../lib/gcc/arm-none-eabi/11.3.1/../../../../arm-none-eabi/lib/thumb/v7e-m+fp/hard\libc_nano.a
LOAD C:/ST/STM32CubeIDE_1.14.1/STM32CubeIDE/plugins/com.st.stm32cube.ide.mcu.externaltools.gnu-tools-for-stm32.11.3.rel1.win32_1.1.100.202309141235/tools/bin/../lib/gcc/arm-none-eabi/11.3.1/../../../../arm-none-eabi/lib/thumb/v7e-m+fp/hard\libnosys.a
END GROUP
START GROUP
LOAD C:/ST/STM32CubeIDE_1.14.1/STM32CubeIDE/plugins/com.st.stm32cube.ide.mcu.externaltools.gnu-tools-for-stm32.11.3.rel1.win32_1.1.100.202309141235/tools/bin/../lib/gcc/arm-none-eabi/11.3.1/thumb/v7e-m+fp/hard\libgcc.a
LOAD C:/ST/STM32CubeIDE_1.14.1/STM32CubeIDE/plugins/com.st.stm32cube.ide.mcu.externaltools.gnu-tools-for-stm32.11.3.rel1.win32_1.1.100.202309141235/tools/bin/../lib/gcc/arm-none-eabi/11.3.1/../../../../arm-none-eabi/lib/thumb/v7e-m+fp/hard\libc_nano.a
LOAD C:/ST/STM32CubeIDE_1.14.1/STM32CubeIDE/plugins/com.st.stm32cube.ide.mcu.externaltools.gnu-tools-for-stm32.11.3.rel1.win32_1.1.100.202309141235/tools/bin/../lib/gcc/arm-none-eabi/11.3.1/../../../../arm-none-eabi/lib/thumb/v7e-m+fp/hard\libnosys.a
END GROUP
LOAD C:/ST/STM32CubeIDE_1.14.1/STM32CubeIDE/plugins/com.st.stm32cube.ide.mcu.externaltools.gnu-tools-for-stm32.11.3.rel1.win32_1.1.100.202309141235/tools/bin/../lib/gcc/arm-none-eabi/11.3.1/thumb/v7e-m+fp/hard/crtend.o
LOAD C:/ST/STM32CubeIDE_1.14.1/STM32CubeIDE/plugins/com.st.stm32cube.ide.mcu.externaltools.gnu-tools-for-stm32.11.3.rel1.win32_1.1.100.202309141235/tools/bin/../lib/gcc/arm-none-eabi/11.3.1/thumb/v7e-m+fp/hard/crtn.o
                0x0000000020030000                _estack = (ORIGIN (RAM) + LENGTH (RAM))
                0x0000000000000200                _Min_Heap_Size = 0x200
                0x0000000000000400                _Min_Stack_Size = 0x400

.isr_vector     0x0000000008000000      0x1ac
                0x0000000008000000                . = ALIGN (0x4)
 *(.isr_vector)
 .isr_vector    0x0000000008000000      0x1ac ./Core/Startup/startup_stm32f429zitx.o
                0x0000000008000000                g_pfnVectors
                0x00000000080001ac                . = ALIGN (0x4)

.text           0x00000000080001b0     0xd0f0
                0x00000000080001b0                . = ALIGN (0x4)
 *(.text)
 .text          0x00000000080001b0       0x40 C:/ST/STM32CubeIDE_1.14.1/STM32CubeIDE/plugins/com.st.stm32cube.ide.mcu.externaltools.gnu-tools-for-stm32.11.3.rel1.win32_1.1.100.202309141235/tools/bin/../lib/gcc/arm-none-eabi/11.3.1/thumb/v7e-m+fp/hard/crtbegin.o
 .text          0x00000000080001f0       0x94 ./Middlewares/Third_Party/SystemView/SEGGER/SEGGER_RTT_ASM_ARMv7M.o
                0x00000000080001f0                SEGGER_RTT_ASM_WriteSkipNoLock
 *fill*         0x0000000008000284        0xc 
 .text          0x0000000008000290       0xa0 C:/ST/STM32CubeIDE_1.14.1/STM32CubeIDE/plugins/com.st.stm32cube.ide.mcu.externaltools.gnu-tools-for-stm32.11.3.rel1.win32_1.1.100.202309141235/tools/bin/../lib/gcc/arm-none-eabi/11.3.1/../../../../arm-none-eabi/lib/thumb/v7e-m+fp/hard\libc_nano.a(libc_a-memchr.o)
                0x0000000008000290                memchr
 .text          0x0000000008000330       0x30 C:/ST/STM32CubeIDE_1.14.1/STM32CubeIDE/plugins/com.st.stm32cube.ide.mcu.externaltools.gnu-tools-for-stm32.11.3.rel1.win32_1.1.100.202309141235/tools/bin/../lib/gcc/arm-none-eabi/11.3.1/thumb/v7e-m+fp/hard\libgcc.a(_aeabi_uldivmod.o)
                0x0000000008000330                __aeabi_uldivmod
 .text          0x0000000008000360      0x2c8 C:/ST/STM32CubeIDE_1.14.1/STM32CubeIDE/plugins/com.st.stm32cube.ide.mcu.externaltools.gnu-tools-for-stm32.11.3.rel1.win32_1.1.100.202309141235/tools/bin/../lib/gcc/arm-none-eabi/11.3.1/thumb/v7e-m+fp/hard\libgcc.a(_udivmoddi4.o)
                0x0000000008000360                __udivmoddi4
 .text          0x0000000008000628        0x4 C:/ST/STM32CubeIDE_1.14.1/STM32CubeIDE/plugins/com.st.stm32cube.ide.mcu.externaltools.gnu-tools-for-stm32.11.3.rel1.win32_1.1.100.202309141235/tools/bin/../lib/gcc/arm-none-eabi/11.3.1/thumb/v7e-m+fp/hard\libgcc.a(_dvmd_tls.o)
                0x0000000008000628                __aeabi_idiv0
                0x0000000008000628                __aeabi_ldiv0
 *(.text*)
 .text.Gyro_Init
                0x000000000800062c       0x1a ./Core/Src/Gyro_Driver.o
                0x000000000800062c                Gyro_Init
 *fill*         0x0000000008000646        0x2 
 .text.Gyro_Power_On
                0x0000000008000648       0x88 ./Core/Src/Gyro_Driver.o
                0x0000000008000648                Gyro_Power_On
 .text.Gyro_Reboot
                0x00000000080006d0       0x78 ./Core/Src/Gyro_Driver.o
                0x00000000080006d0                Gyro_Reboot
 .text.Gyro_Get_Velocity
                0x0000000008000748       0x64 ./Core/Src/Gyro_Driver.o
                0x0000000008000748                Gyro_Get_Velocity
 .text.Gyro_Config_Regs
                0x00000000080007ac       0xd4 ./Core/Src/Gyro_Driver.o
                0x00000000080007ac                Gyro_Config_Regs
 .text.Gyro_HAL_Check
                0x0000000008000880       0x1c ./Core/Src/Gyro_Driver.o
                0x0000000008000880                Gyro_HAL_Check
 .text.Gyro_Slave_Enable
                0x000000000800089c       0x18 ./Core/Src/Gyro_Driver.o
                0x000000000800089c                Gyro_Slave_Enable
 .text.Gyro_Slave_Disable
                0x00000000080008b4       0x18 ./Core/Src/Gyro_Driver.o
                0x00000000080008b4                Gyro_Slave_Disable
 .text.Gyro_Receive_Data
                0x00000000080008cc       0x34 ./Core/Src/Gyro_Driver.o
                0x00000000080008cc                Gyro_Receive_Data
 .text.Gyro_Transmit_Data
                0x0000000008000900       0x34 ./Core/Src/Gyro_Driver.o
                0x0000000008000900                Gyro_Transmit_Data
 .text.LCD_GPIO_Init
                0x0000000008000934      0x190 ./Core/Src/LCD_Driver.o
                0x0000000008000934                LCD_GPIO_Init
 .text.LTCD__Init
                0x0000000008000ac4       0xbc ./Core/Src/LCD_Driver.o
                0x0000000008000ac4                LTCD__Init
 .text.LTCD_Layer_Init
                0x0000000008000b80       0x80 ./Core/Src/LCD_Driver.o
                0x0000000008000b80                LTCD_Layer_Init
 .text.LCD_Draw_Pixel
                0x0000000008000c00       0x3c ./Core/Src/LCD_Driver.o
                0x0000000008000c00                LCD_Draw_Pixel
 .text.LCD_DrawChar
                0x0000000008000c3c       0xdc ./Core/Src/LCD_Driver.o
                0x0000000008000c3c                LCD_DrawChar
 .text.LCD_DisplayChar
                0x0000000008000d18       0x44 ./Core/Src/LCD_Driver.o
                0x0000000008000d18                LCD_DisplayChar
 .text.LCD_DisplayString
                0x0000000008000d5c       0x4e ./Core/Src/LCD_Driver.o
                0x0000000008000d5c                LCD_DisplayString
 *fill*         0x0000000008000daa        0x2 
 .text.LCD_DisplayNumber
                0x0000000008000dac      0x128 ./Core/Src/LCD_Driver.o
                0x0000000008000dac                LCD_DisplayNumber
 .text.LCD_SetTextColor
                0x0000000008000ed4       0x20 ./Core/Src/LCD_Driver.o
                0x0000000008000ed4                LCD_SetTextColor
 .text.LCD_SetFont
                0x0000000008000ef4       0x20 ./Core/Src/LCD_Driver.o
                0x0000000008000ef4                LCD_SetFont
 .text.LCD_Clear
                0x0000000008000f14       0x44 ./Core/Src/LCD_Driver.o
                0x0000000008000f14                LCD_Clear
 .text.LCD_Error_Handler
                0x0000000008000f58        0x6 ./Core/Src/LCD_Driver.o
                0x0000000008000f58                LCD_Error_Handler
 .text.ili9341_Init
                0x0000000008000f5e      0x294 ./Core/Src/LCD_Driver.o
                0x0000000008000f5e                ili9341_Init
 .text.ili9341_Write_Reg
                0x00000000080011f2       0x1a ./Core/Src/LCD_Driver.o
                0x00000000080011f2                ili9341_Write_Reg
 .text.ili9341_Send_Data
                0x000000000800120c       0x1a ./Core/Src/LCD_Driver.o
                0x000000000800120c                ili9341_Send_Data
 *fill*         0x0000000008001226        0x2 
 .text.SPI_Init
                0x0000000008001228       0x74 ./Core/Src/LCD_Driver.o
 .text.SPI_Write
                0x000000000800129c       0x3c ./Core/Src/LCD_Driver.o
 .text.SPI_Error
                0x00000000080012d8       0x18 ./Core/Src/LCD_Driver.o
 .text.SPI_MspInit
                0x00000000080012f0       0x74 ./Core/Src/LCD_Driver.o
 .text.LCD_IO_Init
                0x0000000008001364       0xf0 ./Core/Src/LCD_Driver.o
                0x0000000008001364                LCD_IO_Init
 .text.LCD_IO_WriteData
                0x0000000008001454       0x44 ./Core/Src/LCD_Driver.o
                0x0000000008001454                LCD_IO_WriteData
 .text.LCD_IO_WriteReg
                0x0000000008001498       0x44 ./Core/Src/LCD_Driver.o
                0x0000000008001498                LCD_IO_WriteReg
 .text.LCD_Delay
                0x00000000080014dc       0x16 ./Core/Src/LCD_Driver.o
                0x00000000080014dc                LCD_Delay
 .text.appInit  0x00000000080014f2       0x28 ./Core/Src/app.o
                0x00000000080014f2                appInit
 *fill*         0x000000000800151a        0x2 
 .text.initTasks
                0x000000000800151c      0x114 ./Core/Src/app.o
 .text.initTimers
                0x0000000008001630       0xe8 ./Core/Src/app.o
 .text.initSempahores
                0x0000000008001718       0xa0 ./Core/Src/app.o
 .text.initMutexes
                0x00000000080017b8       0x68 ./Core/Src/app.o
 .text.initEventFlags
                0x0000000008001820       0x6c ./Core/Src/app.o
 .text.startTimers
                0x000000000800188c       0x6c ./Core/Src/app.o
 .text.lcdInit  0x00000000080018f8       0x2c ./Core/Src/app.o
 .text.getGyroRateOfRotation
                0x0000000008001924       0x6c ./Core/Src/app.o
 .text.determineVehicleDirection
                0x0000000008001990       0x68 ./Core/Src/app.o
 .text.updateLCD
                0x00000000080019f8       0xb0 ./Core/Src/app.o
 .text.speedSetpointTask
                0x0000000008001aa8      0x130 ./Core/Src/app.o
 .text.vehicleDirectionTask
                0x0000000008001bd8      0x114 ./Core/Src/app.o
 .text.vehicleMonitorTask
                0x0000000008001cec      0x1e4 ./Core/Src/app.o
 .text.ledOutputTask
                0x0000000008001ed0       0xe0 ./Core/Src/app.o
 .text.lcdDisplayTask
                0x0000000008001fb0       0xf4 ./Core/Src/app.o
 .text.holdButtonTimerCallback
                0x00000000080020a4       0x20 ./Core/Src/app.o
 .text.vehicleDirWakeupTimerCallback
                0x00000000080020c4       0x40 ./Core/Src/app.o
 .text.lcdDisplayWakeupTimerCallback
                0x0000000008002104       0x40 ./Core/Src/app.o
 .text.directionAlertTimerCallback
                0x0000000008002144       0x20 ./Core/Src/app.o
 .text.EXTI0_IRQHandler
                0x0000000008002164       0x78 ./Core/Src/app.o
                0x0000000008002164                EXTI0_IRQHandler
 .text.__NVIC_SetPriority
                0x00000000080021dc       0x54 ./Core/Src/main.o
 .text.systemClockOverride
                0x0000000008002230       0x80 ./Core/Src/main.o
                0x0000000008002230                systemClockOverride
 .text.main     0x00000000080022b0       0x60 ./Core/Src/main.o
                0x00000000080022b0                main
 .text.MX_DMA2D_Init
                0x0000000008002310       0x64 ./Core/Src/main.o
 .text.MX_I2C3_Init
                0x0000000008002374       0x80 ./Core/Src/main.o
 .text.MX_LTDC_Init
                0x00000000080023f4      0x164 ./Core/Src/main.o
 .text.MX_SPI5_Init
                0x0000000008002558       0x6c ./Core/Src/main.o
 .text.MX_TIM11_Init
                0x00000000080025c4       0x48 ./Core/Src/main.o
 .text.MX_FMC_Init
                0x000000000800260c       0x9c ./Core/Src/main.o
 .text.MX_GPIO_Init
                0x00000000080026a8      0x298 ./Core/Src/main.o
 .text.StartDefaultTask
                0x0000000008002940       0x10 ./Core/Src/main.o
                0x0000000008002940                StartDefaultTask
 .text.Error_Handler
                0x0000000008002950        0xa ./Core/Src/main.o
                0x0000000008002950                Error_Handler
 *fill*         0x000000000800295a        0x2 
 .text.HAL_DMA2D_MspInit
                0x000000000800295c       0x44 ./Core/Src/stm32f4xx_hal_msp.o
                0x000000000800295c                HAL_DMA2D_MspInit
 .text.HAL_I2C_MspInit
                0x00000000080029a0       0xd4 ./Core/Src/stm32f4xx_hal_msp.o
                0x00000000080029a0                HAL_I2C_MspInit
 .text.HAL_LTDC_MspInit
                0x0000000008002a74      0x250 ./Core/Src/stm32f4xx_hal_msp.o
                0x0000000008002a74                HAL_LTDC_MspInit
 .text.HAL_SPI_MspInit
                0x0000000008002cc4       0x90 ./Core/Src/stm32f4xx_hal_msp.o
                0x0000000008002cc4                HAL_SPI_MspInit
 .text.HAL_SPI_MspDeInit
                0x0000000008002d54       0x3c ./Core/Src/stm32f4xx_hal_msp.o
                0x0000000008002d54                HAL_SPI_MspDeInit
 .text.HAL_TIM_Base_MspInit
                0x0000000008002d90       0x44 ./Core/Src/stm32f4xx_hal_msp.o
                0x0000000008002d90                HAL_TIM_Base_MspInit
 .text.HAL_FMC_MspInit
                0x0000000008002dd4      0x124 ./Core/Src/stm32f4xx_hal_msp.o
 .text.HAL_SDRAM_MspInit
                0x0000000008002ef8       0x14 ./Core/Src/stm32f4xx_hal_msp.o
                0x0000000008002ef8                HAL_SDRAM_MspInit
 .text.NMI_Handler
                0x0000000008002f0c        0x6 ./Core/Src/stm32f4xx_it.o
                0x0000000008002f0c                NMI_Handler
 .text.HardFault_Handler
                0x0000000008002f12        0x6 ./Core/Src/stm32f4xx_it.o
                0x0000000008002f12                HardFault_Handler
 .text.MemManage_Handler
                0x0000000008002f18        0x6 ./Core/Src/stm32f4xx_it.o
                0x0000000008002f18                MemManage_Handler
 .text.BusFault_Handler
                0x0000000008002f1e        0x6 ./Core/Src/stm32f4xx_it.o
                0x0000000008002f1e                BusFault_Handler
 .text.UsageFault_Handler
                0x0000000008002f24        0x6 ./Core/Src/stm32f4xx_it.o
                0x0000000008002f24                UsageFault_Handler
 .text.DebugMon_Handler
                0x0000000008002f2a        0xe ./Core/Src/stm32f4xx_it.o
                0x0000000008002f2a                DebugMon_Handler
 .text.SysTick_Handler
                0x0000000008002f38       0x1a ./Core/Src/stm32f4xx_it.o
                0x0000000008002f38                SysTick_Handler
 .text._getpid  0x0000000008002f52       0x10 ./Core/Src/syscalls.o
                0x0000000008002f52                _getpid
 .text._kill    0x0000000008002f62       0x20 ./Core/Src/syscalls.o
                0x0000000008002f62                _kill
 .text._exit    0x0000000008002f82       0x14 ./Core/Src/syscalls.o
                0x0000000008002f82                _exit
 .text._read    0x0000000008002f96       0x3a ./Core/Src/syscalls.o
                0x0000000008002f96                _read
 .text._write   0x0000000008002fd0       0x38 ./Core/Src/syscalls.o
                0x0000000008002fd0                _write
 .text._close   0x0000000008003008       0x18 ./Core/Src/syscalls.o
                0x0000000008003008                _close
 .text._fstat   0x0000000008003020       0x20 ./Core/Src/syscalls.o
                0x0000000008003020                _fstat
 .text._isatty  0x0000000008003040       0x16 ./Core/Src/syscalls.o
                0x0000000008003040                _isatty
 .text._lseek   0x0000000008003056       0x1a ./Core/Src/syscalls.o
                0x0000000008003056                _lseek
 .text._sbrk    0x0000000008003070       0x6c ./Core/Src/sysmem.o
                0x0000000008003070                _sbrk
 .text.SystemInit
                0x00000000080030dc       0x24 ./Core/Src/system_stm32f4xx.o
                0x00000000080030dc                SystemInit
 .text.Reset_Handler
                0x0000000008003100       0x50 ./Core/Startup/startup_stm32f429zitx.o
                0x0000000008003100                Reset_Handler
 .text.Default_Handler
                0x0000000008003150        0x2 ./Core/Startup/startup_stm32f429zitx.o
                0x0000000008003150                RTC_Alarm_IRQHandler
                0x0000000008003150                HASH_RNG_IRQHandler
                0x0000000008003150                EXTI2_IRQHandler
                0x0000000008003150                TIM8_CC_IRQHandler
                0x0000000008003150                UART8_IRQHandler
                0x0000000008003150                SPI4_IRQHandler
                0x0000000008003150                TIM1_CC_IRQHandler
                0x0000000008003150                DMA2_Stream5_IRQHandler
                0x0000000008003150                DMA1_Stream5_IRQHandler
                0x0000000008003150                PVD_IRQHandler
                0x0000000008003150                SDIO_IRQHandler
                0x0000000008003150                TAMP_STAMP_IRQHandler
                0x0000000008003150                CAN2_RX1_IRQHandler
                0x0000000008003150                EXTI3_IRQHandler
                0x0000000008003150                TIM8_TRG_COM_TIM14_IRQHandler
                0x0000000008003150                TIM1_UP_TIM10_IRQHandler
                0x0000000008003150                TIM8_UP_TIM13_IRQHandler
                0x0000000008003150                I2C3_ER_IRQHandler
                0x0000000008003150                I2C2_EV_IRQHandler
                0x0000000008003150                DMA1_Stream2_IRQHandler
                0x0000000008003150                CAN1_RX0_IRQHandler
                0x0000000008003150                FPU_IRQHandler
                0x0000000008003150                OTG_HS_WKUP_IRQHandler
                0x0000000008003150                LTDC_ER_IRQHandler
                0x0000000008003150                CAN2_SCE_IRQHandler
                0x0000000008003150                DMA2_Stream2_IRQHandler
                0x0000000008003150                SPI1_IRQHandler
                0x0000000008003150                TIM6_DAC_IRQHandler
                0x0000000008003150                TIM1_BRK_TIM9_IRQHandler
                0x0000000008003150                DCMI_IRQHandler
                0x0000000008003150                CAN2_RX0_IRQHandler
                0x0000000008003150                DMA2_Stream3_IRQHandler
                0x0000000008003150                USART6_IRQHandler
                0x0000000008003150                USART3_IRQHandler
                0x0000000008003150                CAN1_RX1_IRQHandler
                0x0000000008003150                UART5_IRQHandler
                0x0000000008003150                DMA2_Stream0_IRQHandler
                0x0000000008003150                TIM4_IRQHandler
                0x0000000008003150                I2C1_EV_IRQHandler
                0x0000000008003150                DMA1_Stream6_IRQHandler
                0x0000000008003150                DMA1_Stream1_IRQHandler
                0x0000000008003150                UART4_IRQHandler
                0x0000000008003150                TIM3_IRQHandler
                0x0000000008003150                RCC_IRQHandler
                0x0000000008003150                TIM8_BRK_TIM12_IRQHandler
                0x0000000008003150                Default_Handler
                0x0000000008003150                EXTI15_10_IRQHandler
                0x0000000008003150                ADC_IRQHandler
                0x0000000008003150                DMA1_Stream7_IRQHandler
                0x0000000008003150                SPI5_IRQHandler
                0x0000000008003150                CAN2_TX_IRQHandler
                0x0000000008003150                TIM5_IRQHandler
                0x0000000008003150                DMA2_Stream7_IRQHandler
                0x0000000008003150                I2C3_EV_IRQHandler
                0x0000000008003150                EXTI9_5_IRQHandler
                0x0000000008003150                RTC_WKUP_IRQHandler
                0x0000000008003150                LTDC_IRQHandler
                0x0000000008003150                ETH_WKUP_IRQHandler
                0x0000000008003150                SPI2_IRQHandler
                0x0000000008003150                OTG_HS_EP1_IN_IRQHandler
                0x0000000008003150                DMA1_Stream0_IRQHandler
                0x0000000008003150                CAN1_TX_IRQHandler
                0x0000000008003150                EXTI4_IRQHandler
                0x0000000008003150                ETH_IRQHandler
                0x0000000008003150                OTG_HS_EP1_OUT_IRQHandler
                0x0000000008003150                WWDG_IRQHandler
                0x0000000008003150                SPI6_IRQHandler
                0x0000000008003150                TIM2_IRQHandler
                0x0000000008003150                OTG_FS_WKUP_IRQHandler
                0x0000000008003150                TIM1_TRG_COM_TIM11_IRQHandler
                0x0000000008003150                OTG_HS_IRQHandler
                0x0000000008003150                DMA2D_IRQHandler
                0x0000000008003150                EXTI1_IRQHandler
                0x0000000008003150                UART7_IRQHandler
                0x0000000008003150                USART2_IRQHandler
                0x0000000008003150                I2C2_ER_IRQHandler
                0x0000000008003150                DMA2_Stream1_IRQHandler
                0x0000000008003150                CAN1_SCE_IRQHandler
                0x0000000008003150                FLASH_IRQHandler
                0x0000000008003150                DMA2_Stream4_IRQHandler
                0x0000000008003150                USART1_IRQHandler
                0x0000000008003150                OTG_FS_IRQHandler
                0x0000000008003150                SPI3_IRQHandler
                0x0000000008003150                DMA1_Stream4_IRQHandler
                0x0000000008003150                I2C1_ER_IRQHandler
                0x0000000008003150                FMC_IRQHandler
                0x0000000008003150                DMA2_Stream6_IRQHandler
                0x0000000008003150                SAI1_IRQHandler
                0x0000000008003150                DMA1_Stream3_IRQHandler
 *fill*         0x0000000008003152        0x2 
 .text.HAL_InitTick
                0x0000000008003154       0x60 ./Drivers/STM32F4xx_HAL_Driver/Src/stm32f4xx_hal.o
                0x0000000008003154                HAL_InitTick
 .text.HAL_IncTick
                0x00000000080031b4       0x28 ./Drivers/STM32F4xx_HAL_Driver/Src/stm32f4xx_hal.o
                0x00000000080031b4                HAL_IncTick
 .text.HAL_GetTick
                0x00000000080031dc       0x18 ./Drivers/STM32F4xx_HAL_Driver/Src/stm32f4xx_hal.o
                0x00000000080031dc                HAL_GetTick
 .text.__NVIC_GetPriorityGrouping
                0x00000000080031f4       0x1c ./Drivers/STM32F4xx_HAL_Driver/Src/stm32f4xx_hal_cortex.o
 .text.__NVIC_EnableIRQ
                0x0000000008003210       0x3c ./Drivers/STM32F4xx_HAL_Driver/Src/stm32f4xx_hal_cortex.o
 .text.__NVIC_DisableIRQ
                0x000000000800324c       0x48 ./Drivers/STM32F4xx_HAL_Driver/Src/stm32f4xx_hal_cortex.o
 .text.__NVIC_SetPriority
                0x0000000008003294       0x54 ./Drivers/STM32F4xx_HAL_Driver/Src/stm32f4xx_hal_cortex.o
 .text.NVIC_EncodePriority
                0x00000000080032e8       0x66 ./Drivers/STM32F4xx_HAL_Driver/Src/stm32f4xx_hal_cortex.o
 *fill*         0x000000000800334e        0x2 
 .text.SysTick_Config
                0x0000000008003350       0x44 ./Drivers/STM32F4xx_HAL_Driver/Src/stm32f4xx_hal_cortex.o
 .text.HAL_NVIC_SetPriority
                0x0000000008003394       0x38 ./Drivers/STM32F4xx_HAL_Driver/Src/stm32f4xx_hal_cortex.o
                0x0000000008003394                HAL_NVIC_SetPriority
 .text.HAL_NVIC_EnableIRQ
                0x00000000080033cc       0x1c ./Drivers/STM32F4xx_HAL_Driver/Src/stm32f4xx_hal_cortex.o
                0x00000000080033cc                HAL_NVIC_EnableIRQ
 .text.HAL_NVIC_DisableIRQ
                0x00000000080033e8       0x1c ./Drivers/STM32F4xx_HAL_Driver/Src/stm32f4xx_hal_cortex.o
                0x00000000080033e8                HAL_NVIC_DisableIRQ
 .text.HAL_SYSTICK_Config
                0x0000000008003404       0x18 ./Drivers/STM32F4xx_HAL_Driver/Src/stm32f4xx_hal_cortex.o
                0x0000000008003404                HAL_SYSTICK_Config
 .text.HAL_DMA2D_Init
                0x000000000800341c       0x92 ./Drivers/STM32F4xx_HAL_Driver/Src/stm32f4xx_hal_dma2d.o
                0x000000000800341c                HAL_DMA2D_Init
 *fill*         0x00000000080034ae        0x2 
 .text.HAL_DMA2D_ConfigLayer
                0x00000000080034b0      0x124 ./Drivers/STM32F4xx_HAL_Driver/Src/stm32f4xx_hal_dma2d.o
                0x00000000080034b0                HAL_DMA2D_ConfigLayer
 .text.HAL_GPIO_Init
                0x00000000080035d4      0x358 ./Drivers/STM32F4xx_HAL_Driver/Src/stm32f4xx_hal_gpio.o
                0x00000000080035d4                HAL_GPIO_Init
 .text.HAL_GPIO_DeInit
                0x000000000800392c      0x218 ./Drivers/STM32F4xx_HAL_Driver/Src/stm32f4xx_hal_gpio.o
                0x000000000800392c                HAL_GPIO_DeInit
 .text.HAL_GPIO_ReadPin
                0x0000000008003b44       0x30 ./Drivers/STM32F4xx_HAL_Driver/Src/stm32f4xx_hal_gpio.o
                0x0000000008003b44                HAL_GPIO_ReadPin
 .text.HAL_GPIO_WritePin
                0x0000000008003b74       0x32 ./Drivers/STM32F4xx_HAL_Driver/Src/stm32f4xx_hal_gpio.o
                0x0000000008003b74                HAL_GPIO_WritePin
 *fill*         0x0000000008003ba6        0x2 
 .text.HAL_I2C_Init
                0x0000000008003ba8      0x288 ./Drivers/STM32F4xx_HAL_Driver/Src/stm32f4xx_hal_i2c.o
                0x0000000008003ba8                HAL_I2C_Init
 .text.HAL_I2CEx_ConfigAnalogFilter
                0x0000000008003e30       0x78 ./Drivers/STM32F4xx_HAL_Driver/Src/stm32f4xx_hal_i2c_ex.o
                0x0000000008003e30                HAL_I2CEx_ConfigAnalogFilter
 .text.HAL_I2CEx_ConfigDigitalFilter
                0x0000000008003ea8       0x7e ./Drivers/STM32F4xx_HAL_Driver/Src/stm32f4xx_hal_i2c_ex.o
                0x0000000008003ea8                HAL_I2CEx_ConfigDigitalFilter
 *fill*         0x0000000008003f26        0x2 
 .text.HAL_LTDC_Init
                0x0000000008003f28      0x1a0 ./Drivers/STM32F4xx_HAL_Driver/Src/stm32f4xx_hal_ltdc.o
                0x0000000008003f28                HAL_LTDC_Init
 .text.HAL_LTDC_ConfigLayer
                0x00000000080040c8       0x7c ./Drivers/STM32F4xx_HAL_Driver/Src/stm32f4xx_hal_ltdc.o
                0x00000000080040c8                HAL_LTDC_ConfigLayer
 .text.LTDC_SetConfig
                0x0000000008004144      0x32e ./Drivers/STM32F4xx_HAL_Driver/Src/stm32f4xx_hal_ltdc.o
 *fill*         0x0000000008004472        0x2 
 .text.HAL_RCC_OscConfig
                0x0000000008004474      0x4f0 ./Drivers/STM32F4xx_HAL_Driver/Src/stm32f4xx_hal_rcc.o
                0x0000000008004474                HAL_RCC_OscConfig
 .text.HAL_RCC_ClockConfig
                0x0000000008004964      0x1cc ./Drivers/STM32F4xx_HAL_Driver/Src/stm32f4xx_hal_rcc.o
                0x0000000008004964                HAL_RCC_ClockConfig
 .text.HAL_RCC_GetSysClockFreq
                0x0000000008004b30      0x20c ./Drivers/STM32F4xx_HAL_Driver/Src/stm32f4xx_hal_rcc.o
                0x0000000008004b30                HAL_RCC_GetSysClockFreq
 .text.HAL_RCC_GetHCLKFreq
                0x0000000008004d3c       0x18 ./Drivers/STM32F4xx_HAL_Driver/Src/stm32f4xx_hal_rcc.o
                0x0000000008004d3c                HAL_RCC_GetHCLKFreq
 .text.HAL_RCC_GetPCLK1Freq
                0x0000000008004d54       0x28 ./Drivers/STM32F4xx_HAL_Driver/Src/stm32f4xx_hal_rcc.o
                0x0000000008004d54                HAL_RCC_GetPCLK1Freq
 .text.HAL_RCCEx_PeriphCLKConfig
                0x0000000008004d7c      0x380 ./Drivers/STM32F4xx_HAL_Driver/Src/stm32f4xx_hal_rcc_ex.o
                0x0000000008004d7c                HAL_RCCEx_PeriphCLKConfig
 .text.HAL_SDRAM_Init
                0x00000000080050fc       0x68 ./Drivers/STM32F4xx_HAL_Driver/Src/stm32f4xx_hal_sdram.o
                0x00000000080050fc                HAL_SDRAM_Init
 .text.HAL_SPI_Init
                0x0000000008005164      0x112 ./Drivers/STM32F4xx_HAL_Driver/Src/stm32f4xx_hal_spi.o
                0x0000000008005164                HAL_SPI_Init
 .text.HAL_SPI_DeInit
                0x0000000008005276       0x50 ./Drivers/STM32F4xx_HAL_Driver/Src/stm32f4xx_hal_spi.o
                0x0000000008005276                HAL_SPI_DeInit
 .text.HAL_SPI_Transmit
                0x00000000080052c6      0x278 ./Drivers/STM32F4xx_HAL_Driver/Src/stm32f4xx_hal_spi.o
                0x00000000080052c6                HAL_SPI_Transmit
 .text.HAL_SPI_Receive
                0x000000000800553e      0x222 ./Drivers/STM32F4xx_HAL_Driver/Src/stm32f4xx_hal_spi.o
                0x000000000800553e                HAL_SPI_Receive
 .text.HAL_SPI_TransmitReceive
                0x0000000008005760      0x344 ./Drivers/STM32F4xx_HAL_Driver/Src/stm32f4xx_hal_spi.o
                0x0000000008005760                HAL_SPI_TransmitReceive
 .text.HAL_SPI_GetState
                0x0000000008005aa4       0x1c ./Drivers/STM32F4xx_HAL_Driver/Src/stm32f4xx_hal_spi.o
                0x0000000008005aa4                HAL_SPI_GetState
 .text.SPI_WaitFlagStateUntilTimeout
                0x0000000008005ac0      0x110 ./Drivers/STM32F4xx_HAL_Driver/Src/stm32f4xx_hal_spi.o
 .text.SPI_EndRxTransaction
                0x0000000008005bd0       0xca ./Drivers/STM32F4xx_HAL_Driver/Src/stm32f4xx_hal_spi.o
 *fill*         0x0000000008005c9a        0x2 
 .text.SPI_EndRxTxTransaction
                0x0000000008005c9c       0x84 ./Drivers/STM32F4xx_HAL_Driver/Src/stm32f4xx_hal_spi.o
 .text.HAL_TIM_Base_Init
                0x0000000008005d20       0x9e ./Drivers/STM32F4xx_HAL_Driver/Src/stm32f4xx_hal_tim.o
                0x0000000008005d20                HAL_TIM_Base_Init
 *fill*         0x0000000008005dbe        0x2 
 .text.TIM_Base_SetConfig
                0x0000000008005dc0      0x140 ./Drivers/STM32F4xx_HAL_Driver/Src/stm32f4xx_hal_tim.o
                0x0000000008005dc0                TIM_Base_SetConfig
 .text.FMC_SDRAM_Init
                0x0000000008005f00       0xba ./Drivers/STM32F4xx_HAL_Driver/Src/stm32f4xx_ll_fmc.o
                0x0000000008005f00                FMC_SDRAM_Init
 .text.FMC_SDRAM_Timing_Init
                0x0000000008005fba       0xd2 ./Drivers/STM32F4xx_HAL_Driver/Src/stm32f4xx_ll_fmc.o
                0x0000000008005fba                FMC_SDRAM_Timing_Init
 .text.__NVIC_SetPriority
                0x000000000800608c       0x54 ./Middlewares/Third_Party/FreeRTOS/Source/CMSIS_RTOS_V2/cmsis_os2.o
 .text.SVC_Setup
                0x00000000080060e0       0x12 ./Middlewares/Third_Party/FreeRTOS/Source/CMSIS_RTOS_V2/cmsis_os2.o
 *fill*         0x00000000080060f2        0x2 
 .text.osKernelInitialize
                0x00000000080060f4       0x48 ./Middlewares/Third_Party/FreeRTOS/Source/CMSIS_RTOS_V2/cmsis_os2.o
                0x00000000080060f4                osKernelInitialize
 .text.osKernelStart
                0x000000000800613c       0x4c ./Middlewares/Third_Party/FreeRTOS/Source/CMSIS_RTOS_V2/cmsis_os2.o
                0x000000000800613c                osKernelStart
 .text.osThreadNew
                0x0000000008006188      0x124 ./Middlewares/Third_Party/FreeRTOS/Source/CMSIS_RTOS_V2/cmsis_os2.o
                0x0000000008006188                osThreadNew
 .text.osDelay  0x00000000080062ac       0x36 ./Middlewares/Third_Party/FreeRTOS/Source/CMSIS_RTOS_V2/cmsis_os2.o
                0x00000000080062ac                osDelay
 .text.TimerCallback
                0x00000000080062e2       0x2a ./Middlewares/Third_Party/FreeRTOS/Source/CMSIS_RTOS_V2/cmsis_os2.o
 .text.osTimerNew
                0x000000000800630c       0xf8 ./Middlewares/Third_Party/FreeRTOS/Source/CMSIS_RTOS_V2/cmsis_os2.o
                0x000000000800630c                osTimerNew
 .text.osTimerStart
                0x0000000008006404       0x5c ./Middlewares/Third_Party/FreeRTOS/Source/CMSIS_RTOS_V2/cmsis_os2.o
                0x0000000008006404                osTimerStart
 .text.osTimerStop
                0x0000000008006460       0x6e ./Middlewares/Third_Party/FreeRTOS/Source/CMSIS_RTOS_V2/cmsis_os2.o
                0x0000000008006460                osTimerStop
 .text.osTimerIsRunning
                0x00000000080064ce       0x38 ./Middlewares/Third_Party/FreeRTOS/Source/CMSIS_RTOS_V2/cmsis_os2.o
                0x00000000080064ce                osTimerIsRunning
 .text.osEventFlagsNew
                0x0000000008006506       0x7e ./Middlewares/Third_Party/FreeRTOS/Source/CMSIS_RTOS_V2/cmsis_os2.o
                0x0000000008006506                osEventFlagsNew
 .text.osEventFlagsSet
                0x0000000008006584       0x88 ./Middlewares/Third_Party/FreeRTOS/Source/CMSIS_RTOS_V2/cmsis_os2.o
                0x0000000008006584                osEventFlagsSet
 .text.osEventFlagsWait
                0x000000000800660c       0xcc ./Middlewares/Third_Party/FreeRTOS/Source/CMSIS_RTOS_V2/cmsis_os2.o
                0x000000000800660c                osEventFlagsWait
 .text.osMutexNew
                0x00000000080066d8      0x10c ./Middlewares/Third_Party/FreeRTOS/Source/CMSIS_RTOS_V2/cmsis_os2.o
                0x00000000080066d8                osMutexNew
 .text.osMutexAcquire
                0x00000000080067e4       0x96 ./Middlewares/Third_Party/FreeRTOS/Source/CMSIS_RTOS_V2/cmsis_os2.o
                0x00000000080067e4                osMutexAcquire
 .text.osMutexRelease
                0x000000000800687a       0x7a ./Middlewares/Third_Party/FreeRTOS/Source/CMSIS_RTOS_V2/cmsis_os2.o
                0x000000000800687a                osMutexRelease
 .text.osSemaphoreNew
                0x00000000080068f4      0x112 ./Middlewares/Third_Party/FreeRTOS/Source/CMSIS_RTOS_V2/cmsis_os2.o
                0x00000000080068f4                osSemaphoreNew
 *fill*         0x0000000008006a06        0x2 
 .text.osSemaphoreAcquire
                0x0000000008006a08       0xa4 ./Middlewares/Third_Party/FreeRTOS/Source/CMSIS_RTOS_V2/cmsis_os2.o
                0x0000000008006a08                osSemaphoreAcquire
 .text.osSemaphoreRelease
                0x0000000008006aac       0x88 ./Middlewares/Third_Party/FreeRTOS/Source/CMSIS_RTOS_V2/cmsis_os2.o
                0x0000000008006aac                osSemaphoreRelease
 .text.vApplicationGetIdleTaskMemory
                0x0000000008006b34       0x34 ./Middlewares/Third_Party/FreeRTOS/Source/CMSIS_RTOS_V2/cmsis_os2.o
                0x0000000008006b34                vApplicationGetIdleTaskMemory
 .text.vApplicationGetTimerTaskMemory
                0x0000000008006b68       0x34 ./Middlewares/Third_Party/FreeRTOS/Source/CMSIS_RTOS_V2/cmsis_os2.o
                0x0000000008006b68                vApplicationGetTimerTaskMemory
 .text.xEventGroupCreateStatic
                0x0000000008006b9c       0x6e ./Middlewares/Third_Party/FreeRTOS/Source/event_groups.o
                0x0000000008006b9c                xEventGroupCreateStatic
 .text.xEventGroupCreate
                0x0000000008006c0a       0x34 ./Middlewares/Third_Party/FreeRTOS/Source/event_groups.o
                0x0000000008006c0a                xEventGroupCreate
 *fill*         0x0000000008006c3e        0x2 
 .text.xEventGroupWaitBits
                0x0000000008006c40      0x19c ./Middlewares/Third_Party/FreeRTOS/Source/event_groups.o
                0x0000000008006c40                xEventGroupWaitBits
 .text.xEventGroupSetBits
                0x0000000008006ddc      0x116 ./Middlewares/Third_Party/FreeRTOS/Source/event_groups.o
                0x0000000008006ddc                xEventGroupSetBits
 .text.vEventGroupSetBitsCallback
                0x0000000008006ef2       0x1a ./Middlewares/Third_Party/FreeRTOS/Source/event_groups.o
                0x0000000008006ef2                vEventGroupSetBitsCallback
 .text.prvTestWaitCondition
                0x0000000008006f0c       0x44 ./Middlewares/Third_Party/FreeRTOS/Source/event_groups.o
 .text.xEventGroupSetBitsFromISR
                0x0000000008006f50       0x28 ./Middlewares/Third_Party/FreeRTOS/Source/event_groups.o
                0x0000000008006f50                xEventGroupSetBitsFromISR
 .text.vListInitialise
                0x0000000008006f78       0x40 ./Middlewares/Third_Party/FreeRTOS/Source/list.o
                0x0000000008006f78                vListInitialise
 .text.vListInitialiseItem
                0x0000000008006fb8       0x1a ./Middlewares/Third_Party/FreeRTOS/Source/list.o
                0x0000000008006fb8                vListInitialiseItem
 .text.vListInsertEnd
                0x0000000008006fd2       0x48 ./Middlewares/Third_Party/FreeRTOS/Source/list.o
                0x0000000008006fd2                vListInsertEnd
 .text.vListInsert
                0x000000000800701a       0x72 ./Middlewares/Third_Party/FreeRTOS/Source/list.o
                0x000000000800701a                vListInsert
 .text.uxListRemove
                0x000000000800708c       0x54 ./Middlewares/Third_Party/FreeRTOS/Source/list.o
                0x000000000800708c                uxListRemove
 .text.xQueueGenericReset
                0x00000000080070e0       0xd0 ./Middlewares/Third_Party/FreeRTOS/Source/queue.o
                0x00000000080070e0                xQueueGenericReset
 .text.xQueueGenericCreateStatic
                0x00000000080071b0       0xf0 ./Middlewares/Third_Party/FreeRTOS/Source/queue.o
                0x00000000080071b0                xQueueGenericCreateStatic
 .text.xQueueGenericCreate
                0x00000000080072a0       0x74 ./Middlewares/Third_Party/FreeRTOS/Source/queue.o
                0x00000000080072a0                xQueueGenericCreate
 .text.prvInitialiseNewQueue
                0x0000000008007314       0x52 ./Middlewares/Third_Party/FreeRTOS/Source/queue.o
 .text.prvInitialiseMutex
                0x0000000008007366       0x34 ./Middlewares/Third_Party/FreeRTOS/Source/queue.o
 .text.xQueueCreateMutex
                0x000000000800739a       0x30 ./Middlewares/Third_Party/FreeRTOS/Source/queue.o
                0x000000000800739a                xQueueCreateMutex
 .text.xQueueCreateMutexStatic
                0x00000000080073ca       0x36 ./Middlewares/Third_Party/FreeRTOS/Source/queue.o
                0x00000000080073ca                xQueueCreateMutexStatic
 .text.xQueueGiveMutexRecursive
                0x0000000008007400       0x68 ./Middlewares/Third_Party/FreeRTOS/Source/queue.o
                0x0000000008007400                xQueueGiveMutexRecursive
 .text.xQueueTakeMutexRecursive
                0x0000000008007468       0x6c ./Middlewares/Third_Party/FreeRTOS/Source/queue.o
                0x0000000008007468                xQueueTakeMutexRecursive
 .text.xQueueCreateCountingSemaphoreStatic
                0x00000000080074d4       0x6e ./Middlewares/Third_Party/FreeRTOS/Source/queue.o
                0x00000000080074d4                xQueueCreateCountingSemaphoreStatic
 .text.xQueueCreateCountingSemaphore
                0x0000000008007542       0x66 ./Middlewares/Third_Party/FreeRTOS/Source/queue.o
                0x0000000008007542                xQueueCreateCountingSemaphore
 .text.xQueueGenericSend
                0x00000000080075a8      0x24c ./Middlewares/Third_Party/FreeRTOS/Source/queue.o
                0x00000000080075a8                xQueueGenericSend
 .text.xQueueGenericSendFromISR
                0x00000000080077f4      0x15e ./Middlewares/Third_Party/FreeRTOS/Source/queue.o
                0x00000000080077f4                xQueueGenericSendFromISR
 .text.xQueueGiveFromISR
                0x0000000008007952      0x142 ./Middlewares/Third_Party/FreeRTOS/Source/queue.o
                0x0000000008007952                xQueueGiveFromISR
 .text.xQueueReceive
                0x0000000008007a94      0x220 ./Middlewares/Third_Party/FreeRTOS/Source/queue.o
                0x0000000008007a94                xQueueReceive
 .text.xQueueSemaphoreTake
                0x0000000008007cb4      0x278 ./Middlewares/Third_Party/FreeRTOS/Source/queue.o
                0x0000000008007cb4                xQueueSemaphoreTake
 .text.xQueueReceiveFromISR
                0x0000000008007f2c      0x13c ./Middlewares/Third_Party/FreeRTOS/Source/queue.o
                0x0000000008007f2c                xQueueReceiveFromISR
 .text.vQueueDelete
                0x0000000008008068       0x58 ./Middlewares/Third_Party/FreeRTOS/Source/queue.o
                0x0000000008008068                vQueueDelete
 .text.prvGetDisinheritPriorityAfterTimeout
                0x00000000080080c0       0x30 ./Middlewares/Third_Party/FreeRTOS/Source/queue.o
 .text.prvCopyDataToQueue
                0x00000000080080f0       0xd4 ./Middlewares/Third_Party/FreeRTOS/Source/queue.o
 .text.prvCopyDataFromQueue
                0x00000000080081c4       0x4c ./Middlewares/Third_Party/FreeRTOS/Source/queue.o
 .text.prvUnlockQueue
                0x0000000008008210       0xa4 ./Middlewares/Third_Party/FreeRTOS/Source/queue.o
 .text.prvIsQueueEmpty
                0x00000000080082b4       0x2c ./Middlewares/Third_Party/FreeRTOS/Source/queue.o
 .text.prvIsQueueFull
                0x00000000080082e0       0x30 ./Middlewares/Third_Party/FreeRTOS/Source/queue.o
 .text.vQueueAddToRegistry
                0x0000000008008310       0x64 ./Middlewares/Third_Party/FreeRTOS/Source/queue.o
                0x0000000008008310                vQueueAddToRegistry
 .text.vQueueUnregisterQueue
                0x0000000008008374       0x54 ./Middlewares/Third_Party/FreeRTOS/Source/queue.o
                0x0000000008008374                vQueueUnregisterQueue
 .text.vQueueWaitForMessageRestricted
                0x00000000080083c8       0x68 ./Middlewares/Third_Party/FreeRTOS/Source/queue.o
                0x00000000080083c8                vQueueWaitForMessageRestricted
 .text.xTaskCreateStatic
                0x0000000008008430       0xba ./Middlewares/Third_Party/FreeRTOS/Source/tasks.o
                0x0000000008008430                xTaskCreateStatic
 .text.xTaskCreate
                0x00000000080084ea       0x8a ./Middlewares/Third_Party/FreeRTOS/Source/tasks.o
                0x00000000080084ea                xTaskCreate
 .text.prvInitialiseNewTask
                0x0000000008008574      0x14c ./Middlewares/Third_Party/FreeRTOS/Source/tasks.o
 .text.prvAddNewTaskToReadyList
                0x00000000080086c0      0x11c ./Middlewares/Third_Party/FreeRTOS/Source/tasks.o
 .text.vTaskDelay
                0x00000000080087dc       0x70 ./Middlewares/Third_Party/FreeRTOS/Source/tasks.o
                0x00000000080087dc                vTaskDelay
 .text.vTaskStartScheduler
                0x000000000800884c      0x104 ./Middlewares/Third_Party/FreeRTOS/Source/tasks.o
                0x000000000800884c                vTaskStartScheduler
 .text.vTaskSuspendAll
                0x0000000008008950       0x1c ./Middlewares/Third_Party/FreeRTOS/Source/tasks.o
                0x0000000008008950                vTaskSuspendAll
 .text.xTaskResumeAll
                0x000000000800896c      0x144 ./Middlewares/Third_Party/FreeRTOS/Source/tasks.o
                0x000000000800896c                xTaskResumeAll
 .text.xTaskGetTickCount
                0x0000000008008ab0       0x20 ./Middlewares/Third_Party/FreeRTOS/Source/tasks.o
                0x0000000008008ab0                xTaskGetTickCount
 .text.xTaskGetTickCountFromISR
                0x0000000008008ad0       0x24 ./Middlewares/Third_Party/FreeRTOS/Source/tasks.o
                0x0000000008008ad0                xTaskGetTickCountFromISR
 .text.xTaskIncrementTick
                0x0000000008008af4      0x17c ./Middlewares/Third_Party/FreeRTOS/Source/tasks.o
                0x0000000008008af4                xTaskIncrementTick
 .text.vTaskSwitchContext
                0x0000000008008c70       0xf0 ./Middlewares/Third_Party/FreeRTOS/Source/tasks.o
                0x0000000008008c70                vTaskSwitchContext
 .text.vTaskPlaceOnEventList
                0x0000000008008d60       0x48 ./Middlewares/Third_Party/FreeRTOS/Source/tasks.o
                0x0000000008008d60                vTaskPlaceOnEventList
 .text.vTaskPlaceOnUnorderedEventList
                0x0000000008008da8       0x78 ./Middlewares/Third_Party/FreeRTOS/Source/tasks.o
                0x0000000008008da8                vTaskPlaceOnUnorderedEventList
 .text.vTaskPlaceOnEventListRestricted
                0x0000000008008e20       0x5c ./Middlewares/Third_Party/FreeRTOS/Source/tasks.o
                0x0000000008008e20                vTaskPlaceOnEventListRestricted
 .text.xTaskRemoveFromEventList
                0x0000000008008e7c       0xd0 ./Middlewares/Third_Party/FreeRTOS/Source/tasks.o
                0x0000000008008e7c                xTaskRemoveFromEventList
 .text.vTaskRemoveFromUnorderedEventList
                0x0000000008008f4c       0xcc ./Middlewares/Third_Party/FreeRTOS/Source/tasks.o
                0x0000000008008f4c                vTaskRemoveFromUnorderedEventList
 .text.vTaskInternalSetTimeOutState
                0x0000000008009018       0x2c ./Middlewares/Third_Party/FreeRTOS/Source/tasks.o
                0x0000000008009018                vTaskInternalSetTimeOutState
 .text.xTaskCheckForTimeOut
                0x0000000008009044       0xc4 ./Middlewares/Third_Party/FreeRTOS/Source/tasks.o
                0x0000000008009044                xTaskCheckForTimeOut
 .text.vTaskMissedYield
                0x0000000008009108       0x18 ./Middlewares/Third_Party/FreeRTOS/Source/tasks.o
                0x0000000008009108                vTaskMissedYield
 .text.prvIdleTask
                0x0000000008009120       0x30 ./Middlewares/Third_Party/FreeRTOS/Source/tasks.o
 .text.prvInitialiseTaskLists
                0x0000000008009150       0x80 ./Middlewares/Third_Party/FreeRTOS/Source/tasks.o
 .text.prvCheckTasksWaitingTermination
                0x00000000080091d0       0x5c ./Middlewares/Third_Party/FreeRTOS/Source/tasks.o
 .text.prvTaskCheckFreeStackSpace
                0x000000000800922c       0x38 ./Middlewares/Third_Party/FreeRTOS/Source/tasks.o
 .text.uxTaskGetStackHighWaterMark
                0x0000000008009264       0x38 ./Middlewares/Third_Party/FreeRTOS/Source/tasks.o
                0x0000000008009264                uxTaskGetStackHighWaterMark
 .text.prvDeleteTCB
                0x000000000800929c       0x68 ./Middlewares/Third_Party/FreeRTOS/Source/tasks.o
 .text.prvResetNextTaskUnblockTime
                0x0000000008009304       0x40 ./Middlewares/Third_Party/FreeRTOS/Source/tasks.o
 .text.xTaskGetCurrentTaskHandle
                0x0000000008009344       0x20 ./Middlewares/Third_Party/FreeRTOS/Source/tasks.o
                0x0000000008009344                xTaskGetCurrentTaskHandle
 .text.xTaskGetSchedulerState
                0x0000000008009364       0x3c ./Middlewares/Third_Party/FreeRTOS/Source/tasks.o
                0x0000000008009364                xTaskGetSchedulerState
 .text.xTaskPriorityInherit
                0x00000000080093a0       0xe4 ./Middlewares/Third_Party/FreeRTOS/Source/tasks.o
                0x00000000080093a0                xTaskPriorityInherit
 .text.xTaskPriorityDisinherit
                0x0000000008009484       0xec ./Middlewares/Third_Party/FreeRTOS/Source/tasks.o
                0x0000000008009484                xTaskPriorityDisinherit
 .text.vTaskPriorityDisinheritAfterTimeout
                0x0000000008009570      0x114 ./Middlewares/Third_Party/FreeRTOS/Source/tasks.o
                0x0000000008009570                vTaskPriorityDisinheritAfterTimeout
 .text.uxTaskResetEventItemValue
                0x0000000008009684       0x30 ./Middlewares/Third_Party/FreeRTOS/Source/tasks.o
                0x0000000008009684                uxTaskResetEventItemValue
 .text.pvTaskIncrementMutexHeldCount
                0x00000000080096b4       0x28 ./Middlewares/Third_Party/FreeRTOS/Source/tasks.o
                0x00000000080096b4                pvTaskIncrementMutexHeldCount
 .text.prvAddCurrentTaskToDelayedList
                0x00000000080096dc       0xa8 ./Middlewares/Third_Party/FreeRTOS/Source/tasks.o
 .text.xTimerCreateTimerTask
                0x0000000008009784       0x90 ./Middlewares/Third_Party/FreeRTOS/Source/timers.o
                0x0000000008009784                xTimerCreateTimerTask
 .text.xTimerCreate
                0x0000000008009814       0x42 ./Middlewares/Third_Party/FreeRTOS/Source/timers.o
                0x0000000008009814                xTimerCreate
 .text.xTimerCreateStatic
                0x0000000008009856       0x7c ./Middlewares/Third_Party/FreeRTOS/Source/timers.o
                0x0000000008009856                xTimerCreateStatic
 .text.prvInitialiseNewTimer
                0x00000000080098d2       0x76 ./Middlewares/Third_Party/FreeRTOS/Source/timers.o
 .text.xTimerGenericCommand
                0x0000000008009948       0x9c ./Middlewares/Third_Party/FreeRTOS/Source/timers.o
                0x0000000008009948                xTimerGenericCommand
 .text.prvProcessExpiredTimer
                0x00000000080099e4       0x98 ./Middlewares/Third_Party/FreeRTOS/Source/timers.o
 .text.prvTimerTask
                0x0000000008009a7c       0x24 ./Middlewares/Third_Party/FreeRTOS/Source/timers.o
 .text.prvProcessTimerOrBlockTask
                0x0000000008009aa0       0x9c ./Middlewares/Third_Party/FreeRTOS/Source/timers.o
 .text.prvGetNextExpireTime
                0x0000000008009b3c       0x48 ./Middlewares/Third_Party/FreeRTOS/Source/timers.o
 .text.prvSampleTimeNow
                0x0000000008009b84       0x40 ./Middlewares/Third_Party/FreeRTOS/Source/timers.o
 .text.prvInsertTimerInActiveList
                0x0000000008009bc4       0x84 ./Middlewares/Third_Party/FreeRTOS/Source/timers.o
 .text.prvProcessReceivedCommands
                0x0000000008009c48      0x1c4 ./Middlewares/Third_Party/FreeRTOS/Source/timers.o
 .text.prvSwitchTimerLists
                0x0000000008009e0c       0xc8 ./Middlewares/Third_Party/FreeRTOS/Source/timers.o
 .text.prvCheckForValidListAndQueue
                0x0000000008009ed4       0x80 ./Middlewares/Third_Party/FreeRTOS/Source/timers.o
 .text.xTimerIsTimerActive
                0x0000000008009f54       0x52 ./Middlewares/Third_Party/FreeRTOS/Source/timers.o
                0x0000000008009f54                xTimerIsTimerActive
 .text.pvTimerGetTimerID
                0x0000000008009fa6       0x40 ./Middlewares/Third_Party/FreeRTOS/Source/timers.o
                0x0000000008009fa6                pvTimerGetTimerID
 *fill*         0x0000000008009fe6        0x2 
 .text.xTimerPendFunctionCallFromISR
                0x0000000008009fe8       0x40 ./Middlewares/Third_Party/FreeRTOS/Source/timers.o
                0x0000000008009fe8                xTimerPendFunctionCallFromISR
 .text.pxPortInitialiseStack
                0x000000000800a028       0x68 ./Middlewares/Third_Party/FreeRTOS/Source/portable/GCC/ARM_CM4F/port.o
                0x000000000800a028                pxPortInitialiseStack
 .text.prvTaskExitError
                0x000000000800a090       0x58 ./Middlewares/Third_Party/FreeRTOS/Source/portable/GCC/ARM_CM4F/port.o
 *fill*         0x000000000800a0e8        0x8 
 .text.SVC_Handler
                0x000000000800a0f0       0x28 ./Middlewares/Third_Party/FreeRTOS/Source/portable/GCC/ARM_CM4F/port.o
                0x000000000800a0f0                SVC_Handler
 .text.prvPortStartFirstTask
                0x000000000800a118       0x28 ./Middlewares/Third_Party/FreeRTOS/Source/portable/GCC/ARM_CM4F/port.o
 .text.xPortStartScheduler
                0x000000000800a140      0x144 ./Middlewares/Third_Party/FreeRTOS/Source/portable/GCC/ARM_CM4F/port.o
                0x000000000800a140                xPortStartScheduler
 .text.vPortEnterCritical
                0x000000000800a284       0x60 ./Middlewares/Third_Party/FreeRTOS/Source/portable/GCC/ARM_CM4F/port.o
                0x000000000800a284                vPortEnterCritical
 .text.vPortExitCritical
                0x000000000800a2e4       0x54 ./Middlewares/Third_Party/FreeRTOS/Source/portable/GCC/ARM_CM4F/port.o
                0x000000000800a2e4                vPortExitCritical
 *fill*         0x000000000800a338        0x8 
 .text.PendSV_Handler
                0x000000000800a340       0x68 ./Middlewares/Third_Party/FreeRTOS/Source/portable/GCC/ARM_CM4F/port.o
                0x000000000800a340                PendSV_Handler
 .text.xPortSysTickHandler
                0x000000000800a3a8       0x44 ./Middlewares/Third_Party/FreeRTOS/Source/portable/GCC/ARM_CM4F/port.o
                0x000000000800a3a8                xPortSysTickHandler
 .text.vPortSetupTimerInterrupt
                0x000000000800a3ec       0x48 ./Middlewares/Third_Party/FreeRTOS/Source/portable/GCC/ARM_CM4F/port.o
                0x000000000800a3ec                vPortSetupTimerInterrupt
 .text.vPortEnableVFP
                0x000000000800a434       0x14 ./Middlewares/Third_Party/FreeRTOS/Source/portable/GCC/ARM_CM4F/port.o
 .text.vPortValidateInterruptPriority
                0x000000000800a448       0x80 ./Middlewares/Third_Party/FreeRTOS/Source/portable/GCC/ARM_CM4F/port.o
                0x000000000800a448                vPortValidateInterruptPriority
 .text.pvPortMalloc
                0x000000000800a4c8      0x198 ./Middlewares/Third_Party/FreeRTOS/Source/portable/MemMang/heap_4.o
                0x000000000800a4c8                pvPortMalloc
 .text.vPortFree
                0x000000000800a660       0xc4 ./Middlewares/Third_Party/FreeRTOS/Source/portable/MemMang/heap_4.o
                0x000000000800a660                vPortFree
 .text.prvHeapInit
                0x000000000800a724       0xc4 ./Middlewares/Third_Party/FreeRTOS/Source/portable/MemMang/heap_4.o
 .text.prvInsertBlockIntoFreeList
                0x000000000800a7e8       0xb4 ./Middlewares/Third_Party/FreeRTOS/Source/portable/MemMang/heap_4.o
 .text._DoInit  0x000000000800a89c       0xb0 ./Middlewares/Third_Party/SystemView/SEGGER/SEGGER_RTT.o
 .text.SEGGER_RTT_ReadNoLock
                0x000000000800a94c      0x10c ./Middlewares/Third_Party/SystemView/SEGGER/SEGGER_RTT.o
                0x000000000800a94c                SEGGER_RTT_ReadNoLock
 .text.SEGGER_RTT_AllocUpBuffer
                0x000000000800aa58      0x108 ./Middlewares/Third_Party/SystemView/SEGGER/SEGGER_RTT.o
                0x000000000800aa58                SEGGER_RTT_AllocUpBuffer
 .text.SEGGER_RTT_ConfigDownBuffer
                0x000000000800ab60       0x98 ./Middlewares/Third_Party/SystemView/SEGGER/SEGGER_RTT.o
                0x000000000800ab60                SEGGER_RTT_ConfigDownBuffer
 .text._EncodeStr
                0x000000000800abf8       0xa0 ./Middlewares/Third_Party/SystemView/SEGGER/SEGGER_SYSVIEW.o
 .text._PreparePacket
                0x000000000800ac98       0x18 ./Middlewares/Third_Party/SystemView/SEGGER/SEGGER_SYSVIEW.o
 .text._HandleIncomingPacket
                0x000000000800acb0       0xe0 ./Middlewares/Third_Party/SystemView/SEGGER/SEGGER_SYSVIEW.o
 .text._TrySendOverflowPacket
                0x000000000800ad90       0xe4 ./Middlewares/Third_Party/SystemView/SEGGER/SEGGER_SYSVIEW.o
 .text._SendPacket
                0x000000000800ae74      0x1cc ./Middlewares/Third_Party/SystemView/SEGGER/SEGGER_SYSVIEW.o
 .text.SEGGER_SYSVIEW_Init
                0x000000000800b040       0x88 ./Middlewares/Third_Party/SystemView/SEGGER/SEGGER_SYSVIEW.o
                0x000000000800b040                SEGGER_SYSVIEW_Init
 .text.SEGGER_SYSVIEW_SetRAMBase
                0x000000000800b0c8       0x20 ./Middlewares/Third_Party/SystemView/SEGGER/SEGGER_SYSVIEW.o
                0x000000000800b0c8                SEGGER_SYSVIEW_SetRAMBase
 .text.SEGGER_SYSVIEW_RecordVoid
                0x000000000800b0e8       0x3c ./Middlewares/Third_Party/SystemView/SEGGER/SEGGER_SYSVIEW.o
                0x000000000800b0e8                SEGGER_SYSVIEW_RecordVoid
 .text.SEGGER_SYSVIEW_RecordU32
                0x000000000800b124       0x78 ./Middlewares/Third_Party/SystemView/SEGGER/SEGGER_SYSVIEW.o
                0x000000000800b124                SEGGER_SYSVIEW_RecordU32
 .text.SEGGER_SYSVIEW_RecordU32x2
                0x000000000800b19c       0xb4 ./Middlewares/Third_Party/SystemView/SEGGER/SEGGER_SYSVIEW.o
                0x000000000800b19c                SEGGER_SYSVIEW_RecordU32x2
 .text.SEGGER_SYSVIEW_RecordU32x3
                0x000000000800b250       0xec ./Middlewares/Third_Party/SystemView/SEGGER/SEGGER_SYSVIEW.o
                0x000000000800b250                SEGGER_SYSVIEW_RecordU32x3
 .text.SEGGER_SYSVIEW_RecordU32x4
                0x000000000800b33c      0x124 ./Middlewares/Third_Party/SystemView/SEGGER/SEGGER_SYSVIEW.o
                0x000000000800b33c                SEGGER_SYSVIEW_RecordU32x4
 .text.SEGGER_SYSVIEW_Start
                0x000000000800b460      0x174 ./Middlewares/Third_Party/SystemView/SEGGER/SEGGER_SYSVIEW.o
                0x000000000800b460                SEGGER_SYSVIEW_Start
 .text.SEGGER_SYSVIEW_Stop
                0x000000000800b5d4       0x4c ./Middlewares/Third_Party/SystemView/SEGGER/SEGGER_SYSVIEW.o
                0x000000000800b5d4                SEGGER_SYSVIEW_Stop
 .text.SEGGER_SYSVIEW_GetSysDesc
                0x000000000800b620      0x134 ./Middlewares/Third_Party/SystemView/SEGGER/SEGGER_SYSVIEW.o
                0x000000000800b620                SEGGER_SYSVIEW_GetSysDesc
 .text.SEGGER_SYSVIEW_SendTaskInfo
                0x000000000800b754      0x1c8 ./Middlewares/Third_Party/SystemView/SEGGER/SEGGER_SYSVIEW.o
                0x000000000800b754                SEGGER_SYSVIEW_SendTaskInfo
 .text.SEGGER_SYSVIEW_SendTaskList
                0x000000000800b91c       0x28 ./Middlewares/Third_Party/SystemView/SEGGER/SEGGER_SYSVIEW.o
                0x000000000800b91c                SEGGER_SYSVIEW_SendTaskList
 .text.SEGGER_SYSVIEW_SendSysDesc
                0x000000000800b944       0x48 ./Middlewares/Third_Party/SystemView/SEGGER/SEGGER_SYSVIEW.o
                0x000000000800b944                SEGGER_SYSVIEW_SendSysDesc
 .text.SEGGER_SYSVIEW_RecordSystime
                0x000000000800b98c       0x64 ./Middlewares/Third_Party/SystemView/SEGGER/SEGGER_SYSVIEW.o
                0x000000000800b98c                SEGGER_SYSVIEW_RecordSystime
 .text.SEGGER_SYSVIEW_OnIdle
                0x000000000800b9f0       0x38 ./Middlewares/Third_Party/SystemView/SEGGER/SEGGER_SYSVIEW.o
                0x000000000800b9f0                SEGGER_SYSVIEW_OnIdle
 .text.SEGGER_SYSVIEW_OnTaskCreate
                0x000000000800ba28       0x84 ./Middlewares/Third_Party/SystemView/SEGGER/SEGGER_SYSVIEW.o
                0x000000000800ba28                SEGGER_SYSVIEW_OnTaskCreate
 .text.SEGGER_SYSVIEW_OnTaskStartExec
                0x000000000800baac       0x84 ./Middlewares/Third_Party/SystemView/SEGGER/SEGGER_SYSVIEW.o
                0x000000000800baac                SEGGER_SYSVIEW_OnTaskStartExec
 .text.SEGGER_SYSVIEW_OnTaskStartReady
                0x000000000800bb30       0x84 ./Middlewares/Third_Party/SystemView/SEGGER/SEGGER_SYSVIEW.o
                0x000000000800bb30                SEGGER_SYSVIEW_OnTaskStartReady
 .text.SEGGER_SYSVIEW_ShrinkId
                0x000000000800bbb4       0x20 ./Middlewares/Third_Party/SystemView/SEGGER/SEGGER_SYSVIEW.o
                0x000000000800bbb4                SEGGER_SYSVIEW_ShrinkId
 .text.SEGGER_SYSVIEW_SendModule
                0x000000000800bbd4      0x100 ./Middlewares/Third_Party/SystemView/SEGGER/SEGGER_SYSVIEW.o
                0x000000000800bbd4                SEGGER_SYSVIEW_SendModule
 .text.SEGGER_SYSVIEW_SendModuleDescription
                0x000000000800bcd4       0x3c ./Middlewares/Third_Party/SystemView/SEGGER/SEGGER_SYSVIEW.o
                0x000000000800bcd4                SEGGER_SYSVIEW_SendModuleDescription
 .text.SEGGER_SYSVIEW_SendNumModules
                0x000000000800bd10       0x7c ./Middlewares/Third_Party/SystemView/SEGGER/SEGGER_SYSVIEW.o
                0x000000000800bd10                SEGGER_SYSVIEW_SendNumModules
 .text.SEGGER_SYSVIEW_Warn
                0x000000000800bd8c       0xb8 ./Middlewares/Third_Party/SystemView/SEGGER/SEGGER_SYSVIEW.o
                0x000000000800bd8c                SEGGER_SYSVIEW_Warn
 .text.__NVIC_EnableIRQ
                0x000000000800be44       0x3c ./Middlewares/Third_Party/SystemView/Sample/FreeRTOS/Config/SEGGER_SYSVIEW_Config_FreeRTOS.o
 .text.LL_APB1_GRP1_EnableClock
                0x000000000800be80       0x30 ./Middlewares/Third_Party/SystemView/Sample/FreeRTOS/Config/SEGGER_SYSVIEW_Config_FreeRTOS.o
 .text.LL_TIM_EnableCounter
                0x000000000800beb0       0x20 ./Middlewares/Third_Party/SystemView/Sample/FreeRTOS/Config/SEGGER_SYSVIEW_Config_FreeRTOS.o
 .text.LL_TIM_SetPrescaler
                0x000000000800bed0       0x1c ./Middlewares/Third_Party/SystemView/Sample/FreeRTOS/Config/SEGGER_SYSVIEW_Config_FreeRTOS.o
 .text.LL_TIM_ClearFlag_UPDATE
                0x000000000800beec       0x1c ./Middlewares/Third_Party/SystemView/Sample/FreeRTOS/Config/SEGGER_SYSVIEW_Config_FreeRTOS.o
 .text.LL_TIM_IsActiveFlag_UPDATE
                0x000000000800bf08       0x26 ./Middlewares/Third_Party/SystemView/Sample/FreeRTOS/Config/SEGGER_SYSVIEW_Config_FreeRTOS.o
 .text.LL_TIM_EnableIT_UPDATE
                0x000000000800bf2e       0x20 ./Middlewares/Third_Party/SystemView/Sample/FreeRTOS/Config/SEGGER_SYSVIEW_Config_FreeRTOS.o
 *fill*         0x000000000800bf4e        0x2 
 .text._cbSendSystemDesc
                0x000000000800bf50       0x14 ./Middlewares/Third_Party/SystemView/Sample/FreeRTOS/Config/SEGGER_SYSVIEW_Config_FreeRTOS.o
 .text.TIM7_IRQHandler
                0x000000000800bf64       0x2c ./Middlewares/Third_Party/SystemView/Sample/FreeRTOS/Config/SEGGER_SYSVIEW_Config_FreeRTOS.o
                0x000000000800bf64                TIM7_IRQHandler
 .text.SEGGER_SYSVIEW_TimeStampInit
                0x000000000800bf90       0x48 ./Middlewares/Third_Party/SystemView/Sample/FreeRTOS/Config/SEGGER_SYSVIEW_Config_FreeRTOS.o
 .text.SEGGER_SYSVIEW_Conf
                0x000000000800bfd8       0x30 ./Middlewares/Third_Party/SystemView/Sample/FreeRTOS/Config/SEGGER_SYSVIEW_Config_FreeRTOS.o
                0x000000000800bfd8                SEGGER_SYSVIEW_Conf
 .text._cbSendTaskList
                0x000000000800c008       0xbc ./Middlewares/Third_Party/SystemView/Sample/FreeRTOS/SEGGER_SYSVIEW_FreeRTOS.o
 .text._cbGetTime
                0x000000000800c0c4       0x86 ./Middlewares/Third_Party/SystemView/Sample/FreeRTOS/SEGGER_SYSVIEW_FreeRTOS.o
 *fill*         0x000000000800c14a        0x2 
 .text.SYSVIEW_AddTask
                0x000000000800c14c       0xd0 ./Middlewares/Third_Party/SystemView/Sample/FreeRTOS/SEGGER_SYSVIEW_FreeRTOS.o
                0x000000000800c14c                SYSVIEW_AddTask
 .text.SYSVIEW_SendTaskInfo
                0x000000000800c21c       0x42 ./Middlewares/Third_Party/SystemView/Sample/FreeRTOS/SEGGER_SYSVIEW_FreeRTOS.o
                0x000000000800c21c                SYSVIEW_SendTaskInfo
 *fill*         0x000000000800c25e        0x2 
 .text.__assert_func
                0x000000000800c260       0x3c C:/ST/STM32CubeIDE_1.14.1/STM32CubeIDE/plugins/com.st.stm32cube.ide.mcu.externaltools.gnu-tools-for-stm32.11.3.rel1.win32_1.1.100.202309141235/tools/bin/../lib/gcc/arm-none-eabi/11.3.1/../../../../arm-none-eabi/lib/thumb/v7e-m+fp/hard\libc_nano.a(libc_a-assert.o)
                0x000000000800c260                __assert_func
 .text.std      0x000000000800c29c       0x6c C:/ST/STM32CubeIDE_1.14.1/STM32CubeIDE/plugins/com.st.stm32cube.ide.mcu.externaltools.gnu-tools-for-stm32.11.3.rel1.win32_1.1.100.202309141235/tools/bin/../lib/gcc/arm-none-eabi/11.3.1/../../../../arm-none-eabi/lib/thumb/v7e-m+fp/hard\libc_nano.a(libc_a-findfp.o)
 .text.stdio_exit_handler
                0x000000000800c308       0x18 C:/ST/STM32CubeIDE_1.14.1/STM32CubeIDE/plugins/com.st.stm32cube.ide.mcu.externaltools.gnu-tools-for-stm32.11.3.rel1.win32_1.1.100.202309141235/tools/bin/../lib/gcc/arm-none-eabi/11.3.1/../../../../arm-none-eabi/lib/thumb/v7e-m+fp/hard\libc_nano.a(libc_a-findfp.o)
 .text.cleanup_stdio
                0x000000000800c320       0x40 C:/ST/STM32CubeIDE_1.14.1/STM32CubeIDE/plugins/com.st.stm32cube.ide.mcu.externaltools.gnu-tools-for-stm32.11.3.rel1.win32_1.1.100.202309141235/tools/bin/../lib/gcc/arm-none-eabi/11.3.1/../../../../arm-none-eabi/lib/thumb/v7e-m+fp/hard\libc_nano.a(libc_a-findfp.o)
 .text.global_stdio_init.part.0
                0x000000000800c360       0x3c C:/ST/STM32CubeIDE_1.14.1/STM32CubeIDE/plugins/com.st.stm32cube.ide.mcu.externaltools.gnu-tools-for-stm32.11.3.rel1.win32_1.1.100.202309141235/tools/bin/../lib/gcc/arm-none-eabi/11.3.1/../../../../arm-none-eabi/lib/thumb/v7e-m+fp/hard\libc_nano.a(libc_a-findfp.o)
 .text.__sfp_lock_acquire
                0x000000000800c39c        0xc C:/ST/STM32CubeIDE_1.14.1/STM32CubeIDE/plugins/com.st.stm32cube.ide.mcu.externaltools.gnu-tools-for-stm32.11.3.rel1.win32_1.1.100.202309141235/tools/bin/../lib/gcc/arm-none-eabi/11.3.1/../../../../arm-none-eabi/lib/thumb/v7e-m+fp/hard\libc_nano.a(libc_a-findfp.o)
                0x000000000800c39c                __sfp_lock_acquire
 .text.__sfp_lock_release
                0x000000000800c3a8        0xc C:/ST/STM32CubeIDE_1.14.1/STM32CubeIDE/plugins/com.st.stm32cube.ide.mcu.externaltools.gnu-tools-for-stm32.11.3.rel1.win32_1.1.100.202309141235/tools/bin/../lib/gcc/arm-none-eabi/11.3.1/../../../../arm-none-eabi/lib/thumb/v7e-m+fp/hard\libc_nano.a(libc_a-findfp.o)
                0x000000000800c3a8                __sfp_lock_release
 .text.__sinit  0x000000000800c3b4       0x30 C:/ST/STM32CubeIDE_1.14.1/STM32CubeIDE/plugins/com.st.stm32cube.ide.mcu.externaltools.gnu-tools-for-stm32.11.3.rel1.win32_1.1.100.202309141235/tools/bin/../lib/gcc/arm-none-eabi/11.3.1/../../../../arm-none-eabi/lib/thumb/v7e-m+fp/hard\libc_nano.a(libc_a-findfp.o)
                0x000000000800c3b4                __sinit
 .text.fprintf  0x000000000800c3e4       0x24 C:/ST/STM32CubeIDE_1.14.1/STM32CubeIDE/plugins/com.st.stm32cube.ide.mcu.externaltools.gnu-tools-for-stm32.11.3.rel1.win32_1.1.100.202309141235/tools/bin/../lib/gcc/arm-none-eabi/11.3.1/../../../../arm-none-eabi/lib/thumb/v7e-m+fp/hard\libc_nano.a(libc_a-fprintf.o)
                0x000000000800c3e4                fiprintf
                0x000000000800c3e4                fprintf
 .text._fwalk_sglue
                0x000000000800c408       0x3c C:/ST/STM32CubeIDE_1.14.1/STM32CubeIDE/plugins/com.st.stm32cube.ide.mcu.externaltools.gnu-tools-for-stm32.11.3.rel1.win32_1.1.100.202309141235/tools/bin/../lib/gcc/arm-none-eabi/11.3.1/../../../../arm-none-eabi/lib/thumb/v7e-m+fp/hard\libc_nano.a(libc_a-fwalk.o)
                0x000000000800c408                _fwalk_sglue
 .text.__sread  0x000000000800c444       0x22 C:/ST/STM32CubeIDE_1.14.1/STM32CubeIDE/plugins/com.st.stm32cube.ide.mcu.externaltools.gnu-tools-for-stm32.11.3.rel1.win32_1.1.100.202309141235/tools/bin/../lib/gcc/arm-none-eabi/11.3.1/../../../../arm-none-eabi/lib/thumb/v7e-m+fp/hard\libc_nano.a(libc_a-stdio.o)
                0x000000000800c444                __sread
 .text.__swrite
                0x000000000800c466       0x38 C:/ST/STM32CubeIDE_1.14.1/STM32CubeIDE/plugins/com.st.stm32cube.ide.mcu.externaltools.gnu-tools-for-stm32.11.3.rel1.win32_1.1.100.202309141235/tools/bin/../lib/gcc/arm-none-eabi/11.3.1/../../../../arm-none-eabi/lib/thumb/v7e-m+fp/hard\libc_nano.a(libc_a-stdio.o)
                0x000000000800c466                __swrite
 .text.__sseek  0x000000000800c49e       0x24 C:/ST/STM32CubeIDE_1.14.1/STM32CubeIDE/plugins/com.st.stm32cube.ide.mcu.externaltools.gnu-tools-for-stm32.11.3.rel1.win32_1.1.100.202309141235/tools/bin/../lib/gcc/arm-none-eabi/11.3.1/../../../../arm-none-eabi/lib/thumb/v7e-m+fp/hard\libc_nano.a(libc_a-stdio.o)
                0x000000000800c49e                __sseek
 .text.__sclose
                0x000000000800c4c2        0x8 C:/ST/STM32CubeIDE_1.14.1/STM32CubeIDE/plugins/com.st.stm32cube.ide.mcu.externaltools.gnu-tools-for-stm32.11.3.rel1.win32_1.1.100.202309141235/tools/bin/../lib/gcc/arm-none-eabi/11.3.1/../../../../arm-none-eabi/lib/thumb/v7e-m+fp/hard\libc_nano.a(libc_a-stdio.o)
                0x000000000800c4c2                __sclose
 .text.memcmp   0x000000000800c4ca       0x20 C:/ST/STM32CubeIDE_1.14.1/STM32CubeIDE/plugins/com.st.stm32cube.ide.mcu.externaltools.gnu-tools-for-stm32.11.3.rel1.win32_1.1.100.202309141235/tools/bin/../lib/gcc/arm-none-eabi/11.3.1/../../../../arm-none-eabi/lib/thumb/v7e-m+fp/hard\libc_nano.a(libc_a-memcmp.o)
                0x000000000800c4ca                memcmp
 .text.memset   0x000000000800c4ea       0x10 C:/ST/STM32CubeIDE_1.14.1/STM32CubeIDE/plugins/com.st.stm32cube.ide.mcu.externaltools.gnu-tools-for-stm32.11.3.rel1.win32_1.1.100.202309141235/tools/bin/../lib/gcc/arm-none-eabi/11.3.1/../../../../arm-none-eabi/lib/thumb/v7e-m+fp/hard\libc_nano.a(libc_a-memset.o)
                0x000000000800c4ea                memset
 *fill*         0x000000000800c4fa        0x2 
 .text._close_r
                0x000000000800c4fc       0x20 C:/ST/STM32CubeIDE_1.14.1/STM32CubeIDE/plugins/com.st.stm32cube.ide.mcu.externaltools.gnu-tools-for-stm32.11.3.rel1.win32_1.1.100.202309141235/tools/bin/../lib/gcc/arm-none-eabi/11.3.1/../../../../arm-none-eabi/lib/thumb/v7e-m+fp/hard\libc_nano.a(libc_a-closer.o)
                0x000000000800c4fc                _close_r
 .text._reclaim_reent
                0x000000000800c51c       0xac C:/ST/STM32CubeIDE_1.14.1/STM32CubeIDE/plugins/com.st.stm32cube.ide.mcu.externaltools.gnu-tools-for-stm32.11.3.rel1.win32_1.1.100.202309141235/tools/bin/../lib/gcc/arm-none-eabi/11.3.1/../../../../arm-none-eabi/lib/thumb/v7e-m+fp/hard\libc_nano.a(libc_a-reent.o)
                0x000000000800c51c                _reclaim_reent
 .text._lseek_r
                0x000000000800c5c8       0x24 C:/ST/STM32CubeIDE_1.14.1/STM32CubeIDE/plugins/com.st.stm32cube.ide.mcu.externaltools.gnu-tools-for-stm32.11.3.rel1.win32_1.1.100.202309141235/tools/bin/../lib/gcc/arm-none-eabi/11.3.1/../../../../arm-none-eabi/lib/thumb/v7e-m+fp/hard\libc_nano.a(libc_a-lseekr.o)
                0x000000000800c5c8                _lseek_r
 .text._read_r  0x000000000800c5ec       0x24 C:/ST/STM32CubeIDE_1.14.1/STM32CubeIDE/plugins/com.st.stm32cube.ide.mcu.externaltools.gnu-tools-for-stm32.11.3.rel1.win32_1.1.100.202309141235/tools/bin/../lib/gcc/arm-none-eabi/11.3.1/../../../../arm-none-eabi/lib/thumb/v7e-m+fp/hard\libc_nano.a(libc_a-readr.o)
                0x000000000800c5ec                _read_r
 .text._write_r
                0x000000000800c610       0x24 C:/ST/STM32CubeIDE_1.14.1/STM32CubeIDE/plugins/com.st.stm32cube.ide.mcu.externaltools.gnu-tools-for-stm32.11.3.rel1.win32_1.1.100.202309141235/tools/bin/../lib/gcc/arm-none-eabi/11.3.1/../../../../arm-none-eabi/lib/thumb/v7e-m+fp/hard\libc_nano.a(libc_a-writer.o)
                0x000000000800c610                _write_r
 .text.__errno  0x000000000800c634        0xc C:/ST/STM32CubeIDE_1.14.1/STM32CubeIDE/plugins/com.st.stm32cube.ide.mcu.externaltools.gnu-tools-for-stm32.11.3.rel1.win32_1.1.100.202309141235/tools/bin/../lib/gcc/arm-none-eabi/11.3.1/../../../../arm-none-eabi/lib/thumb/v7e-m+fp/hard\libc_nano.a(libc_a-errno.o)
                0x000000000800c634                __errno
 .text.__libc_init_array
                0x000000000800c640       0x48 C:/ST/STM32CubeIDE_1.14.1/STM32CubeIDE/plugins/com.st.stm32cube.ide.mcu.externaltools.gnu-tools-for-stm32.11.3.rel1.win32_1.1.100.202309141235/tools/bin/../lib/gcc/arm-none-eabi/11.3.1/../../../../arm-none-eabi/lib/thumb/v7e-m+fp/hard\libc_nano.a(libc_a-init.o)
                0x000000000800c640                __libc_init_array
 .text.__retarget_lock_init_recursive
                0x000000000800c688        0x2 C:/ST/STM32CubeIDE_1.14.1/STM32CubeIDE/plugins/com.st.stm32cube.ide.mcu.externaltools.gnu-tools-for-stm32.11.3.rel1.win32_1.1.100.202309141235/tools/bin/../lib/gcc/arm-none-eabi/11.3.1/../../../../arm-none-eabi/lib/thumb/v7e-m+fp/hard\libc_nano.a(libc_a-lock.o)
                0x000000000800c688                __retarget_lock_init_recursive
 .text.__retarget_lock_acquire_recursive
                0x000000000800c68a        0x2 C:/ST/STM32CubeIDE_1.14.1/STM32CubeIDE/plugins/com.st.stm32cube.ide.mcu.externaltools.gnu-tools-for-stm32.11.3.rel1.win32_1.1.100.202309141235/tools/bin/../lib/gcc/arm-none-eabi/11.3.1/../../../../arm-none-eabi/lib/thumb/v7e-m+fp/hard\libc_nano.a(libc_a-lock.o)
                0x000000000800c68a                __retarget_lock_acquire_recursive
 .text.__retarget_lock_release_recursive
                0x000000000800c68c        0x2 C:/ST/STM32CubeIDE_1.14.1/STM32CubeIDE/plugins/com.st.stm32cube.ide.mcu.externaltools.gnu-tools-for-stm32.11.3.rel1.win32_1.1.100.202309141235/tools/bin/../lib/gcc/arm-none-eabi/11.3.1/../../../../arm-none-eabi/lib/thumb/v7e-m+fp/hard\libc_nano.a(libc_a-lock.o)
                0x000000000800c68c                __retarget_lock_release_recursive
 .text.memcpy   0x000000000800c68e       0x1c C:/ST/STM32CubeIDE_1.14.1/STM32CubeIDE/plugins/com.st.stm32cube.ide.mcu.externaltools.gnu-tools-for-stm32.11.3.rel1.win32_1.1.100.202309141235/tools/bin/../lib/gcc/arm-none-eabi/11.3.1/../../../../arm-none-eabi/lib/thumb/v7e-m+fp/hard\libc_nano.a(libc_a-memcpy-stub.o)
                0x000000000800c68e                memcpy
 .text.abort    0x000000000800c6aa        0xe C:/ST/STM32CubeIDE_1.14.1/STM32CubeIDE/plugins/com.st.stm32cube.ide.mcu.externaltools.gnu-tools-for-stm32.11.3.rel1.win32_1.1.100.202309141235/tools/bin/../lib/gcc/arm-none-eabi/11.3.1/../../../../arm-none-eabi/lib/thumb/v7e-m+fp/hard\libc_nano.a(libc_a-abort.o)
                0x000000000800c6aa                abort
 .text._free_r  0x000000000800c6b8       0x98 C:/ST/STM32CubeIDE_1.14.1/STM32CubeIDE/plugins/com.st.stm32cube.ide.mcu.externaltools.gnu-tools-for-stm32.11.3.rel1.win32_1.1.100.202309141235/tools/bin/../lib/gcc/arm-none-eabi/11.3.1/../../../../arm-none-eabi/lib/thumb/v7e-m+fp/hard\libc_nano.a(libc_a-freer.o)
                0x000000000800c6b8                _free_r
 .text.sbrk_aligned
                0x000000000800c750       0x40 C:/ST/STM32CubeIDE_1.14.1/STM32CubeIDE/plugins/com.st.stm32cube.ide.mcu.externaltools.gnu-tools-for-stm32.11.3.rel1.win32_1.1.100.202309141235/tools/bin/../lib/gcc/arm-none-eabi/11.3.1/../../../../arm-none-eabi/lib/thumb/v7e-m+fp/hard\libc_nano.a(libc_a-mallocr.o)
 .text._malloc_r
                0x000000000800c790      0x100 C:/ST/STM32CubeIDE_1.14.1/STM32CubeIDE/plugins/com.st.stm32cube.ide.mcu.externaltools.gnu-tools-for-stm32.11.3.rel1.win32_1.1.100.202309141235/tools/bin/../lib/gcc/arm-none-eabi/11.3.1/../../../../arm-none-eabi/lib/thumb/v7e-m+fp/hard\libc_nano.a(libc_a-mallocr.o)
                0x000000000800c790                _malloc_r
 .text.__malloc_lock
                0x000000000800c890        0xc C:/ST/STM32CubeIDE_1.14.1/STM32CubeIDE/plugins/com.st.stm32cube.ide.mcu.externaltools.gnu-tools-for-stm32.11.3.rel1.win32_1.1.100.202309141235/tools/bin/../lib/gcc/arm-none-eabi/11.3.1/../../../../arm-none-eabi/lib/thumb/v7e-m+fp/hard\libc_nano.a(libc_a-mlock.o)
                0x000000000800c890                __malloc_lock
 .text.__malloc_unlock
                0x000000000800c89c        0xc C:/ST/STM32CubeIDE_1.14.1/STM32CubeIDE/plugins/com.st.stm32cube.ide.mcu.externaltools.gnu-tools-for-stm32.11.3.rel1.win32_1.1.100.202309141235/tools/bin/../lib/gcc/arm-none-eabi/11.3.1/../../../../arm-none-eabi/lib/thumb/v7e-m+fp/hard\libc_nano.a(libc_a-mlock.o)
                0x000000000800c89c                __malloc_unlock
 .text.__sfputc_r
                0x000000000800c8a8       0x2e C:/ST/STM32CubeIDE_1.14.1/STM32CubeIDE/plugins/com.st.stm32cube.ide.mcu.externaltools.gnu-tools-for-stm32.11.3.rel1.win32_1.1.100.202309141235/tools/bin/../lib/gcc/arm-none-eabi/11.3.1/../../../../arm-none-eabi/lib/thumb/v7e-m+fp/hard\libc_nano.a(libc_a-nano-vfprintf.o)
 .text.__sfputs_r
                0x000000000800c8d6       0x24 C:/ST/STM32CubeIDE_1.14.1/STM32CubeIDE/plugins/com.st.stm32cube.ide.mcu.externaltools.gnu-tools-for-stm32.11.3.rel1.win32_1.1.100.202309141235/tools/bin/../lib/gcc/arm-none-eabi/11.3.1/../../../../arm-none-eabi/lib/thumb/v7e-m+fp/hard\libc_nano.a(libc_a-nano-vfprintf.o)
                0x000000000800c8d6                __sfputs_r
 *fill*         0x000000000800c8fa        0x2 
 .text._vfprintf_r
                0x000000000800c8fc      0x234 C:/ST/STM32CubeIDE_1.14.1/STM32CubeIDE/plugins/com.st.stm32cube.ide.mcu.externaltools.gnu-tools-for-stm32.11.3.rel1.win32_1.1.100.202309141235/tools/bin/../lib/gcc/arm-none-eabi/11.3.1/../../../../arm-none-eabi/lib/thumb/v7e-m+fp/hard\libc_nano.a(libc_a-nano-vfprintf.o)
                0x000000000800c8fc                _vfprintf_r
                0x000000000800c8fc                _vfiprintf_r
 .text._printf_common
                0x000000000800cb30       0xda C:/ST/STM32CubeIDE_1.14.1/STM32CubeIDE/plugins/com.st.stm32cube.ide.mcu.externaltools.gnu-tools-for-stm32.11.3.rel1.win32_1.1.100.202309141235/tools/bin/../lib/gcc/arm-none-eabi/11.3.1/../../../../arm-none-eabi/lib/thumb/v7e-m+fp/hard\libc_nano.a(libc_a-nano-vfprintf_i.o)
                0x000000000800cb30                _printf_common
 *fill*         0x000000000800cc0a        0x2 
 .text._printf_i
                0x000000000800cc0c      0x244 C:/ST/STM32CubeIDE_1.14.1/STM32CubeIDE/plugins/com.st.stm32cube.ide.mcu.externaltools.gnu-tools-for-stm32.11.3.rel1.win32_1.1.100.202309141235/tools/bin/../lib/gcc/arm-none-eabi/11.3.1/../../../../arm-none-eabi/lib/thumb/v7e-m+fp/hard\libc_nano.a(libc_a-nano-vfprintf_i.o)
                0x000000000800cc0c                _printf_i
 .text.__sflush_r
                0x000000000800ce50      0x10c C:/ST/STM32CubeIDE_1.14.1/STM32CubeIDE/plugins/com.st.stm32cube.ide.mcu.externaltools.gnu-tools-for-stm32.11.3.rel1.win32_1.1.100.202309141235/tools/bin/../lib/gcc/arm-none-eabi/11.3.1/../../../../arm-none-eabi/lib/thumb/v7e-m+fp/hard\libc_nano.a(libc_a-fflush.o)
                0x000000000800ce50                __sflush_r
 .text._fflush_r
                0x000000000800cf5c       0x50 C:/ST/STM32CubeIDE_1.14.1/STM32CubeIDE/plugins/com.st.stm32cube.ide.mcu.externaltools.gnu-tools-for-stm32.11.3.rel1.win32_1.1.100.202309141235/tools/bin/../lib/gcc/arm-none-eabi/11.3.1/../../../../arm-none-eabi/lib/thumb/v7e-m+fp/hard\libc_nano.a(libc_a-fflush.o)
                0x000000000800cf5c                _fflush_r
 .text.__swbuf_r
                0x000000000800cfac       0x7a C:/ST/STM32CubeIDE_1.14.1/STM32CubeIDE/plugins/com.st.stm32cube.ide.mcu.externaltools.gnu-tools-for-stm32.11.3.rel1.win32_1.1.100.202309141235/tools/bin/../lib/gcc/arm-none-eabi/11.3.1/../../../../arm-none-eabi/lib/thumb/v7e-m+fp/hard\libc_nano.a(libc_a-wbuf.o)
                0x000000000800cfac                __swbuf_r
 *fill*         0x000000000800d026        0x2 
 .text.__swsetup_r
                0x000000000800d028       0xb0 C:/ST/STM32CubeIDE_1.14.1/STM32CubeIDE/plugins/com.st.stm32cube.ide.mcu.externaltools.gnu-tools-for-stm32.11.3.rel1.win32_1.1.100.202309141235/tools/bin/../lib/gcc/arm-none-eabi/11.3.1/../../../../arm-none-eabi/lib/thumb/v7e-m+fp/hard\libc_nano.a(libc_a-wsetup.o)
                0x000000000800d028                __swsetup_r
 .text._raise_r
                0x000000000800d0d8       0x50 C:/ST/STM32CubeIDE_1.14.1/STM32CubeIDE/plugins/com.st.stm32cube.ide.mcu.externaltools.gnu-tools-for-stm32.11.3.rel1.win32_1.1.100.202309141235/tools/bin/../lib/gcc/arm-none-eabi/11.3.1/../../../../arm-none-eabi/lib/thumb/v7e-m+fp/hard\libc_nano.a(libc_a-signal.o)
                0x000000000800d0d8                _raise_r
 .text.raise    0x000000000800d128       0x10 C:/ST/STM32CubeIDE_1.14.1/STM32CubeIDE/plugins/com.st.stm32cube.ide.mcu.externaltools.gnu-tools-for-stm32.11.3.rel1.win32_1.1.100.202309141235/tools/bin/../lib/gcc/arm-none-eabi/11.3.1/../../../../arm-none-eabi/lib/thumb/v7e-m+fp/hard\libc_nano.a(libc_a-signal.o)
                0x000000000800d128                raise
 .text._kill_r  0x000000000800d138       0x24 C:/ST/STM32CubeIDE_1.14.1/STM32CubeIDE/plugins/com.st.stm32cube.ide.mcu.externaltools.gnu-tools-for-stm32.11.3.rel1.win32_1.1.100.202309141235/tools/bin/../lib/gcc/arm-none-eabi/11.3.1/../../../../arm-none-eabi/lib/thumb/v7e-m+fp/hard\libc_nano.a(libc_a-signalr.o)
                0x000000000800d138                _kill_r
 .text._getpid_r
                0x000000000800d15c        0x4 C:/ST/STM32CubeIDE_1.14.1/STM32CubeIDE/plugins/com.st.stm32cube.ide.mcu.externaltools.gnu-tools-for-stm32.11.3.rel1.win32_1.1.100.202309141235/tools/bin/../lib/gcc/arm-none-eabi/11.3.1/../../../../arm-none-eabi/lib/thumb/v7e-m+fp/hard\libc_nano.a(libc_a-signalr.o)
                0x000000000800d15c                _getpid_r
 .text._sbrk_r  0x000000000800d160       0x20 C:/ST/STM32CubeIDE_1.14.1/STM32CubeIDE/plugins/com.st.stm32cube.ide.mcu.externaltools.gnu-tools-for-stm32.11.3.rel1.win32_1.1.100.202309141235/tools/bin/../lib/gcc/arm-none-eabi/11.3.1/../../../../arm-none-eabi/lib/thumb/v7e-m+fp/hard\libc_nano.a(libc_a-sbrkr.o)
                0x000000000800d160                _sbrk_r
 .text.__swhatbuf_r
                0x000000000800d180       0x4c C:/ST/STM32CubeIDE_1.14.1/STM32CubeIDE/plugins/com.st.stm32cube.ide.mcu.externaltools.gnu-tools-for-stm32.11.3.rel1.win32_1.1.100.202309141235/tools/bin/../lib/gcc/arm-none-eabi/11.3.1/../../../../arm-none-eabi/lib/thumb/v7e-m+fp/hard\libc_nano.a(libc_a-makebuf.o)
                0x000000000800d180                __swhatbuf_r
 .text.__smakebuf_r
                0x000000000800d1cc       0x78 C:/ST/STM32CubeIDE_1.14.1/STM32CubeIDE/plugins/com.st.stm32cube.ide.mcu.externaltools.gnu-tools-for-stm32.11.3.rel1.win32_1.1.100.202309141235/tools/bin/../lib/gcc/arm-none-eabi/11.3.1/../../../../arm-none-eabi/lib/thumb/v7e-m+fp/hard\libc_nano.a(libc_a-makebuf.o)
                0x000000000800d1cc                __smakebuf_r
 .text._fstat_r
                0x000000000800d244       0x24 C:/ST/STM32CubeIDE_1.14.1/STM32CubeIDE/plugins/com.st.stm32cube.ide.mcu.externaltools.gnu-tools-for-stm32.11.3.rel1.win32_1.1.100.202309141235/tools/bin/../lib/gcc/arm-none-eabi/11.3.1/../../../../arm-none-eabi/lib/thumb/v7e-m+fp/hard\libc_nano.a(libc_a-fstatr.o)
                0x000000000800d244                _fstat_r
 .text._isatty_r
                0x000000000800d268       0x20 C:/ST/STM32CubeIDE_1.14.1/STM32CubeIDE/plugins/com.st.stm32cube.ide.mcu.externaltools.gnu-tools-for-stm32.11.3.rel1.win32_1.1.100.202309141235/tools/bin/../lib/gcc/arm-none-eabi/11.3.1/../../../../arm-none-eabi/lib/thumb/v7e-m+fp/hard\libc_nano.a(libc_a-isattyr.o)
                0x000000000800d268                _isatty_r
 *(.glue_7)
 .glue_7        0x000000000800d288        0x0 linker stubs
 *(.glue_7t)
 .glue_7t       0x000000000800d288        0x0 linker stubs
 *(.eh_frame)
 .eh_frame      0x000000000800d288        0x0 C:/ST/STM32CubeIDE_1.14.1/STM32CubeIDE/plugins/com.st.stm32cube.ide.mcu.externaltools.gnu-tools-for-stm32.11.3.rel1.win32_1.1.100.202309141235/tools/bin/../lib/gcc/arm-none-eabi/11.3.1/thumb/v7e-m+fp/hard/crtbegin.o
 *(.init)
 .init          0x000000000800d288        0x4 C:/ST/STM32CubeIDE_1.14.1/STM32CubeIDE/plugins/com.st.stm32cube.ide.mcu.externaltools.gnu-tools-for-stm32.11.3.rel1.win32_1.1.100.202309141235/tools/bin/../lib/gcc/arm-none-eabi/11.3.1/thumb/v7e-m+fp/hard/crti.o
                0x000000000800d288                _init
 .init          0x000000000800d28c        0x8 C:/ST/STM32CubeIDE_1.14.1/STM32CubeIDE/plugins/com.st.stm32cube.ide.mcu.externaltools.gnu-tools-for-stm32.11.3.rel1.win32_1.1.100.202309141235/tools/bin/../lib/gcc/arm-none-eabi/11.3.1/thumb/v7e-m+fp/hard/crtn.o
 *(.fini)
 .fini          0x000000000800d294        0x4 C:/ST/STM32CubeIDE_1.14.1/STM32CubeIDE/plugins/com.st.stm32cube.ide.mcu.externaltools.gnu-tools-for-stm32.11.3.rel1.win32_1.1.100.202309141235/tools/bin/../lib/gcc/arm-none-eabi/11.3.1/thumb/v7e-m+fp/hard/crti.o
                0x000000000800d294                _fini
 .fini          0x000000000800d298        0x8 C:/ST/STM32CubeIDE_1.14.1/STM32CubeIDE/plugins/com.st.stm32cube.ide.mcu.externaltools.gnu-tools-for-stm32.11.3.rel1.win32_1.1.100.202309141235/tools/bin/../lib/gcc/arm-none-eabi/11.3.1/thumb/v7e-m+fp/hard/crtn.o
                0x000000000800d2a0                . = ALIGN (0x4)
                0x000000000800d2a0                _etext = .

.vfp11_veneer   0x000000000800d2a0        0x0
 .vfp11_veneer  0x000000000800d2a0        0x0 linker stubs

.v4_bx          0x000000000800d2a0        0x0
 .v4_bx         0x000000000800d2a0        0x0 linker stubs

.iplt           0x000000000800d2a0        0x0
 .iplt          0x000000000800d2a0        0x0 C:/ST/STM32CubeIDE_1.14.1/STM32CubeIDE/plugins/com.st.stm32cube.ide.mcu.externaltools.gnu-tools-for-stm32.11.3.rel1.win32_1.1.100.202309141235/tools/bin/../lib/gcc/arm-none-eabi/11.3.1/thumb/v7e-m+fp/hard/crtbegin.o

.rodata         0x000000000800d2a0     0x19d4
                0x000000000800d2a0                . = ALIGN (0x4)
 *(.rodata)
 .rodata        0x000000000800d2a0      0x41c ./Core/Src/app.o
 .rodata        0x000000000800d6bc        0xc ./Core/Src/main.o
 .rodata        0x000000000800d6c8        0x5 ./Middlewares/Third_Party/FreeRTOS/Source/tasks.o
 *fill*         0x000000000800d6cd        0x3 
 .rodata        0x000000000800d6d0        0xd ./Middlewares/Third_Party/FreeRTOS/Source/timers.o
 *fill*         0x000000000800d6dd        0x3 
 .rodata        0x000000000800d6e0       0x17 ./Middlewares/Third_Party/SystemView/SEGGER/SEGGER_RTT.o
 *fill*         0x000000000800d6f7        0x1 
 .rodata        0x000000000800d6f8        0x8 ./Middlewares/Third_Party/SystemView/SEGGER/SEGGER_SYSVIEW.o
 .rodata        0x000000000800d700       0x33 ./Middlewares/Third_Party/SystemView/Sample/FreeRTOS/Config/SEGGER_SYSVIEW_Config_FreeRTOS.o
 *fill*         0x000000000800d733        0x1 
 .rodata        0x000000000800d734       0x58 ./Middlewares/Third_Party/SystemView/Sample/FreeRTOS/SEGGER_SYSVIEW_FreeRTOS.o
 *(.rodata*)
 .rodata.speedSetpointTaskAttr
                0x000000000800d78c       0x24 ./Core/Src/app.o
 .rodata.vehicleDirectionTaskAttr
                0x000000000800d7b0       0x24 ./Core/Src/app.o
 .rodata.vehicleMonitorTaskAttr
                0x000000000800d7d4       0x24 ./Core/Src/app.o
 .rodata.ledOutputTaskAttr
                0x000000000800d7f8       0x24 ./Core/Src/app.o
 .rodata.lcdDisplayTaskAttr
                0x000000000800d81c       0x24 ./Core/Src/app.o
 .rodata.holdButtonTimerAttr
                0x000000000800d840       0x10 ./Core/Src/app.o
 .rodata.vehicleDirWakeupTimerAttr
                0x000000000800d850       0x10 ./Core/Src/app.o
 .rodata.lcdDisplayWakeupTimerAttr
                0x000000000800d860       0x10 ./Core/Src/app.o
 .rodata.directionAlertTimerAttr
                0x000000000800d870       0x10 ./Core/Src/app.o
 .rodata.buttonStateSemaphorAttr
                0x000000000800d880       0x10 ./Core/Src/app.o
 .rodata.vehicleDirSemaphoreAttr
                0x000000000800d890       0x10 ./Core/Src/app.o
 .rodata.lcdDisplaySemaphoreAttr
                0x000000000800d8a0       0x10 ./Core/Src/app.o